ARM Linker, 5.03 [Build 76] [MDK-ARM Standard]

==============================================================================

Section Cross References

    main.o(.text) refers to stm32f4_discovery.o(.text) for STM_EVAL_LEDToggle
    main.o(.text) refers to tasks.o(.text) for vTaskDelay
    main.o(.text) refers to stm32f4_discovery_lcd.o(.text) for STM32f4_Discovery_LCD_Init
    main.o(.text) refers to stm32f4x7_eth_bsp.o(.text) for ETH_BSP_Config
    main.o(.text) refers to netconf.o(.text) for LwIP_Init
    main.o(.text) refers to httpserver-netconn.o(.text) for http_server_netconn_init
    system_stm32f4xx.o(.text) refers to system_stm32f4xx.o(.data) for .data
    stm32f4xx_it.o(.text) refers to port.o(.text) for xPortSysTickHandler
    stm32f4xx_it.o(.text) refers to stm32f4x7_eth.o(.text) for ETH_GetDMAFlagStatus
    stm32f4xx_it.o(.text) refers to queue.o(.text) for xQueueGenericSendFromISR
    stm32f4xx_it.o(.text) refers to ethernetif.o(.data) for s_xSemaphore
    netconf.o(.text) refers to tcpip.o(.text) for tcpip_init
    netconf.o(.text) refers to inet.o(.text) for htonl
    netconf.o(.text) refers to printf3.o(i.__0sprintf$3) for __2sprintf
    netconf.o(.text) refers to stm32f4_discovery_lcd.o(.text) for LCD_GetFont
    netconf.o(.text) refers to netif.o(.text) for netif_add
    netconf.o(.text) refers to ethernetif.o(.text) for ethernetif_init
    netconf.o(.text) refers to netconf.o(.bss) for .bss
    stm32f4x7_eth_bsp.o(.text) refers to stm32f4xx_rcc.o(.text) for RCC_AHB1PeriphClockCmd
    stm32f4x7_eth_bsp.o(.text) refers to stm32f4x7_eth.o(.text) for ETH_DeInit
    stm32f4x7_eth_bsp.o(.text) refers to misc.o(.text) for NVIC_PriorityGroupConfig
    stm32f4x7_eth_bsp.o(.text) refers to stm32f4xx_syscfg.o(.text) for SYSCFG_ETH_MediaInterfaceConfig
    stm32f4x7_eth_bsp.o(.text) refers to stm32f4xx_gpio.o(.text) for GPIO_Init
    stm32f4x7_eth_bsp.o(.text) refers to stm32f4_discovery_lcd.o(.text) for LCD_SetTextColor
    stm32f4x7_eth_bsp.o(.text) refers to stm32f4x7_eth_bsp.o(.data) for .data
    fs.o(.text) refers to strcmp.o(.text) for strcmp
    fs.o(.text) refers to memcpya.o(.text) for __aeabi_memcpy
    fs.o(.text) refers to fs.o(.bss) for .bss
    fs.o(.text) refers to fs.o(.constdata) for .constdata
    fs.o(.constdata) refers to fs.o(.constdata) for data__STM32F4x7_files_logo_jpg
    fs.o(.constdata) refers to fs.o(.constdata) for file__STM32F4x7_files_logo_jpg
    fs.o(.constdata) refers to fs.o(.constdata) for data__STM32F4x7_files_ST_gif
    fs.o(.constdata) refers to fs.o(.constdata) for file__STM32F4x7_files_ST_gif
    fs.o(.constdata) refers to fs.o(.constdata) for data__STM32F4x7_files_stm32_jpg
    fs.o(.constdata) refers to fs.o(.constdata) for file__STM32F4x7_files_stm32_jpg
    fs.o(.constdata) refers to fs.o(.constdata) for data__404_html
    fs.o(.constdata) refers to fs.o(.constdata) for file__404_html
    fs.o(.constdata) refers to fs.o(.constdata) for data__STM32F4x7_html
    httpserver-netconn.o(.text) refers to memseta.o(.text) for __aeabi_memclr4
    httpserver-netconn.o(.text) refers to printf3.o(i.__0sprintf$3) for __2sprintf
    httpserver-netconn.o(.text) refers to strcat.o(.text) for strcat
    httpserver-netconn.o(.text) refers to strlen.o(.text) for strlen
    httpserver-netconn.o(.text) refers to tasks.o(.text) for vTaskList
    httpserver-netconn.o(.text) refers to api_lib.o(.text) for netconn_write
    httpserver-netconn.o(.text) refers to netbuf.o(.text) for netbuf_data
    httpserver-netconn.o(.text) refers to strncmp.o(.text) for strncmp
    httpserver-netconn.o(.text) refers to fs.o(.text) for fs_open
    httpserver-netconn.o(.text) refers to printf3.o(i.__0printf$3) for __2printf
    httpserver-netconn.o(.text) refers to sys_arch.o(.text) for sys_thread_new
    httpserver-netconn.o(.text) refers to httpserver-netconn.o(.data) for .data
    httpserver-netconn.o(.text) refers to httpserver-netconn.o(.constdata) for .constdata
    stm32f4_discovery_lcd.o(.text) refers to stm32f4xx_fsmc.o(.text) for FSMC_NORSRAMCmd
    stm32f4_discovery_lcd.o(.text) refers to stm32f4xx_gpio.o(.text) for GPIO_Init
    stm32f4_discovery_lcd.o(.text) refers to stm32f4xx_rcc.o(.text) for RCC_AHB1PeriphClockCmd
    stm32f4_discovery_lcd.o(.text) refers to stm32f4_discovery_lcd.o(.data) for .data
    stm32f4_discovery_lcd.o(.text) refers to dfltui.o(.text) for __aeabi_ui2d
    stm32f4_discovery_lcd.o(.text) refers to dflti.o(.text) for __aeabi_i2d
    stm32f4_discovery_lcd.o(.text) refers to cdcmple.o(.text) for __aeabi_cdcmple
    stm32f4_discovery_lcd.o(.text) refers to cdrcmple.o(.text) for __aeabi_cdrcmple
    stm32f4_discovery_lcd.o(.data) refers to stm32f4_discovery_lcd.o(.constdata) for ASCII16x24_Table
    stm32f4_discovery_lcd.o(.data) refers to stm32f4_discovery_lcd.o(.constdata) for ASCII12x12_Table
[...]
    LCD_DrawLine                             0x080013ef   Thumb Code    84  stm32f4_discovery_lcd.o(.text)
    LCD_DisplayStringLine                    0x0800145d   Thumb Code    50  stm32f4_discovery_lcd.o(.text)
    LCD_SetDisplayWindow                     0x0800148f   Thumb Code    78  stm32f4_discovery_lcd.o(.text)
    LCD_WindowModeDisable                    0x080014dd   Thumb Code     2  stm32f4_discovery_lcd.o(.text)
    LCD_DrawRect                             0x080014df   Thumb Code    80  stm32f4_discovery_lcd.o(.text)
    LCD_DrawCircle                           0x0800152f   Thumb Code   262  stm32f4_discovery_lcd.o(.text)
    LCD_DrawMonoPict                         0x08001635   Thumb Code    70  stm32f4_discovery_lcd.o(.text)
    LCD_WriteBMP                             0x0800167b   Thumb Code     2  stm32f4_discovery_lcd.o(.text)
    LCD_DrawFullRect                         0x0800167d   Thumb Code   132  stm32f4_discovery_lcd.o(.text)
    LCD_DrawFullCircle                       0x08001701   Thumb Code   168  stm32f4_discovery_lcd.o(.text)
    LCD_DrawUniLine                          0x080017a9   Thumb Code   184  stm32f4_discovery_lcd.o(.text)
    LCD_PolyLine                             0x08001861   Thumb Code    40  stm32f4_discovery_lcd.o(.text)
    LCD_ClosedPolyLine                       0x080018e9   Thumb Code    34  stm32f4_discovery_lcd.o(.text)
    LCD_PolyLineRelative                     0x0800190b   Thumb Code     4  stm32f4_discovery_lcd.o(.text)
    LCD_ClosedPolyLineRelative               0x0800190f   Thumb Code     4  stm32f4_discovery_lcd.o(.text)
    LCD_FillPolyLine                         0x08001913   Thumb Code   458  stm32f4_discovery_lcd.o(.text)
    STM_EVAL_LEDInit                         0x08001ae1   Thumb Code    62  stm32f4_discovery.o(.text)
    STM_EVAL_LEDOn                           0x08001b1f   Thumb Code    18  stm32f4_discovery.o(.text)
    STM_EVAL_LEDOff                          0x08001b31   Thumb Code    18  stm32f4_discovery.o(.text)
    STM_EVAL_LEDToggle                       0x08001b43   Thumb Code    22  stm32f4_discovery.o(.text)
    STM_EVAL_PBInit                          0x08001b59   Thumb Code   148  stm32f4_discovery.o(.text)
    STM_EVAL_PBGetState                      0x08001bed   Thumb Code    20  stm32f4_discovery.o(.text)
    STM_EVAL_COMInit                         0x08001c01   Thumb Code   192  stm32f4_discovery.o(.text)
    SD_LowLevel_DeInit                       0x08001cc1   Thumb Code   142  stm32f4_discovery.o(.text)
    SD_LowLevel_Init                         0x08001d4f   Thumb Code   178  stm32f4_discovery.o(.text)
    SD_LowLevel_DMA_TxConfig                 0x08001e01   Thumb Code   128  stm32f4_discovery.o(.text)
    SD_LowLevel_DMA_RxConfig                 0x08001e81   Thumb Code   156  stm32f4_discovery.o(.text)
    EXTI_DeInit                              0x08001f1d   Thumb Code    28  stm32f4xx_exti.o(.text)
    EXTI_Init                                0x08001f39   Thumb Code   110  stm32f4xx_exti.o(.text)
    EXTI_StructInit                          0x08001fa7   Thumb Code    14  stm32f4xx_exti.o(.text)
    EXTI_GenerateSWInterrupt                 0x08001fb5   Thumb Code    12  stm32f4xx_exti.o(.text)
    EXTI_GetFlagStatus                       0x08001fc1   Thumb Code    18  stm32f4xx_exti.o(.text)
    EXTI_ClearFlag                           0x08001fd3   Thumb Code     8  stm32f4xx_exti.o(.text)
    EXTI_GetITStatus                         0x08001fdb   Thumb Code    28  stm32f4xx_exti.o(.text)
    EXTI_ClearITPendingBit                   0x08001ff7   Thumb Code     8  stm32f4xx_exti.o(.text)
    FSMC_NORSRAMDeInit                       0x08002009   Thumb Code    42  stm32f4xx_fsmc.o(.text)
    FSMC_NORSRAMInit                         0x08002033   Thumb Code   192  stm32f4xx_fsmc.o(.text)
    FSMC_NORSRAMStructInit                   0x080020f3   Thumb Code    98  stm32f4xx_fsmc.o(.text)
    FSMC_NORSRAMCmd                          0x08002155   Thumb Code    32  stm32f4xx_fsmc.o(.text)
    FSMC_NANDDeInit                          0x08002175   Thumb Code    40  stm32f4xx_fsmc.o(.text)
    FSMC_NANDInit                            0x0800219d   Thumb Code   104  stm32f4xx_fsmc.o(.text)
    FSMC_NANDStructInit                      0x08002205   Thumb Code    54  stm32f4xx_fsmc.o(.text)
    FSMC_NANDCmd                             0x0800223b   Thumb Code    60  stm32f4xx_fsmc.o(.text)
    FSMC_NANDECCCmd                          0x08002277   Thumb Code    60  stm32f4xx_fsmc.o(.text)
    FSMC_GetECC                              0x080022b3   Thumb Code    18  stm32f4xx_fsmc.o(.text)
    FSMC_PCCARDDeInit                        0x080022c5   Thumb Code    22  stm32f4xx_fsmc.o(.text)
    FSMC_PCCARDInit                          0x080022db   Thumb Code   110  stm32f4xx_fsmc.o(.text)
    FSMC_PCCARDStructInit                    0x08002349   Thumb Code    60  stm32f4xx_fsmc.o(.text)
    FSMC_PCCARDCmd                           0x08002385   Thumb Code    34  stm32f4xx_fsmc.o(.text)
    FSMC_ITConfig                            0x080023a7   Thumb Code    86  stm32f4xx_fsmc.o(.text)
    FSMC_GetFlagStatus                       0x080023fd   Thumb Code    40  stm32f4xx_fsmc.o(.text)
    FSMC_ClearFlag                           0x08002425   Thumb Code    42  stm32f4xx_fsmc.o(.text)
    FSMC_GetITStatus                         0x0800244f   Thumb Code    52  stm32f4xx_fsmc.o(.text)
    FSMC_ClearITPendingBit                   0x08002483   Thumb Code    48  stm32f4xx_fsmc.o(.text)
    GPIO_DeInit                              0x080024bd   Thumb Code   240  stm32f4xx_gpio.o(.text)
    GPIO_Init                                0x080025ad   Thumb Code   124  stm32f4xx_gpio.o(.text)
    GPIO_StructInit                          0x08002629   Thumb Code    18  stm32f4xx_gpio.o(.text)
    GPIO_PinLockConfig                       0x0800263b   Thumb Code    26  stm32f4xx_gpio.o(.text)
    GPIO_ReadInputDataBit                    0x08002655   Thumb Code    14  stm32f4xx_gpio.o(.text)
    GPIO_ReadInputData                       0x08002663   Thumb Code     6  stm32f4xx_gpio.o(.text)
    GPIO_ReadOutputDataBit                   0x08002669   Thumb Code    14  stm32f4xx_gpio.o(.text)
    GPIO_ReadOutputData                      0x08002677   Thumb Code     6  stm32f4xx_gpio.o(.text)
    GPIO_SetBits                             0x0800267d   Thumb Code     4  stm32f4xx_gpio.o(.text)
    GPIO_ResetBits                           0x08002681   Thumb Code     4  stm32f4xx_gpio.o(.text)
    GPIO_WriteBit                            0x08002685   Thumb Code    12  stm32f4xx_gpio.o(.text)
    GPIO_Write                               0x08002691   Thumb Code     4  stm32f4xx_gpio.o(.text)
    GPIO_ToggleBits                          0x08002695   Thumb Code     8  stm32f4xx_gpio.o(.text)
    GPIO_PinAFConfig                         0x0800269d   Thumb Code    32  stm32f4xx_gpio.o(.text)
    RCC_DeInit                               0x080026e1   Thumb Code    48  stm32f4xx_rcc.o(.text)
    RCC_HSEConfig                            0x08002711   Thumb Code    12  stm32f4xx_rcc.o(.text)
    RCC_GetFlagStatus                        0x0800271d   Thumb Code    50  stm32f4xx_rcc.o(.text)
    RCC_WaitForHSEStartUp                    0x0800274f   Thumb Code    48  stm32f4xx_rcc.o(.text)
    RCC_AdjustHSICalibrationValue            0x0800277f   Thumb Code    16  stm32f4xx_rcc.o(.text)
    RCC_HSICmd                               0x0800278f   Thumb Code     6  stm32f4xx_rcc.o(.text)
    RCC_LSEConfig                            0x08002795   Thumb Code    30  stm32f4xx_rcc.o(.text)
    RCC_LSICmd                               0x080027b3   Thumb Code     6  stm32f4xx_rcc.o(.text)
    RCC_PLLConfig                            0x080027b9   Thumb Code    34  stm32f4xx_rcc.o(.text)
    RCC_PLLCmd                               0x080027db   Thumb Code     6  stm32f4xx_rcc.o(.text)
    RCC_PLLI2SConfig                         0x080027e1   Thumb Code    14  stm32f4xx_rcc.o(.text)
    RCC_PLLI2SCmd                            0x080027ef   Thumb Code     6  stm32f4xx_rcc.o(.text)
    RCC_ClockSecuritySystemCmd               0x080027f5   Thumb Code     6  stm32f4xx_rcc.o(.text)
    RCC_MCO1Config                           0x080027fb   Thumb Code    18  stm32f4xx_rcc.o(.text)
    RCC_MCO2Config                           0x0800280d   Thumb Code    18  stm32f4xx_rcc.o(.text)
    RCC_SYSCLKConfig                         0x0800281f   Thumb Code    16  stm32f4xx_rcc.o(.text)
    RCC_GetSYSCLKSource                      0x0800282f   Thumb Code    12  stm32f4xx_rcc.o(.text)
    RCC_HCLKConfig                           0x0800283b   Thumb Code    16  stm32f4xx_rcc.o(.text)
    RCC_PCLK1Config                          0x0800284b   Thumb Code    16  stm32f4xx_rcc.o(.text)
    RCC_PCLK2Config                          0x0800285b   Thumb Code    18  stm32f4xx_rcc.o(.text)
    RCC_GetClocksFreq                        0x0800286d   Thumb Code   150  stm32f4xx_rcc.o(.text)
    RCC_RTCCLKConfig                         0x08002903   Thumb Code    42  stm32f4xx_rcc.o(.text)
    RCC_RTCCLKCmd                            0x0800292d   Thumb Code     8  stm32f4xx_rcc.o(.text)
    RCC_BackupResetCmd                       0x08002935   Thumb Code     8  stm32f4xx_rcc.o(.text)
    RCC_I2SCLKConfig                         0x0800293d   Thumb Code     6  stm32f4xx_rcc.o(.text)
    RCC_AHB1PeriphClockCmd                   0x08002943   Thumb Code    24  stm32f4xx_rcc.o(.text)
    RCC_AHB2PeriphClockCmd                   0x0800295b   Thumb Code    24  stm32f4xx_rcc.o(.text)
    RCC_AHB3PeriphClockCmd                   0x08002973   Thumb Code    24  stm32f4xx_rcc.o(.text)
    RCC_APB1PeriphClockCmd                   0x0800298b   Thumb Code    24  stm32f4xx_rcc.o(.text)
    RCC_APB2PeriphClockCmd                   0x080029a3   Thumb Code    24  stm32f4xx_rcc.o(.text)
    RCC_AHB1PeriphResetCmd                   0x080029bb   Thumb Code    24  stm32f4xx_rcc.o(.text)
    RCC_AHB2PeriphResetCmd                   0x080029d3   Thumb Code    24  stm32f4xx_rcc.o(.text)
    RCC_AHB3PeriphResetCmd                   0x080029eb   Thumb Code    24  stm32f4xx_rcc.o(.text)
    RCC_APB1PeriphResetCmd                   0x08002a03   Thumb Code    24  stm32f4xx_rcc.o(.text)
    RCC_APB2PeriphResetCmd                   0x08002a1b   Thumb Code    24  stm32f4xx_rcc.o(.text)
    RCC_AHB1PeriphClockLPModeCmd             0x08002a33   Thumb Code    24  stm32f4xx_rcc.o(.text)
    RCC_AHB2PeriphClockLPModeCmd             0x08002a4b   Thumb Code    24  stm32f4xx_rcc.o(.text)
    RCC_AHB3PeriphClockLPModeCmd             0x08002a63   Thumb Code    24  stm32f4xx_rcc.o(.text)
    RCC_APB1PeriphClockLPModeCmd             0x08002a7b   Thumb Code    24  stm32f4xx_rcc.o(.text)
    RCC_APB2PeriphClockLPModeCmd             0x08002a93   Thumb Code    24  stm32f4xx_rcc.o(.text)
    RCC_ITConfig                             0x08002aab   Thumb Code    62  stm32f4xx_rcc.o(.text)
    RCC_ClearFlag                            0x08002ae9   Thumb Code    12  stm32f4xx_rcc.o(.text)
    RCC_GetITStatus                          0x08002af5   Thumb Code    18  stm32f4xx_rcc.o(.text)
    RCC_ClearITPendingBit                    0x08002b07   Thumb Code     8  stm32f4xx_rcc.o(.text)
    SDIO_DeInit                              0x08002b15   Thumb Code    24  stm32f4xx_sdio.o(.text)
    SDIO_Init                                0x08002b2d   Thumb Code    40  stm32f4xx_sdio.o(.text)
    SDIO_StructInit                          0x08002b55   Thumb Code    16  stm32f4xx_sdio.o(.text)
    SDIO_ClockCmd                            0x08002b65   Thumb Code     6  stm32f4xx_sdio.o(.text)
    SDIO_SetPowerState                       0x08002b6b   Thumb Code     8  stm32f4xx_sdio.o(.text)
    SDIO_GetPowerState                       0x08002b73   Thumb Code    12  stm32f4xx_sdio.o(.text)
    SDIO_SendCommand                         0x08002b7f   Thumb Code    38  stm32f4xx_sdio.o(.text)
    SDIO_CmdStructInit                       0x08002ba5   Thumb Code    14  stm32f4xx_sdio.o(.text)
    SDIO_GetCommandResponse                  0x08002bb3   Thumb Code    10  stm32f4xx_sdio.o(.text)
    SDIO_GetResponse                         0x08002bbd   Thumb Code    16  stm32f4xx_sdio.o(.text)
    SDIO_DataConfig                          0x08002bcd   Thumb Code    44  stm32f4xx_sdio.o(.text)
    SDIO_DataStructInit                      0x08002bf9   Thumb Code    20  stm32f4xx_sdio.o(.text)
    SDIO_GetDataCounter                      0x08002c0d   Thumb Code     8  stm32f4xx_sdio.o(.text)
    SDIO_ReadData                            0x08002c15   Thumb Code     8  stm32f4xx_sdio.o(.text)
    SDIO_WriteData                           0x08002c1d   Thumb Code     8  stm32f4xx_sdio.o(.text)
    SDIO_GetFIFOCount                        0x08002c25   Thumb Code     8  stm32f4xx_sdio.o(.text)
    SDIO_StartSDIOReadWait                   0x08002c2d   Thumb Code     6  stm32f4xx_sdio.o(.text)
    SDIO_StopSDIOReadWait                    0x08002c33   Thumb Code     8  stm32f4xx_sdio.o(.text)
    SDIO_SetSDIOReadWaitMode                 0x08002c3b   Thumb Code     8  stm32f4xx_sdio.o(.text)
    SDIO_SetSDIOOperation                    0x08002c43   Thumb Code     8  stm32f4xx_sdio.o(.text)
    SDIO_SendSDIOSuspendCmd                  0x08002c4b   Thumb Code     6  stm32f4xx_sdio.o(.text)
    SDIO_CommandCompletionCmd                0x08002c51   Thumb Code     6  stm32f4xx_sdio.o(.text)
    SDIO_CEATAITCmd                          0x08002c57   Thumb Code    10  stm32f4xx_sdio.o(.text)
    SDIO_SendCEATACmd                        0x08002c61   Thumb Code     6  stm32f4xx_sdio.o(.text)
    SDIO_DMACmd                              0x08002c67   Thumb Code     8  stm32f4xx_sdio.o(.text)
    SDIO_ITConfig                            0x08002c6f   Thumb Code    24  stm32f4xx_sdio.o(.text)
    SDIO_GetFlagStatus                       0x08002c87   Thumb Code    18  stm32f4xx_sdio.o(.text)
    SDIO_ClearFlag                           0x08002c99   Thumb Code     8  stm32f4xx_sdio.o(.text)
    SDIO_GetITStatus                         0x08002ca1   Thumb Code    18  stm32f4xx_sdio.o(.text)
    SDIO_ClearITPendingBit                   0x08002cb3   Thumb Code     8  stm32f4xx_sdio.o(.text)
    SYSCFG_DeInit                            0x08002cd9   Thumb Code    24  stm32f4xx_syscfg.o(.text)
    SYSCFG_MemoryRemapConfig                 0x08002cf1   Thumb Code     6  stm32f4xx_syscfg.o(.text)
    SYSCFG_EXTILineConfig                    0x08002cf7   Thumb Code    36  stm32f4xx_syscfg.o(.text)
    SYSCFG_ETH_MediaInterfaceConfig          0x08002d1b   Thumb Code     6  stm32f4xx_syscfg.o(.text)
    SYSCFG_CompensationCellCmd               0x08002d21   Thumb Code     6  stm32f4xx_syscfg.o(.text)
    SYSCFG_GetCompensationCellStatus         0x08002d27   Thumb Code    18  stm32f4xx_syscfg.o(.text)
    USART_DeInit                             0x08002d45   Thumb Code   168  stm32f4xx_usart.o(.text)
    USART_Init                               0x08002ded   Thumb Code   180  stm32f4xx_usart.o(.text)
    USART_StructInit                         0x08002ea1   Thumb Code    22  stm32f4xx_usart.o(.text)
    USART_ClockInit                          0x08002eb7   Thumb Code    28  stm32f4xx_usart.o(.text)
    USART_ClockStructInit                    0x08002ed3   Thumb Code    12  stm32f4xx_usart.o(.text)
    USART_Cmd                                0x08002edf   Thumb Code    24  stm32f4xx_usart.o(.text)
    USART_SetPrescaler                       0x08002ef7   Thumb Code    16  stm32f4xx_usart.o(.text)
    USART_OverSampling8Cmd                   0x08002f07   Thumb Code    24  stm32f4xx_usart.o(.text)
    USART_OneBitMethodCmd                    0x08002f1f   Thumb Code    24  stm32f4xx_usart.o(.text)
    USART_SendData                           0x08002f37   Thumb Code     8  stm32f4xx_usart.o(.text)
    USART_ReceiveData                        0x08002f3f   Thumb Code     8  stm32f4xx_usart.o(.text)
    USART_SetAddress                         0x08002f47   Thumb Code    16  stm32f4xx_usart.o(.text)
    USART_ReceiverWakeUpCmd                  0x08002f57   Thumb Code    24  stm32f4xx_usart.o(.text)
    USART_WakeUpConfig                       0x08002f6f   Thumb Code    16  stm32f4xx_usart.o(.text)
    USART_LINBreakDetectLengthConfig         0x08002f7f   Thumb Code    16  stm32f4xx_usart.o(.text)
    USART_LINCmd                             0x08002f8f   Thumb Code    24  stm32f4xx_usart.o(.text)
    USART_SendBreak                          0x08002fa7   Thumb Code    10  stm32f4xx_usart.o(.text)
    USART_HalfDuplexCmd                      0x08002fb1   Thumb Code    24  stm32f4xx_usart.o(.text)
    USART_SetGuardTime                       0x08002fc9   Thumb Code    16  stm32f4xx_usart.o(.text)
    USART_SmartCardCmd                       0x08002fd9   Thumb Code    24  stm32f4xx_usart.o(.text)
    USART_SmartCardNACKCmd                   0x08002ff1   Thumb Code    24  stm32f4xx_usart.o(.text)
    USART_IrDAConfig                         0x08003009   Thumb Code    16  stm32f4xx_usart.o(.text)
    USART_IrDACmd                            0x08003019   Thumb Code    24  stm32f4xx_usart.o(.text)
    USART_DMACmd                             0x08003031   Thumb Code    20  stm32f4xx_usart.o(.text)
    USART_ITConfig                           0x08003045   Thumb Code    54  stm32f4xx_usart.o(.text)
    USART_GetFlagStatus                      0x0800307b   Thumb Code    14  stm32f4xx_usart.o(.text)
    USART_ClearFlag                          0x08003089   Thumb Code     8  stm32f4xx_usart.o(.text)
    USART_GetITStatus                        0x08003091   Thumb Code    64  stm32f4xx_usart.o(.text)
    USART_ClearITPendingBit                  0x080030d1   Thumb Code    16  stm32f4xx_usart.o(.text)
    NVIC_PriorityGroupConfig                 0x080030f9   Thumb Code    10  misc.o(.text)
    NVIC_Init                                0x08003103   Thumb Code    94  misc.o(.text)
    NVIC_SetVectorTable                      0x08003161   Thumb Code    14  misc.o(.text)
    NVIC_SystemLPConfig                      0x0800316f   Thumb Code    24  misc.o(.text)
    SysTick_CLKSourceConfig                  0x08003187   Thumb Code    28  misc.o(.text)
    DMA_DeInit                               0x080031b5   Thumb Code   278  stm32f4xx_dma.o(.text)
    DMA_Init                                 0x080032cb   Thumb Code    80  stm32f4xx_dma.o(.text)
    DMA_StructInit                           0x0800331b   Thumb Code    34  stm32f4xx_dma.o(.text)
    DMA_Cmd                                  0x0800333d   Thumb Code    24  stm32f4xx_dma.o(.text)
    DMA_PeriphIncOffsetSizeConfig            0x08003355   Thumb Code    24  stm32f4xx_dma.o(.text)
    DMA_FlowControllerConfig                 0x0800336d   Thumb Code    24  stm32f4xx_dma.o(.text)
    DMA_SetCurrDataCounter                   0x08003385   Thumb Code     4  stm32f4xx_dma.o(.text)
    DMA_GetCurrDataCounter                   0x08003389   Thumb Code     6  stm32f4xx_dma.o(.text)
    DMA_DoubleBufferModeConfig               0x0800338f   Thumb Code    26  stm32f4xx_dma.o(.text)
    DMA_DoubleBufferModeCmd                  0x080033a9   Thumb Code    24  stm32f4xx_dma.o(.text)
    DMA_MemoryTargetConfig                   0x080033c1   Thumb Code    12  stm32f4xx_dma.o(.text)
    DMA_GetCurrentMemoryTarget               0x080033cd   Thumb Code    16  stm32f4xx_dma.o(.text)
    DMA_GetCmdStatus                         0x080033dd   Thumb Code    14  stm32f4xx_dma.o(.text)
    DMA_GetFIFOStatus                        0x080033eb   Thumb Code     8  stm32f4xx_dma.o(.text)
    DMA_GetFlagStatus                        0x080033f3   Thumb Code    42  stm32f4xx_dma.o(.text)
    DMA_ClearFlag                            0x0800341d   Thumb Code    34  stm32f4xx_dma.o(.text)
    DMA_ITConfig                             0x0800343f   Thumb Code    52  stm32f4xx_dma.o(.text)
    DMA_GetITStatus                          0x08003473   Thumb Code    70  stm32f4xx_dma.o(.text)
    DMA_ClearITPendingBit                    0x080034b9   Thumb Code    34  stm32f4xx_dma.o(.text)
    ETH_DeInit                               0x08003515   Thumb Code    24  stm32f4x7_eth.o(.text)
    ETH_StructInit                           0x0800352d   Thumb Code   154  stm32f4x7_eth.o(.text)
    ETH_WritePHYRegister                     0x080035c7   Thumb Code    80  stm32f4x7_eth.o(.text)
    ETH_ReadPHYRegister                      0x08003617   Thumb Code    80  stm32f4x7_eth.o(.text)
    ETH_Init                                 0x08003667   Thumb Code   560  stm32f4x7_eth.o(.text)
    ETH_DMAReceptionCmd                      0x08003897   Thumb Code    26  stm32f4x7_eth.o(.text)
    ETH_DMATransmissionCmd                   0x080038b1   Thumb Code    26  stm32f4x7_eth.o(.text)
    ETH_MACReceptionCmd                      0x080038cb   Thumb Code    26  stm32f4x7_eth.o(.text)
    ETH_FlushTransmitFIFO                    0x080038e5   Thumb Code    12  stm32f4x7_eth.o(.text)
    ETH_MACTransmissionCmd                   0x080038f1   Thumb Code    26  stm32f4x7_eth.o(.text)
    ETH_Start                                0x0800390b   Thumb Code    32  stm32f4x7_eth.o(.text)
    ETH_GetFlowControlBusyStatus             0x0800392b   Thumb Code    14  stm32f4x7_eth.o(.text)
    ETH_InitiatePauseControlFrame            0x08003939   Thumb Code    12  stm32f4x7_eth.o(.text)
    ETH_BackPressureActivationCmd            0x08003945   Thumb Code    26  stm32f4x7_eth.o(.text)
    ETH_GetMACFlagStatus                     0x0800395f   Thumb Code    16  stm32f4x7_eth.o(.text)
    ETH_GetMACITStatus                       0x0800396f   Thumb Code    16  stm32f4x7_eth.o(.text)
    ETH_MACITConfig                          0x0800397f   Thumb Code    22  stm32f4x7_eth.o(.text)
    ETH_MACAddressConfig                     0x08003995   Thumb Code    96  stm32f4x7_eth.o(.text)
    ETH_GetMACAddress                        0x080039f5   Thumb Code    30  stm32f4x7_eth.o(.text)
    ETH_MACAddressPerfectFilterCmd           0x08003a13   Thumb Code    28  stm32f4x7_eth.o(.text)
    ETH_MACAddressFilterConfig               0x08003a2f   Thumb Code    28  stm32f4x7_eth.o(.text)
    ETH_MACAddressMaskBytesFilterConfig      0x08003a4b   Thumb Code    20  stm32f4x7_eth.o(.text)
    ETH_Get_Received_Frame                   0x08003a5f   Thumb Code    56  stm32f4x7_eth.o(.text)
    ETH_Get_Received_Frame_interrupt         0x08003a97   Thumb Code   156  stm32f4x7_eth.o(.text)
    ETH_Prepare_Transmit_Descriptors         0x08003b33   Thumb Code   162  stm32f4x7_eth.o(.text)
    ETH_DMARxDescChainInit                   0x08003bd5   Thumb Code    78  stm32f4x7_eth.o(.text)
    ETH_CheckFrameReceived                   0x08003c23   Thumb Code   100  stm32f4x7_eth.o(.text)
    ETH_DMATxDescChainInit                   0x08003c87   Thumb Code    62  stm32f4x7_eth.o(.text)
    ETH_GetDMATxDescFlagStatus               0x08003cc5   Thumb Code    14  stm32f4x7_eth.o(.text)
    ETH_GetDMATxDescCollisionCount           0x08003cd3   Thumb Code     8  stm32f4x7_eth.o(.text)
    ETH_SetDMATxDescOwnBit                   0x08003cdb   Thumb Code    10  stm32f4x7_eth.o(.text)
    ETH_DMATxDescTransmitITConfig            0x08003ce5   Thumb Code    24  stm32f4x7_eth.o(.text)
    ETH_DMATxDescFrameSegmentConfig          0x08003cfd   Thumb Code     8  stm32f4x7_eth.o(.text)
    ETH_DMATxDescChecksumInsertionConfig     0x08003d05   Thumb Code     8  stm32f4x7_eth.o(.text)
    ETH_DMATxDescCRCCmd                      0x08003d0d   Thumb Code    24  stm32f4x7_eth.o(.text)
    ETH_DMATxDescSecondAddressChainedCmd     0x08003d25   Thumb Code    24  stm32f4x7_eth.o(.text)
    ETH_DMATxDescShortFramePaddingCmd        0x08003d3d   Thumb Code    24  stm32f4x7_eth.o(.text)
    ETH_DMATxDescBufferSizeConfig            0x08003d55   Thumb Code    12  stm32f4x7_eth.o(.text)
    ETH_GetDMARxDescFlagStatus               0x08003d61   Thumb Code    14  stm32f4x7_eth.o(.text)
    ETH_GetDMAPTPRxDescExtendedFlagStatus    0x08003d6f   Thumb Code    14  stm32f4x7_eth.o(.text)
    ETH_SetDMARxDescOwnBit                   0x08003d7d   Thumb Code    10  stm32f4x7_eth.o(.text)
    ETH_GetDMARxDescFrameLength              0x08003d87   Thumb Code     8  stm32f4x7_eth.o(.text)
    ETH_DMARxDescReceiveITConfig             0x08003d8f   Thumb Code    22  stm32f4x7_eth.o(.text)
    ETH_GetDMARxDescBufferSize               0x08003da5   Thumb Code    18  stm32f4x7_eth.o(.text)
    ETH_GetRxPktSize                         0x08003db7   Thumb Code    50  stm32f4x7_eth.o(.text)
    ETH_EnhancedDescriptorCmd                0x08003de9   Thumb Code    26  stm32f4x7_eth.o(.text)
    ETH_SoftwareReset                        0x08003e03   Thumb Code    12  stm32f4x7_eth.o(.text)
    ETH_GetSoftwareResetStatus               0x08003e0f   Thumb Code    14  stm32f4x7_eth.o(.text)
    ETH_GetDMAFlagStatus                     0x08003e1d   Thumb Code    16  stm32f4x7_eth.o(.text)
    ETH_DMAClearFlag                         0x08003e2d   Thumb Code     6  stm32f4x7_eth.o(.text)
    ETH_DMAITConfig                          0x08003e33   Thumb Code    22  stm32f4x7_eth.o(.text)
    ETH_GetDMAITStatus                       0x08003e49   Thumb Code    16  stm32f4x7_eth.o(.text)
    ETH_DMAClearITPendingBit                 0x08003e59   Thumb Code     6  stm32f4x7_eth.o(.text)
    ETH_GetTransmitProcessState              0x08003e5f   Thumb Code    10  stm32f4x7_eth.o(.text)
    ETH_GetReceiveProcessState               0x08003e69   Thumb Code    10  stm32f4x7_eth.o(.text)
    ETH_GetFlushTransmitFIFOStatus           0x08003e73   Thumb Code    16  stm32f4x7_eth.o(.text)
    ETH_GetDMAOverflowStatus                 0x08003e83   Thumb Code    16  stm32f4x7_eth.o(.text)
    ETH_GetRxOverflowMissedFrameCounter      0x08003e93   Thumb Code    10  stm32f4x7_eth.o(.text)
    ETH_GetBufferUnavailableMissedFrameCounter 0x08003e9d   Thumb Code     8  stm32f4x7_eth.o(.text)
    ETH_GetCurrentTxDescStartAddress         0x08003ea5   Thumb Code     6  stm32f4x7_eth.o(.text)
    ETH_GetCurrentRxDescStartAddress         0x08003eab   Thumb Code     6  stm32f4x7_eth.o(.text)
    ETH_GetCurrentTxBufferAddress            0x08003eb1   Thumb Code     6  stm32f4x7_eth.o(.text)
    ETH_GetCurrentRxBufferAddress            0x08003eb7   Thumb Code     6  stm32f4x7_eth.o(.text)
    ETH_ResumeDMATransmission                0x08003ebd   Thumb Code     8  stm32f4x7_eth.o(.text)
    ETH_ResumeDMAReception                   0x08003ec5   Thumb Code     8  stm32f4x7_eth.o(.text)
    ETH_SetReceiveWatchdogTimer              0x08003ecd   Thumb Code     6  stm32f4x7_eth.o(.text)
    ETH_PHYLoopBackCmd                       0x08003ed3   Thumb Code    44  stm32f4x7_eth.o(.text)
    ETH_ResetWakeUpFrameFilterRegisterPointer 0x08003eff   Thumb Code    12  stm32f4x7_eth.o(.text)
    ETH_SetWakeUpFrameFilterRegister         0x08003f0b   Thumb Code    18  stm32f4x7_eth.o(.text)
    ETH_GlobalUnicastWakeUpCmd               0x08003f1d   Thumb Code    26  stm32f4x7_eth.o(.text)
    ETH_GetPMTFlagStatus                     0x08003f37   Thumb Code    16  stm32f4x7_eth.o(.text)
    ETH_WakeUpFrameDetectionCmd              0x08003f47   Thumb Code    26  stm32f4x7_eth.o(.text)
    ETH_MagicPacketDetectionCmd              0x08003f61   Thumb Code    26  stm32f4x7_eth.o(.text)
    ETH_PowerDownCmd                         0x08003f7b   Thumb Code    26  stm32f4x7_eth.o(.text)
    ETH_MMCCounterFullPreset                 0x08003f95   Thumb Code    12  stm32f4x7_eth.o(.text)
    ETH_MMCCounterHalfPreset                 0x08003fa1   Thumb Code    20  stm32f4x7_eth.o(.text)
    ETH_MMCCounterFreezeCmd                  0x08003fb5   Thumb Code    34  stm32f4x7_eth.o(.text)
    ETH_MMCResetOnReadCmd                    0x08003fd7   Thumb Code    34  stm32f4x7_eth.o(.text)
    ETH_MMCCounterRolloverCmd                0x08003ff9   Thumb Code    34  stm32f4x7_eth.o(.text)
    ETH_MMCCountersReset                     0x0800401b   Thumb Code    12  stm32f4x7_eth.o(.text)
    ETH_MMCITConfig                          0x08004027   Thumb Code    64  stm32f4x7_eth.o(.text)
    ETH_GetMMCITStatus                       0x08004067   Thumb Code    52  stm32f4x7_eth.o(.text)
    ETH_GetMMCRegister                       0x0800409b   Thumb Code     6  stm32f4x7_eth.o(.text)
    netconn_new_with_proto_and_callback      0x080040ad   Thumb Code    66  api_lib.o(.text)
    netconn_delete                           0x080040ef   Thumb Code    42  api_lib.o(.text)
    netconn_getaddr                          0x08004119   Thumb Code    48  api_lib.o(.text)
    netconn_bind                             0x08004149   Thumb Code    40  api_lib.o(.text)
    netconn_connect                          0x08004171   Thumb Code    40  api_lib.o(.text)
    netconn_disconnect                       0x08004199   Thumb Code    34  api_lib.o(.text)
    netconn_listen_with_backlog              0x080041bb   Thumb Code    34  api_lib.o(.text)
    netconn_accept                           0x080041dd   Thumb Code    44  api_lib.o(.text)
    netconn_recv                             0x08004209   Thumb Code   228  api_lib.o(.text)
    netconn_send                             0x080042ed   Thumb Code    36  api_lib.o(.text)
    netconn_sendto                           0x08004311   Thumb Code    16  api_lib.o(.text)
    netconn_write                            0x08004321   Thumb Code    54  api_lib.o(.text)
    netconn_close                            0x08004357   Thumb Code    34  api_lib.o(.text)
    netconn_free                             0x08004727   Thumb Code   108  api_msg.o(.text)
    netconn_alloc                            0x08004793   Thumb Code   136  api_msg.o(.text)
    do_newconn                               0x080048ff   Thumb Code    30  api_msg.o(.text)
    do_delconn                               0x0800491d   Thumb Code   104  api_msg.o(.text)
    do_bind                                  0x08004985   Thumb Code   100  api_msg.o(.text)
    do_connect                               0x08004a17   Thumb Code   164  api_msg.o(.text)
    do_disconnect                            0x08004abb   Thumb Code    34  api_msg.o(.text)
    do_listen                                0x08004add   Thumb Code   146  api_msg.o(.text)
    do_send                                  0x08004b6f   Thumb Code   106  api_msg.o(.text)
    do_recv                                  0x08004bd9   Thumb Code    46  api_msg.o(.text)
    do_write                                 0x08004c07   Thumb Code    52  api_msg.o(.text)
    do_getaddr                               0x08004c3b   Thumb Code   136  api_msg.o(.text)
    do_close                                 0x08004cc3   Thumb Code    34  api_msg.o(.text)
    netbuf_new                               0x08004ced   Thumb Code    26  netbuf.o(.text)
    netbuf_delete                            0x08004d07   Thumb Code    36  netbuf.o(.text)
    netbuf_alloc                             0x08004d2b   Thumb Code    46  netbuf.o(.text)
    netbuf_free                              0x08004d59   Thumb Code    24  netbuf.o(.text)
    netbuf_ref                               0x08004d71   Thumb Code    66  netbuf.o(.text)
    netbuf_chain                             0x08004db3   Thumb Code    40  netbuf.o(.text)
    netbuf_data                              0x08004ddb   Thumb Code    48  netbuf.o(.text)
    netbuf_next                              0x08004e0b   Thumb Code    36  netbuf.o(.text)
    netbuf_first                             0x08004e2f   Thumb Code    10  netbuf.o(.text)
    tcp_timer_needed                         0x08004e61   Thumb Code    36  tcpip.o(.text)
    tcpip_input                              0x08004f99   Thumb Code    76  tcpip.o(.text)
    tcpip_callback_with_block                0x08004fe5   Thumb Code    96  tcpip.o(.text)
    tcpip_timeout                            0x08005045   Thumb Code    60  tcpip.o(.text)
    tcpip_untimeout                          0x08005081   Thumb Code    54  tcpip.o(.text)
    tcpip_apimsg                             0x080050b7   Thumb Code    50  tcpip.o(.text)
    tcpip_init                               0x080050e9   Thumb Code    44  tcpip.o(.text)
    pbuf_free_callback                       0x08005119   Thumb Code     8  tcpip.o(.text)
    mem_free_callback                        0x08005121   Thumb Code     8  tcpip.o(.text)
    udp_input                                0x0800515d   Thumb Code   408  udp.o(.text)
    udp_bind                                 0x080052f5   Thumb Code    94  udp.o(.text)
    udp_sendto_if                            0x08005353   Thumb Code   182  udp.o(.text)
    udp_sendto                               0x08005409   Thumb Code    40  udp.o(.text)
    udp_send                                 0x08005431   Thumb Code     6  udp.o(.text)
    udp_connect                              0x08005437   Thumb Code    74  udp.o(.text)
    udp_disconnect                           0x08005481   Thumb Code    20  udp.o(.text)
    udp_recv                                 0x08005495   Thumb Code     6  udp.o(.text)
    udp_remove                               0x0800549b   Thumb Code    40  udp.o(.text)
    udp_new                                  0x080054c3   Thumb Code    28  udp.o(.text)
    lwip_init                                0x080054eb   Thumb Code    26  init.o(.text)
    mem_init                                 0x08005553   Thumb Code    52  mem.o(.text)
    mem_free                                 0x08005587   Thumb Code    62  mem.o(.text)
    mem_realloc                              0x080055c5   Thumb Code   228  mem.o(.text)
    mem_malloc                               0x080056a9   Thumb Code   198  mem.o(.text)
    mem_calloc                               0x0800576f   Thumb Code    28  mem.o(.text)
    memp_init                                0x08005795   Thumb Code    78  memp.o(.text)
    memp_malloc                              0x080057e3   Thumb Code    30  memp.o(.text)
    memp_free                                0x08005801   Thumb Code    20  memp.o(.text)
    netif_set_gw                             0x0800581d   Thumb Code    14  netif.o(.text)
    netif_set_netmask                        0x0800582b   Thumb Code    14  netif.o(.text)
    netif_set_ipaddr                         0x08005839   Thumb Code    96  netif.o(.text)
    netif_set_addr                           0x08005899   Thumb Code    32  netif.o(.text)
    netif_add                                0x080058b9   Thumb Code    70  netif.o(.text)
    netif_set_default                        0x080058ff   Thumb Code     6  netif.o(.text)
    netif_remove                             0x08005905   Thumb Code    52  netif.o(.text)
    netif_find                               0x08005939   Thumb Code    60  netif.o(.text)
    netif_set_up                             0x08005975   Thumb Code    28  netif.o(.text)
    netif_set_down                           0x08005991   Thumb Code    18  netif.o(.text)
    netif_is_up                              0x080059a3   Thumb Code    10  netif.o(.text)
    pbuf_free                                0x080059b9   Thumb Code    82  pbuf.o(.text)
    pbuf_alloc                               0x08005a0b   Thumb Code   294  pbuf.o(.text)
    pbuf_realloc                             0x08005b31   Thumb Code    78  pbuf.o(.text)
    pbuf_header                              0x08005b7f   Thumb Code   104  pbuf.o(.text)
    pbuf_clen                                0x08005be7   Thumb Code    18  pbuf.o(.text)
    pbuf_ref                                 0x08005bf9   Thumb Code    12  pbuf.o(.text)
    pbuf_cat                                 0x08005c05   Thumb Code    40  pbuf.o(.text)
    pbuf_chain                               0x08005c2d   Thumb Code    18  pbuf.o(.text)
    pbuf_dechain                             0x08005c3f   Thumb Code    44  pbuf.o(.text)
    pbuf_copy                                0x08005c6b   Thumb Code   148  pbuf.o(.text)
    pbuf_copy_partial                        0x08005cff   Thumb Code   106  pbuf.o(.text)
    pbuf_take                                0x08005d69   Thumb Code    86  pbuf.o(.text)
    pbuf_coalesce                            0x08005dbf   Thumb Code    52  pbuf.o(.text)
    raw_input                                0x08005df5   Thumb Code    98  raw.o(.text)
    raw_bind                                 0x08005e57   Thumb Code    16  raw.o(.text)
    raw_connect                              0x08005e67   Thumb Code    16  raw.o(.text)
    raw_recv                                 0x08005e77   Thumb Code     6  raw.o(.text)
    raw_sendto                               0x08005e7d   Thumb Code   144  raw.o(.text)
    raw_send                                 0x08005f0d   Thumb Code     4  raw.o(.text)
    raw_remove                               0x08005f11   Thumb Code    40  raw.o(.text)
    raw_new                                  0x08005f39   Thumb Code    40  raw.o(.text)
    sys_mbox_fetch                           0x08005f65   Thumb Code   104  sys.o(.text)
    sys_sem_wait                             0x08005fcd   Thumb Code    94  sys.o(.text)
    sys_timeout                              0x0800602b   Thumb Code   112  sys.o(.text)
    sys_untimeout                            0x0800609b   Thumb Code    80  sys.o(.text)
    sys_sem_wait_timeout                     0x080060f7   Thumb Code    58  sys.o(.text)
    sys_msleep                               0x08006131   Thumb Code    30  sys.o(.text)
    tcp_seg_free                             0x08006155   Thumb Code    32  tcp.o(.text)
    tcp_segs_free                            0x08006175   Thumb Code    26  tcp.o(.text)
    tcp_pcb_purge                            0x0800618f   Thumb Code    48  tcp.o(.text)
    tcp_slowtmr                              0x080061bf   Thumb Code   550  tcp.o(.text)
    tcp_pcb_remove                           0x080063e5   Thumb Code    92  tcp.o(.text)
    tcp_close                                0x08006441   Thumb Code   198  tcp.o(.text)
    tcp_update_rcv_ann_wnd                   0x08006507   Thumb Code    54  tcp.o(.text)
    tcp_recved                               0x0800653d   Thumb Code    60  tcp.o(.text)
    tcp_recv_null                            0x08006579   Thumb Code    52  tcp.o(.text)
    tcp_fasttmr                              0x080065ad   Thumb Code    86  tcp.o(.text)
    tcp_tmr                                  0x08006603   Thumb Code    26  tcp.o(.text)
    tcp_abandon                              0x0800661d   Thumb Code   148  tcp.o(.text)
    tcp_bind                                 0x08006707   Thumb Code   200  tcp.o(.text)
    tcp_listen_with_backlog                  0x080067d5   Thumb Code   140  tcp.o(.text)
    tcp_eff_send_mss                         0x08006861   Thumb Code    32  tcp.o(.text)
    tcp_next_iss                             0x08006881   Thumb Code    12  tcp.o(.text)
    tcp_connect                              0x0800688d   Thumb Code   204  tcp.o(.text)
    tcp_setprio                              0x08006959   Thumb Code     4  tcp.o(.text)
    tcp_alloc                                0x080069d3   Thumb Code   154  tcp.o(.text)
    tcp_new                                  0x08006a6d   Thumb Code     4  tcp.o(.text)
    tcp_arg                                  0x08006a71   Thumb Code     4  tcp.o(.text)
    tcp_recv                                 0x08006a75   Thumb Code     6  tcp.o(.text)
    tcp_sent                                 0x08006a7b   Thumb Code     6  tcp.o(.text)
    tcp_err                                  0x08006a81   Thumb Code     6  tcp.o(.text)
    tcp_accept                               0x08006a87   Thumb Code     4  tcp.o(.text)
    tcp_poll                                 0x08006a8b   Thumb Code    10  tcp.o(.text)
    tcp_debug_state_str                      0x08006a95   Thumb Code    10  tcp.o(.text)
    tcp_input                                0x080074db   Thumb Code   834  tcp_in.o(.text)
    tcp_enqueue                              0x08007899   Thumb Code   862  tcp_out.o(.text)
    tcp_send_ctrl                            0x08007bf7   Thumb Code    20  tcp_out.o(.text)
    tcp_write                                0x08007c0b   Thumb Code    46  tcp_out.o(.text)
    tcp_send_empty_ack                       0x08007c39   Thumb Code    86  tcp_out.o(.text)
    tcp_output                               0x08007d39   Thumb Code   416  tcp_out.o(.text)
    tcp_rst                                  0x08007ed9   Thumb Code   158  tcp_out.o(.text)
    tcp_rexmit_rto                           0x08007f77   Thumb Code    44  tcp_out.o(.text)
    tcp_rexmit                               0x08007fa3   Thumb Code    70  tcp_out.o(.text)
    tcp_rexmit_fast                          0x08007fe9   Thumb Code    96  tcp_out.o(.text)
    tcp_keepalive                            0x08008049   Thumb Code    72  tcp_out.o(.text)
    tcp_zero_window_probe                    0x08008091   Thumb Code   174  tcp_out.o(.text)
    dhcp_renew                               0x08008615   Thumb Code   144  dhcp.o(.text)
    dhcp_coarse_tmr                          0x0800875b   Thumb Code    58  dhcp.o(.text)
    dhcp_release                             0x0800883d   Thumb Code   176  dhcp.o(.text)
    dhcp_fine_tmr                            0x08008a6d   Thumb Code    46  dhcp.o(.text)
    dhcp_stop                                0x08008b97   Thumb Code    48  dhcp.o(.text)
    dhcp_start                               0x08008d2f   Thumb Code   160  dhcp.o(.text)
    dhcp_inform                              0x08008dcf   Thumb Code   152  dhcp.o(.text)
    dhcp_network_changed                     0x08008e67   Thumb Code    68  dhcp.o(.text)
    dhcp_arp_reply                           0x08008f21   Thumb Code    28  dhcp.o(.text)
    autoip_init                              0x08008f49   Thumb Code     2  autoip.o(.text)
    autoip_start                             0x08008fd7   Thumb Code    96  autoip.o(.text)
    autoip_network_changed                   0x080090d1   Thumb Code    32  autoip.o(.text)
    autoip_stop                              0x080090f1   Thumb Code    16  autoip.o(.text)
    autoip_tmr                               0x08009101   Thumb Code   204  autoip.o(.text)
    autoip_arp_reply                         0x080091cd   Thumb Code   150  autoip.o(.text)
    icmp_input                               0x08009285   Thumb Code   324  icmp.o(.text)
    icmp_dest_unreach                        0x08009431   Thumb Code     6  icmp.o(.text)
    htonl                                    0x08009439   Thumb Code    24  inet.o(.text)
    inet_aton                                0x08009451   Thumb Code   276  inet.o(.text)
    inet_addr                                0x08009565   Thumb Code    20  inet.o(.text)
    inet_ntoa                                0x08009579   Thumb Code    92  inet.o(.text)
    htons                                    0x080095d5   Thumb Code    10  inet.o(.text)
    ntohs                                    0x080095df   Thumb Code     2  inet.o(.text)
    ntohl                                    0x080095e1   Thumb Code     2  inet.o(.text)
    inet_chksum_pseudo                       0x08009623   Thumb Code   134  inet_chksum.o(.text)
    inet_chksum                              0x080096a9   Thumb Code    12  inet_chksum.o(.text)
    inet_chksum_pbuf                         0x080096b5   Thumb Code    72  inet_chksum.o(.text)
    ip_route                                 0x080096fd   Thumb Code    62  ip.o(.text)
    ip_input                                 0x0800973b   Thumb Code   426  ip.o(.text)
    ip_output_if                             0x080098e5   Thumb Code   186  ip.o(.text)
    ip_output                                0x0800999f   Thumb Code    52  ip.o(.text)
    ip_addr_isbroadcast                      0x080099e1   Thumb Code    60  ip_addr.o(.text)
    etharp_tmr                               0x08009a1d   Thumb Code    50  etharp.o(.text)
    etharp_find_addr                         0x08009bdd   Thumb Code    44  etharp.o(.text)
    etharp_ip_input                          0x08009c09   Thumb Code    40  etharp.o(.text)
    etharp_arp_input                         0x08009c31   Thumb Code   298  etharp.o(.text)
    etharp_raw                               0x08009d5b   Thumb Code   190  etharp.o(.text)
    etharp_request                           0x08009e19   Thumb Code    32  etharp.o(.text)
    etharp_query                             0x08009e39   Thumb Code   140  etharp.o(.text)
    etharp_output                            0x08009ec5   Thumb Code   180  etharp.o(.text)
    ethernet_input                           0x08009f79   Thumb Code    82  etharp.o(.text)
    ethernetif_init                          0x0800a1ad   Thumb Code    42  ethernetif.o(.text)
    sys_mbox_new                             0x0800a211   Thumb Code     8  sys_arch.o(.text)
    sys_mbox_free                            0x0800a219   Thumb Code    20  sys_arch.o(.text)
    sys_mbox_post                            0x0800a22d   Thumb Code    26  sys_arch.o(.text)
    sys_mbox_trypost                         0x0800a247   Thumb Code    26  sys_arch.o(.text)
    sys_arch_mbox_fetch                      0x0800a261   Thumb Code    84  sys_arch.o(.text)
    sys_arch_mbox_tryfetch                   0x0800a2b5   Thumb Code    30  sys_arch.o(.text)
    sys_sem_new                              0x0800a2d3   Thumb Code    54  sys_arch.o(.text)
    sys_arch_sem_wait                        0x0800a309   Thumb Code    74  sys_arch.o(.text)
    sys_sem_signal                           0x0800a353   Thumb Code    10  sys_arch.o(.text)
    sys_sem_free                             0x0800a35d   Thumb Code     4  sys_arch.o(.text)
    sys_init                                 0x0800a361   Thumb Code    28  sys_arch.o(.text)
    sys_arch_timeouts                        0x0800a37d   Thumb Code    38  sys_arch.o(.text)
    sys_thread_new                           0x0800a3a3   Thumb Code    76  sys_arch.o(.text)
    sys_arch_protect                         0x0800a3ef   Thumb Code    10  sys_arch.o(.text)
    sys_arch_unprotect                       0x0800a3f9   Thumb Code     4  sys_arch.o(.text)
    sys_assert                               0x0800a3fd   Thumb Code     6  sys_arch.o(.text)
    vListInitialise                          0x0800a40d   Thumb Code    22  list.o(.text)
    vListInitialiseItem                      0x0800a423   Thumb Code     6  list.o(.text)
    vListInsertEnd                           0x0800a429   Thumb Code    28  list.o(.text)
    vListInsert                              0x0800a445   Thumb Code    48  list.o(.text)
    vListRemove                              0x0800a475   Thumb Code    36  list.o(.text)
    xQueueCreate                             0x0800a499   Thumb Code    96  queue.o(.text)
    xQueueGenericSend                        0x0800a5d7   Thumb Code   200  queue.o(.text)
    xQueueCreateMutex                        0x0800a69f   Thumb Code    68  queue.o(.text)
    xQueueCreateCountingSemaphore            0x0800a6e3   Thumb Code    18  queue.o(.text)
    xQueueGenericSendFromISR                 0x0800a6f5   Thumb Code    82  queue.o(.text)
    xQueueGenericReceive                     0x0800a789   Thumb Code   260  queue.o(.text)
    xQueueReceiveFromISR                     0x0800a88d   Thumb Code    78  queue.o(.text)
    uxQueueMessagesWaiting                   0x0800a8db   Thumb Code    18  queue.o(.text)
    uxQueueMessagesWaitingFromISR            0x0800a8ed   Thumb Code     4  queue.o(.text)
    vQueueDelete                             0x0800a8f1   Thumb Code    20  queue.o(.text)
    xQueueIsQueueEmptyFromISR                0x0800a905   Thumb Code    14  queue.o(.text)
    xQueueIsQueueFullFromISR                 0x0800a913   Thumb Code    16  queue.o(.text)
    xTaskGenericCreate                       0x0800a9dd   Thumb Code   208  tasks.o(.text)
    vTaskDelete                              0x0800aaad   Thumb Code    90  tasks.o(.text)
    vTaskIncrementTick                       0x0800ab07   Thumb Code   118  tasks.o(.text)
    xTaskResumeAll                           0x0800ab7d   Thumb Code   168  tasks.o(.text)
    vTaskSuspendAll                          0x0800ac25   Thumb Code    10  tasks.o(.text)
    vTaskDelay                               0x0800ac2f   Thumb Code    78  tasks.o(.text)
    uxTaskPriorityGet                        0x0800ac7d   Thumb Code    24  tasks.o(.text)
    vTaskPrioritySet                         0x0800ac95   Thumb Code   156  tasks.o(.text)
    vTaskStartScheduler                      0x0800adab   Thumb Code    50  tasks.o(.text)
    vTaskEndScheduler                        0x0800addd   Thumb Code    20  tasks.o(.text)
    xTaskGetTickCount                        0x0800adf1   Thumb Code    18  tasks.o(.text)
    xTaskGetTickCountFromISR                 0x0800ae03   Thumb Code     6  tasks.o(.text)
    uxTaskGetNumberOfTasks                   0x0800ae09   Thumb Code     6  tasks.o(.text)
    vTaskList                                0x0800ae8b   Thumb Code   114  tasks.o(.text)
    vTaskStartTrace                          0x0800aefd   Thumb Code    34  tasks.o(.text)
    ulTaskEndTrace                           0x0800af1f   Thumb Code    24  tasks.o(.text)
    vTaskSwitchContext                       0x0800af37   Thumb Code   138  tasks.o(.text)
    vTaskPlaceOnEventList                    0x0800afc1   Thumb Code    64  tasks.o(.text)
    xTaskRemoveFromEventList                 0x0800b001   Thumb Code    96  tasks.o(.text)
    vTaskSetTimeOutState                     0x0800b061   Thumb Code    12  tasks.o(.text)
    xTaskCheckForTimeOut                     0x0800b06d   Thumb Code    72  tasks.o(.text)
    vTaskMissedYield                         0x0800b0b5   Thumb Code     8  tasks.o(.text)
    xTaskGetCurrentTaskHandle                0x0800b0bd   Thumb Code     6  tasks.o(.text)
    vTaskPriorityInherit                     0x0800b0c3   Thumb Code    92  tasks.o(.text)
    vTaskPriorityDisinherit                  0x0800b11f   Thumb Code   112  tasks.o(.text)
    pxPortInitialiseStack                    0x0800b199   Thumb Code    24  port.o(.text)
    xPortStartScheduler                      0x0800b1bf   Thumb Code    38  port.o(.text)
    vPortEndScheduler                        0x0800b1e5   Thumb Code     2  port.o(.text)
    vPortYieldFromISR                        0x0800b1e7   Thumb Code    12  port.o(.text)
    vPortEnterCritical                       0x0800b1f3   Thumb Code    16  port.o(.text)
    vPortExitCritical                        0x0800b203   Thumb Code    18  port.o(.text)
    xPortSysTickHandler                      0x0800b215   Thumb Code    28  port.o(.text)
    pvPortMalloc                             0x0800b23d   Thumb Code   172  heap_2.o(.text)
    vPortFree                                0x0800b2e9   Thumb Code    58  heap_2.o(.text)
    xPortGetFreeHeapSize                     0x0800b323   Thumb Code     6  heap_2.o(.text)
    vPortInitialiseBlocks                    0x0800b329   Thumb Code     2  heap_2.o(.text)
    Reset_Handler                            0x0800b335   Thumb Code     8  startup_stm32f4xx.o(.text)
    ADC_IRQHandler                           0x0800b34f   Thumb Code     0  startup_stm32f4xx.o(.text)
    CAN1_RX0_IRQHandler                      0x0800b34f   Thumb Code     0  startup_stm32f4xx.o(.text)
    CAN1_RX1_IRQHandler                      0x0800b34f   Thumb Code     0  startup_stm32f4xx.o(.text)
    CAN1_SCE_IRQHandler                      0x0800b34f   Thumb Code     0  startup_stm32f4xx.o(.text)
    CAN1_TX_IRQHandler                       0x0800b34f   Thumb Code     0  startup_stm32f4xx.o(.text)
    CAN2_RX0_IRQHandler                      0x0800b34f   Thumb Code     0  startup_stm32f4xx.o(.text)
    CAN2_RX1_IRQHandler                      0x0800b34f   Thumb Code     0  startup_stm32f4xx.o(.text)
    CAN2_SCE_IRQHandler                      0x0800b34f   Thumb Code     0  startup_stm32f4xx.o(.text)
    CAN2_TX_IRQHandler                       0x0800b34f   Thumb Code     0  startup_stm32f4xx.o(.text)
    CRYP_IRQHandler                          0x0800b34f   Thumb Code     0  startup_stm32f4xx.o(.text)
    DCMI_IRQHandler                          0x0800b34f   Thumb Code     0  startup_stm32f4xx.o(.text)
    DMA1_Stream0_IRQHandler                  0x0800b34f   Thumb Code     0  startup_stm32f4xx.o(.text)
    DMA1_Stream1_IRQHandler                  0x0800b34f   Thumb Code     0  startup_stm32f4xx.o(.text)
    DMA1_Stream2_IRQHandler                  0x0800b34f   Thumb Code     0  startup_stm32f4xx.o(.text)
    DMA1_Stream3_IRQHandler                  0x0800b34f   Thumb Code     0  startup_stm32f4xx.o(.text)
    DMA1_Stream4_IRQHandler                  0x0800b34f   Thumb Code     0  startup_stm32f4xx.o(.text)
    DMA1_Stream5_IRQHandler                  0x0800b34f   Thumb Code     0  startup_stm32f4xx.o(.text)
    DMA1_Stream6_IRQHandler                  0x0800b34f   Thumb Code     0  startup_stm32f4xx.o(.text)
    DMA1_Stream7_IRQHandler                  0x0800b34f   Thumb Code     0  startup_stm32f4xx.o(.text)
    DMA2_Stream0_IRQHandler                  0x0800b34f   Thumb Code     0  startup_stm32f4xx.o(.text)
    DMA2_Stream1_IRQHandler                  0x0800b34f   Thumb Code     0  startup_stm32f4xx.o(.text)
    DMA2_Stream2_IRQHandler                  0x0800b34f   Thumb Code     0  startup_stm32f4xx.o(.text)
    DMA2_Stream3_IRQHandler                  0x0800b34f   Thumb Code     0  startup_stm32f4xx.o(.text)
    DMA2_Stream4_IRQHandler                  0x0800b34f   Thumb Code     0  startup_stm32f4xx.o(.text)
    DMA2_Stream5_IRQHandler                  0x0800b34f   Thumb Code     0  startup_stm32f4xx.o(.text)
    DMA2_Stream6_IRQHandler                  0x0800b34f   Thumb Code     0  startup_stm32f4xx.o(.text)
    DMA2_Stream7_IRQHandler                  0x0800b34f   Thumb Code     0  startup_stm32f4xx.o(.text)
    ETH_WKUP_IRQHandler                      0x0800b34f   Thumb Code     0  startup_stm32f4xx.o(.text)
    EXTI0_IRQHandler                         0x0800b34f   Thumb Code     0  startup_stm32f4xx.o(.text)
    EXTI15_10_IRQHandler                     0x0800b34f   Thumb Code     0  startup_stm32f4xx.o(.text)
    EXTI1_IRQHandler                         0x0800b34f   Thumb Code     0  startup_stm32f4xx.o(.text)
    EXTI2_IRQHandler                         0x0800b34f   Thumb Code     0  startup_stm32f4xx.o(.text)
    EXTI3_IRQHandler                         0x0800b34f   Thumb Code     0  startup_stm32f4xx.o(.text)
    EXTI4_IRQHandler                         0x0800b34f   Thumb Code     0  startup_stm32f4xx.o(.text)
    EXTI9_5_IRQHandler                       0x0800b34f   Thumb Code     0  startup_stm32f4xx.o(.text)
    FLASH_IRQHandler                         0x0800b34f   Thumb Code     0  startup_stm32f4xx.o(.text)
    FPU_IRQHandler                           0x0800b34f   Thumb Code     0  startup_stm32f4xx.o(.text)
    FSMC_IRQHandler                          0x0800b34f   Thumb Code     0  startup_stm32f4xx.o(.text)
    HASH_RNG_IRQHandler                      0x0800b34f   Thumb Code     0  startup_stm32f4xx.o(.text)
    I2C1_ER_IRQHandler                       0x0800b34f   Thumb Code     0  startup_stm32f4xx.o(.text)
    I2C1_EV_IRQHandler                       0x0800b34f   Thumb Code     0  startup_stm32f4xx.o(.text)
    I2C2_ER_IRQHandler                       0x0800b34f   Thumb Code     0  startup_stm32f4xx.o(.text)
    I2C2_EV_IRQHandler                       0x0800b34f   Thumb Code     0  startup_stm32f4xx.o(.text)
    I2C3_ER_IRQHandler                       0x0800b34f   Thumb Code     0  startup_stm32f4xx.o(.text)
    I2C3_EV_IRQHandler                       0x0800b34f   Thumb Code     0  startup_stm32f4xx.o(.text)
    OTG_FS_IRQHandler                        0x0800b34f   Thumb Code     0  startup_stm32f4xx.o(.text)
    OTG_FS_WKUP_IRQHandler                   0x0800b34f   Thumb Code     0  startup_stm32f4xx.o(.text)
    OTG_HS_EP1_IN_IRQHandler                 0x0800b34f   Thumb Code     0  startup_stm32f4xx.o(.text)
    OTG_HS_EP1_OUT_IRQHandler                0x0800b34f   Thumb Code     0  startup_stm32f4xx.o(.text)
    OTG_HS_IRQHandler                        0x0800b34f   Thumb Code     0  startup_stm32f4xx.o(.text)
    OTG_HS_WKUP_IRQHandler                   0x0800b34f   Thumb Code     0  startup_stm32f4xx.o(.text)
    PVD_IRQHandler                           0x0800b34f   Thumb Code     0  startup_stm32f4xx.o(.text)
    RCC_IRQHandler                           0x0800b34f   Thumb Code     0  startup_stm32f4xx.o(.text)
    RTC_Alarm_IRQHandler                     0x0800b34f   Thumb Code     0  startup_stm32f4xx.o(.text)
    RTC_WKUP_IRQHandler                      0x0800b34f   Thumb Code     0  startup_stm32f4xx.o(.text)
    SDIO_IRQHandler                          0x0800b34f   Thumb Code     0  startup_stm32f4xx.o(.text)
    SPI1_IRQHandler                          0x0800b34f   Thumb Code     0  startup_stm32f4xx.o(.text)
    SPI2_IRQHandler                          0x0800b34f   Thumb Code     0  startup_stm32f4xx.o(.text)
    SPI3_IRQHandler                          0x0800b34f   Thumb Code     0  startup_stm32f4xx.o(.text)
    TAMP_STAMP_IRQHandler                    0x0800b34f   Thumb Code     0  startup_stm32f4xx.o(.text)
    TIM1_BRK_TIM9_IRQHandler                 0x0800b34f   Thumb Code     0  startup_stm32f4xx.o(.text)
    TIM1_CC_IRQHandler                       0x0800b34f   Thumb Code     0  startup_stm32f4xx.o(.text)
    TIM1_TRG_COM_TIM11_IRQHandler            0x0800b34f   Thumb Code     0  startup_stm32f4xx.o(.text)
    TIM1_UP_TIM10_IRQHandler                 0x0800b34f   Thumb Code     0  startup_stm32f4xx.o(.text)
    TIM2_IRQHandler                          0x0800b34f   Thumb Code     0  startup_stm32f4xx.o(.text)
    TIM3_IRQHandler                          0x0800b34f   Thumb Code     0  startup_stm32f4xx.o(.text)
    TIM4_IRQHandler                          0x0800b34f   Thumb Code     0  startup_stm32f4xx.o(.text)
    TIM5_IRQHandler                          0x0800b34f   Thumb Code     0  startup_stm32f4xx.o(.text)
    TIM6_DAC_IRQHandler                      0x0800b34f   Thumb Code     0  startup_stm32f4xx.o(.text)
    TIM7_IRQHandler                          0x0800b34f   Thumb Code     0  startup_stm32f4xx.o(.text)
    TIM8_BRK_TIM12_IRQHandler                0x0800b34f   Thumb Code     0  startup_stm32f4xx.o(.text)
    TIM8_CC_IRQHandler                       0x0800b34f   Thumb Code     0  startup_stm32f4xx.o(.text)
    TIM8_TRG_COM_TIM14_IRQHandler            0x0800b34f   Thumb Code     0  startup_stm32f4xx.o(.text)
    TIM8_UP_TIM13_IRQHandler                 0x0800b34f   Thumb Code     0  startup_stm32f4xx.o(.text)
    UART4_IRQHandler                         0x0800b34f   Thumb Code     0  startup_stm32f4xx.o(.text)
    UART5_IRQHandler                         0x0800b34f   Thumb Code     0  startup_stm32f4xx.o(.text)
    USART1_IRQHandler                        0x0800b34f   Thumb Code     0  startup_stm32f4xx.o(.text)
    USART2_IRQHandler                        0x0800b34f   Thumb Code     0  startup_stm32f4xx.o(.text)
    USART3_IRQHandler                        0x0800b34f   Thumb Code     0  startup_stm32f4xx.o(.text)
    USART6_IRQHandler                        0x0800b34f   Thumb Code     0  startup_stm32f4xx.o(.text)
    WWDG_IRQHandler                          0x0800b34f   Thumb Code     0  startup_stm32f4xx.o(.text)
    __aeabi_memcpy                           0x0800b359   Thumb Code    36  memcpya.o(.text)
    __aeabi_memcpy4                          0x0800b359   Thumb Code     0  memcpya.o(.text)
    __aeabi_memcpy8                          0x0800b359   Thumb Code     0  memcpya.o(.text)
    __aeabi_memset                           0x0800b37d   Thumb Code    14  memseta.o(.text)
    __aeabi_memset4                          0x0800b37d   Thumb Code     0  memseta.o(.text)
    __aeabi_memset8                          0x0800b37d   Thumb Code     0  memseta.o(.text)
    __aeabi_memclr                           0x0800b38b   Thumb Code     4  memseta.o(.text)
    __aeabi_memclr4                          0x0800b38b   Thumb Code     0  memseta.o(.text)
    __aeabi_memclr8                          0x0800b38b   Thumb Code     0  memseta.o(.text)
    _memset$wrapper                          0x0800b38f   Thumb Code    18  memseta.o(.text)
    strcat                                   0x0800b3a1   Thumb Code    24  strcat.o(.text)
    strncpy                                  0x0800b3b9   Thumb Code    24  strncpy.o(.text)
    strlen                                   0x0800b3d1   Thumb Code    14  strlen.o(.text)
    strcmp                                   0x0800b3df   Thumb Code    28  strcmp.o(.text)
    memcmp                                   0x0800b3fb   Thumb Code    26  memcmp.o(.text)
    strncmp                                  0x0800b415   Thumb Code    30  strncmp.o(.text)
    __aeabi_i2d                              0x0800b433   Thumb Code    34  dflti.o(.text)
    __aeabi_ui2d                             0x0800b455   Thumb Code    26  dfltui.o(.text)
    __aeabi_cdcmpeq                          0x0800b471   Thumb Code     0  cdcmple.o(.text)
    __aeabi_cdcmple                          0x0800b471   Thumb Code    38  cdcmple.o(.text)
    __aeabi_cdrcmple                         0x0800b499   Thumb Code    38  cdrcmple.o(.text)
    __aeabi_uidiv                            0x0800b4c1   Thumb Code     0  uidiv.o(.text)
    __aeabi_uidivmod                         0x0800b4c1   Thumb Code    44  uidiv.o(.text)
    __I$use$fp                               0x0800b4ed   Thumb Code     0  iusefp.o(.text)
    _double_round                            0x0800b4ed   Thumb Code    26  depilogue.o(.text)
    _double_epilogue                         0x0800b507   Thumb Code   164  depilogue.o(.text)
    __scatterload                            0x0800b5ad   Thumb Code    28  init.o(.text)
    __scatterload_rt2                        0x0800b5ad   Thumb Code     0  init.o(.text)
    __aeabi_llsl                             0x0800b5d1   Thumb Code    30  llshl.o(.text)
    __semihosting_library_function           0x0800b5d1   Thumb Code     0  semi.o(.text)
    _ll_shift_l                              0x0800b5d1   Thumb Code     0  llshl.o(.text)
    __aeabi_llsr                             0x0800b5ef   Thumb Code    32  llushr.o(.text)
    _ll_ushift_r                             0x0800b5ef   Thumb Code     0  llushr.o(.text)
    __I$use$semihosting$fputc                0x0800b60f   Thumb Code     0  iusesemip.o(.text)
    __decompress                             0x0800b60f   Thumb Code     0  __dczerorl2.o(.text)
    __decompress1                            0x0800b60f   Thumb Code    92  __dczerorl2.o(.text)
    __0printf$3                              0x0800b66d   Thumb Code    22  printf3.o(i.__0printf$3)
    __1printf$3                              0x0800b66d   Thumb Code     0  printf3.o(i.__0printf$3)
    __2printf                                0x0800b66d   Thumb Code     0  printf3.o(i.__0printf$3)
    __0sprintf$3                             0x0800b68d   Thumb Code    34  printf3.o(i.__0sprintf$3)
    __1sprintf$3                             0x0800b68d   Thumb Code     0  printf3.o(i.__0sprintf$3)
    __2sprintf                               0x0800b68d   Thumb Code     0  printf3.o(i.__0sprintf$3)
    __scatterload_copy                       0x0800b6b5   Thumb Code    14  handlers.o(i.__scatterload_copy)
    __scatterload_null                       0x0800b6c3   Thumb Code     2  handlers.o(i.__scatterload_null)
    __scatterload_zeroinit                   0x0800b6c5   Thumb Code    14  handlers.o(i.__scatterload_zeroinit)
    fputc                                    0x0800b897   Thumb Code    18  fputc.o(i.fputc)
    file__STM32F4x7_files_logo_jpg           0x080161b8   Data          20  fs.o(.constdata)
    file__STM32F4x7_files_ST_gif             0x080161cc   Data          20  fs.o(.constdata)
    file__STM32F4x7_files_stm32_jpg          0x080161e0   Data          20  fs.o(.constdata)
    file__404_html                           0x080161f4   Data          20  fs.o(.constdata)
    file__STM32F4x7_html                     0x08016208   Data          20  fs.o(.constdata)
    ASCII16x24_Table                         0x08016858   Data        4560  stm32f4_discovery_lcd.o(.constdata)
    BUTTON_PORT_SOURCE                       0x08017a28   Data           1  stm32f4_discovery.o(.constdata)
    BUTTON_PIN_SOURCE                        0x08017a29   Data           1  stm32f4_discovery.o(.constdata)
    BUTTON_IRQn                              0x08017a2a   Data           1  stm32f4_discovery.o(.constdata)
    BUTTON_PIN                               0x08017a2c   Data           2  stm32f4_discovery.o(.constdata)
    BUTTON_EXTI_LINE                         0x08017a2e   Data           2  stm32f4_discovery.o(.constdata)
    BUTTON_CLK                               0x08017a30   Data           4  stm32f4_discovery.o(.constdata)
    COM_TX_PIN                               0x08017a34   Data           4  stm32f4_discovery.o(.constdata)
    COM_RX_PIN                               0x08017a38   Data           4  stm32f4_discovery.o(.constdata)
    COM_TX_PIN_SOURCE                        0x08017a3c   Data           4  stm32f4_discovery.o(.constdata)
    COM_RX_PIN_SOURCE                        0x08017a40   Data           4  stm32f4_discovery.o(.constdata)
    COM_TX_AF                                0x08017a44   Data           4  stm32f4_discovery.o(.constdata)
    COM_RX_AF                                0x08017a48   Data           4  stm32f4_discovery.o(.constdata)
    GPIO_PIN                                 0x08017a4c   Data           8  stm32f4_discovery.o(.constdata)
    COM_USART_CLK                            0x08017a54   Data           8  stm32f4_discovery.o(.constdata)
    COM_TX_PORT_CLK                          0x08017a5c   Data           8  stm32f4_discovery.o(.constdata)
    COM_RX_PORT_CLK                          0x08017a64   Data           8  stm32f4_discovery.o(.constdata)
    GPIO_CLK                                 0x08017a6c   Data          16  stm32f4_discovery.o(.constdata)
    tcp_persist_backoff                      0x08017aac   Data           7  tcp.o(.constdata)
    tcp_backoff                              0x08017ab3   Data          13  tcp.o(.constdata)
    ip_addr_any                              0x08017ac0   Data           4  ip_addr.o(.constdata)
    ip_addr_broadcast                        0x08017ac4   Data           4  ip_addr.o(.constdata)
    ethbroadcast                             0x08017ac8   Data           6  etharp.o(.constdata)
    ethzero                                  0x08017ace   Data           6  etharp.o(.constdata)
    Region$$Table$$Base                      0x08017b3c   Number         0  anon$$obj.o(Region$$Table)
    Region$$Table$$Limit                     0x08017b5c   Number         0  anon$$obj.o(Region$$Table)
    SystemCoreClock                          0x20000000   Data           4  system_stm32f4xx.o(.data)
    AHBPrescTable                            0x20000004   Data          16  system_stm32f4xx.o(.data)
    EthInitStatus                            0x20000014   Data           4  stm32f4x7_eth_bsp.o(.data)
    nPageHits                                0x20000018   Data           4  httpserver-netconn.o(.data)
    Font16x24                                0x20000024   Data           8  stm32f4_discovery_lcd.o(.data)
    BUTTON_PORT                              0x2000002c   Data           4  stm32f4_discovery.o(.data)
    COM_USART                                0x20000030   Data           8  stm32f4_discovery.o(.data)
    COM_TX_PORT                              0x20000038   Data           8  stm32f4_discovery.o(.data)
    COM_RX_PORT                              0x20000040   Data           8  stm32f4_discovery.o(.data)
    GPIO_PORT                                0x20000048   Data          16  stm32f4_discovery.o(.data)
    DMATxDescToSet                           0x20000068   Data           4  stm32f4x7_eth.o(.data)
    DMARxDescToGet                           0x2000006c   Data           4  stm32f4x7_eth.o(.data)
    DMA_RX_FRAME_infos                       0x20000070   Data           4  stm32f4x7_eth.o(.data)
    udp_pcbs                                 0x20000084   Data           4  udp.o(.data)
    netif_list                               0x2000009c   Data           4  netif.o(.data)
    netif_default                            0x200000a0   Data           4  netif.o(.data)
    tcp_ticks                                0x200000b0   Data           4  tcp.o(.data)
    tcp_bound_pcbs                           0x200000b4   Data           4  tcp.o(.data)
    tcp_listen_pcbs                          0x200000b8   Data           4  tcp.o(.data)
    tcp_active_pcbs                          0x200000bc   Data           4  tcp.o(.data)
    tcp_tw_pcbs                              0x200000c0   Data           4  tcp.o(.data)
    tcp_tmp_pcb                              0x200000c4   Data           4  tcp.o(.data)
    tcp_state_str                            0x200000c8   Data          44  tcp.o(.data)
    tcp_input_pcb                            0x2000010c   Data           4  tcp_in.o(.data)
    current_netif                            0x20000118   Data           4  ip.o(.data)
    current_header                           0x2000011c   Data           4  ip.o(.data)
    s_xSemaphore                             0x20000128   Data           4  ethernetif.o(.data)
    pxCurrentTCB                             0x20000134   Data           4  tasks.o(.data)
    __stdout                                 0x2000019c   Data           4  stdout.o(.data)
    xnetif                                   0x200001a0   Data          56  netconf.o(.bss)
    fs_memory                                0x200001d8   Data         240  fs.o(.bss)
    DMARxDscrTab                             0x200002c8   Data         160  stm32f4x7_eth.o(.bss)
    DMATxDscrTab                             0x20000368   Data         160  stm32f4x7_eth.o(.bss)
    Rx_Buff                                  0x20000408   Data        7620  stm32f4x7_eth.o(.bss)
    Tx_Buff                                  0x200021cc   Data        7620  stm32f4x7_eth.o(.bss)
    RX_Frame_Descriptor                      0x20003f90   Data          12  stm32f4x7_eth.o(.bss)
    __initial_sp                             0x2000c138   Data           0  startup_stm32f4xx.o(STACK)



==============================================================================

Memory Map of the image

  Image Entry point : 0x08000189

  Load Region LR_IROM1 (Base: 0x08000000, Size: 0x00017cfc, Max: 0x00100000, ABSOLUTE, COMPRESSED[0x00017bcc])

    Execution Region ER_IROM1 (Base: 0x08000000, Size: 0x00017b5c, Max: 0x00100000, ABSOLUTE)

    Base Addr    Size         Type   Attr      Idx    E Section Name        Object

    0x08000000   0x00000188   Data   RO         1377    RESET               startup_stm32f4xx.o
    0x08000188   0x00000000   Code   RO         1382  * .ARM.Collect$$$$00000000  mc_w.l(entry.o)
    0x08000188   0x00000004   Code   RO         1672    .ARM.Collect$$$$00000001  mc_w.l(entry2.o)
    0x0800018c   0x00000004   Code   RO         1675    .ARM.Collect$$$$00000004  mc_w.l(entry5.o)
    0x08000190   0x00000000   Code   RO         1677    .ARM.Collect$$$$00000008  mc_w.l(entry7b.o)
    0x08000190   0x00000000   Code   RO         1679    .ARM.Collect$$$$0000000A  mc_w.l(entry8b.o)
    0x08000190   0x00000008   Code   RO         1680    .ARM.Collect$$$$0000000B  mc_w.l(entry9a.o)
    0x08000198   0x00000000   Code   RO         1682    .ARM.Collect$$$$0000000D  mc_w.l(entry10a.o)
    0x08000198   0x00000000   Code   RO         1684    .ARM.Collect$$$$0000000F  mc_w.l(entry11a.o)
    0x08000198   0x00000004   Code   RO         1673    .ARM.Collect$$$$00002712  mc_w.l(entry2.o)
    0x0800019c   0x00000088   Code   RO         1342    .emb_text           port.o
    0x08000224   0x00000108   Code   RO            2    .text               main.o
    0x0800032c   0x00000184   Code   RO          250    .text               system_stm32f4xx.o
    0x080004b0   0x00000050   Code   RO          272    .text               stm32f4xx_it.o
    0x08000500   0x000000cc   Code   RO          292    .text               netconf.o
    0x080005cc   0x00000244   Code   RO          357    .text               stm32f4x7_eth_bsp.o
    0x08000810   0x000000d8   Code   RO          375    .text               fs.o
    0x080008e8   0x000003e8   Code   RO          412    .text               httpserver-netconn.o
    0x08000cd0   0x00000e10   Code   RO          439    .text               stm32f4_discovery_lcd.o
    0x08001ae0   0x0000043c   Code   RO          471    .text               stm32f4_discovery.o
    0x08001f1c   0x000000ec   Code   RO          492    .text               stm32f4xx_exti.o
    0x08002008   0x000004b4   Code   RO          508    .text               stm32f4xx_fsmc.o
    0x080024bc   0x00000224   Code   RO          524    .text               stm32f4xx_gpio.o
    0x080026e0   0x00000434   Code   RO          540    .text               stm32f4xx_rcc.o
    0x08002b14   0x000001c4   Code   RO          558    .text               stm32f4xx_sdio.o
    0x08002cd8   0x0000006c   Code   RO          574    .text               stm32f4xx_syscfg.o
    0x08002d44   0x000003b4   Code   RO          590    .text               stm32f4xx_usart.o
    0x080030f8   0x000000bc   Code   RO          606    .text               misc.o
    0x080031b4   0x00000348   Code   RO          638    .text               stm32f4xx_dma.o
    0x080034fc   0x00000bb0   Code   RO          654    .text               stm32f4x7_eth.o
    0x080040ac   0x000002f8   Code   RO          681    .text               api_lib.o
    0x080043a4   0x00000948   Code   RO          716    .text               api_msg.o
    0x08004cec   0x0000014c   Code   RO          746    .text               netbuf.o
    0x08004e38   0x00000324   Code   RO          779    .text               tcpip.o
    0x0800515c   0x0000038c   Code   RO          826    .text               udp.o
    0x080054e8   0x0000001c   Code   RO          867    .text               init.o
    0x08005504   0x00000290   Code   RO          896    .text               mem.o
    0x08005794   0x00000088   Code   RO          911    .text               memp.o
    0x0800581c   0x0000019c   Code   RO          940    .text               netif.o
    0x080059b8   0x0000043a   Code   RO          962    .text               pbuf.o
    0x08005df2   0x00000002   PAD
    0x08005df4   0x00000170   Code   RO          974    .text               raw.o
    0x08005f64   0x000001f0   Code   RO          994    .text               sys.o
    0x08006154   0x00000954   Code   RO         1015    .text               tcp.o
    0x08006aa8   0x00000d74   Code   RO         1036    .text               tcp_in.o
    0x0800781c   0x00000922   Code   RO         1056    .text               tcp_out.o
    0x0800813e   0x00000002   PAD
    0x08008140   0x00000e08   Code   RO         1074    .text               dhcp.o
    0x08008f48   0x0000033c   Code   RO         1087    .text               autoip.o
    0x08009284   0x000001b2   Code   RO         1102    .text               icmp.o
    0x08009436   0x00000002   PAD
    0x08009438   0x000001b0   Code   RO         1120    .text               inet.o
    0x080095e8   0x00000114   Code   RO         1133    .text               inet_chksum.o
    0x080096fc   0x000002e4   Code   RO         1145    .text               ip.o
    0x080099e0   0x0000003c   Code   RO         1163    .text               ip_addr.o
    0x08009a1c   0x000005b8   Code   RO         1192    .text               etharp.o
    0x08009fd4   0x0000023c   Code   RO         1228    .text               ethernetif.o
    0x0800a210   0x000001fc   Code   RO         1247    .text               sys_arch.o
    0x0800a40c   0x0000008c   Code   RO         1287    .text               list.o
    0x0800a498   0x0000048a   Code   RO         1305    .text               queue.o
    0x0800a922   0x00000002   PAD
    0x0800a924   0x00000874   Code   RO         1320    .text               tasks.o
    0x0800b198   0x000000a4   Code   RO         1343    .text               port.o
    0x0800b23c   0x000000f8   Code   RO         1360    .text               heap_2.o
    0x0800b334   0x00000024   Code   RO         1378    .text               startup_stm32f4xx.o
    0x0800b358   0x00000024   Code   RO         1385    .text               mc_w.l(memcpya.o)
    0x0800b37c   0x00000024   Code   RO         1387    .text               mc_w.l(memseta.o)
    0x0800b3a0   0x00000018   Code   RO         1389    .text               mc_w.l(strcat.o)
    0x0800b3b8   0x00000018   Code   RO         1391    .text               mc_w.l(strncpy.o)
    0x0800b3d0   0x0000000e   Code   RO         1393    .text               mc_w.l(strlen.o)
    0x0800b3de   0x0000001c   Code   RO         1395    .text               mc_w.l(strcmp.o)
    0x0800b3fa   0x0000001a   Code   RO         1397    .text               mc_w.l(memcmp.o)
    0x0800b414   0x0000001e   Code   RO         1399    .text               mc_w.l(strncmp.o)
    0x0800b432   0x00000022   Code   RO         1664    .text               mf_w.l(dflti.o)
    0x0800b454   0x0000001a   Code   RO         1666    .text               mf_w.l(dfltui.o)
    0x0800b46e   0x00000002   PAD
    0x0800b470   0x00000028   Code   RO         1668    .text               mf_w.l(cdcmple.o)
    0x0800b498   0x00000028   Code   RO         1670    .text               mf_w.l(cdrcmple.o)
    0x0800b4c0   0x0000002c   Code   RO         1689    .text               mc_w.l(uidiv.o)
    0x0800b4ec   0x00000000   Code   RO         1693    .text               mc_w.l(iusefp.o)
    0x0800b4ec   0x000000be   Code   RO         1694    .text               mf_w.l(depilogue.o)
    0x0800b5aa   0x00000002   PAD
    0x0800b5ac   0x00000024   Code   RO         1704    .text               mc_w.l(init.o)
    0x0800b5d0   0x00000000   Code   RO         1706    .text               mc_w.l(semi.o)
    0x0800b5d0   0x0000001e   Code   RO         1707    .text               mc_w.l(llshl.o)
    0x0800b5ee   0x00000020   Code   RO         1709    .text               mc_w.l(llushr.o)
    0x0800b60e   0x00000000   Code   RO         1713    .text               mc_w.l(iusesemip.o)
    0x0800b60e   0x0000005c   Code   RO         1722    .text               mc_w.l(__dczerorl2.o)
    0x0800b66a   0x00000002   PAD
    0x0800b66c   0x00000020   Code   RO         1492    i.__0printf$3       mc_w.l(printf3.o)
    0x0800b68c   0x00000028   Code   RO         1494    i.__0sprintf$3      mc_w.l(printf3.o)
    0x0800b6b4   0x0000000e   Code   RO         1716    i.__scatterload_copy  mc_w.l(handlers.o)
    0x0800b6c2   0x00000002   Code   RO         1717    i.__scatterload_null  mc_w.l(handlers.o)
    0x0800b6c4   0x0000000e   Code   RO         1718    i.__scatterload_zeroinit  mc_w.l(handlers.o)
    0x0800b6d2   0x00000002   PAD
    0x0800b6d4   0x000001b8   Code   RO         1499    i._printf_core      mc_w.l(printf3.o)
    0x0800b88c   0x0000000a   Code   RO         1501    i._sputc            mc_w.l(printf3.o)
    0x0800b896   0x00000012   Code   RO         1686    i.fputc             mc_w.l(fputc.o)
    0x0800b8a8   0x00000c57   Data   RO          377    .constdata          fs.o
    0x0800c4ff   0x00000aba   Data   RO          378    .constdata          fs.o
    0x0800cfb9   0x0000665d   Data   RO          379    .constdata          fs.o
    0x08013616   0x000004db   Data   RO          380    .constdata          fs.o
    0x08013af1   0x000026c4   Data   RO          381    .constdata          fs.o
    0x080161b5   0x00000003   PAD
    0x080161b8   0x00000014   Data   RO          382    .constdata          fs.o
    0x080161cc   0x00000014   Data   RO          383    .constdata          fs.o
    0x080161e0   0x00000014   Data   RO          384    .constdata          fs.o
    0x080161f4   0x00000014   Data   RO          385    .constdata          fs.o
    0x08016208   0x00000014   Data   RO          386    .constdata          fs.o
    0x0801621c   0x0000063c   Data   RO          413    .constdata          httpserver-netconn.o
    0x08016858   0x000011d0   Data   RO          440    .constdata          stm32f4_discovery_lcd.o
    0x08017a28   0x00000054   Data   RO          472    .constdata          stm32f4_discovery.o
    0x08017a7c   0x00000030   Data   RO          913    .constdata          memp.o
    0x08017aac   0x00000014   Data   RO         1016    .constdata          tcp.o
    0x08017ac0   0x00000004   Data   RO         1164    .constdata          ip_addr.o
    0x08017ac4   0x00000004   Data   RO         1165    .constdata          ip_addr.o
    0x08017ac8   0x0000000c   Data   RO         1194    .constdata          etharp.o
    0x08017ad4   0x00000068   Data   RO         1017    .conststring        tcp.o
    0x08017b3c   0x00000020   Data   RO         1714    Region$$Table       anon$$obj.o


    Execution Region RW_IRAM1 (Base: 0x20000000, Size: 0x0000c138, Max: 0x00020000, ABSOLUTE, COMPRESSED[0x00000070])

    Base Addr    Size         Type   Attr      Idx    E Section Name        Object

    0x20000000   0x00000014   Data   RW          251    .data               system_stm32f4xx.o
    0x20000014   0x00000004   Data   RW          358    .data               stm32f4x7_eth_bsp.o
    0x20000018   0x00000004   Data   RW          414    .data               httpserver-netconn.o
    0x2000001c   0x00000010   Data   RW          444    .data               stm32f4_discovery_lcd.o
    0x2000002c   0x0000002c   Data   RW          473    .data               stm32f4_discovery.o
    0x20000058   0x00000010   Data   RW          541    .data               stm32f4xx_rcc.o
    0x20000068   0x0000000c   Data   RW          660    .data               stm32f4x7_eth.o
    0x20000074   0x00000010   Data   RW          780    .data               tcpip.o
    0x20000084   0x00000004   Data   RW          827    .data               udp.o
    0x20000088   0x00000010   Data   RW          898    .data               mem.o
    0x20000098   0x0000000c   Data   RW          941    .data               netif.o
    0x200000a4   0x00000004   Data   RW          975    .data               raw.o
    0x200000a8   0x0000004c   Data   RW         1018    .data               tcp.o
    0x200000f4   0x0000001c   Data   RW         1038    .data               tcp_in.o
    0x20000110   0x00000004   Data   RW         1075    .data               dhcp.o
    0x20000114   0x0000000c   Data   RW         1146    .data               ip.o
    0x20000120   0x00000001   Data   RW         1195    .data               etharp.o
    0x20000121   0x00000003   PAD
    0x20000124   0x0000000c   Data   RW         1229    .data               ethernetif.o
    0x20000130   0x00000002   Data   RW         1249    .data               sys_arch.o
    0x20000132   0x00000002   PAD
    0x20000134   0x0000004c   Data   RW         1322    .data               tasks.o
    0x20000180   0x00000004   Data   RW         1344    .data               port.o
    0x20000184   0x00000018   Data   RW         1362    .data               heap_2.o
    0x2000019c   0x00000004   Data   RW         1688    .data               mc_w.l(stdout.o)
    0x200001a0   0x00000038   Zero   RW          293    .bss                netconf.o
    0x200001d8   0x000000f0   Zero   RW          376    .bss                fs.o
    0x200002c8   0x000000a0   Zero   RW          655    .bss                stm32f4x7_eth.o
    0x20000368   0x000000a0   Zero   RW          656    .bss                stm32f4x7_eth.o
    0x20000408   0x00001dc4   Zero   RW          657    .bss                stm32f4x7_eth.o
    0x200021cc   0x00001dc4   Zero   RW          658    .bss                stm32f4x7_eth.o
    0x20003f90   0x0000000c   Zero   RW          659    .bss                stm32f4x7_eth.o
    0x20003f9c   0x00001414   Zero   RW          897    .bss                mem.o
    0x200053b0   0x00002b83   Zero   RW          912    .bss                memp.o
    0x20007f33   0x00000001   PAD
    0x20007f34   0x00000014   Zero   RW         1037    .bss                tcp_in.o
    0x20007f48   0x00000010   Zero   RW         1121    .bss                inet.o
    0x20007f58   0x000000a0   Zero   RW         1193    .bss                etharp.o
    0x20007ff8   0x00000030   Zero   RW         1248    .bss                sys_arch.o
    0x20008028   0x0000010e   Zero   RW         1321    .bss                tasks.o
    0x20008136   0x00000002   PAD
    0x20008138   0x00003c00   Zero   RW         1361    .bss                heap_2.o
    0x2000bd38   0x00000400   Zero   RW         1375    STACK               startup_stm32f4xx.o


==============================================================================

Image component sizes


      Code (inc. data)   RO Data    RW Data    ZI Data      Debug   Object Name

       760         44          0          0          0      20238   api_lib.o
      2376         34          0          0          0       8879   api_msg.o
       828         34          0          0          0       4546   autoip.o
      3592         48          0          4          0      12501   dhcp.o
      1464         24         12          1        160       9106   etharp.o
       572         58          0         12          0       3886   ethernetif.o
       216          8      43377          0        240       4917   fs.o
       248         10          0         24      15360       3760   heap_2.o
      1000        464       1596          4          0       8280   httpserver-netconn.o
       434          0          0          0          0       2675   icmp.o
       432         12          0          0         16       3332   inet.o
       276          0          0          0          0       2778   inet_chksum.o
        28          0          0          0          0       1927   init.o
       740         14          0         12          0       6350   ip.o
        60          0          8          0          0       5853   ip_addr.o
       140          0          0          0          0       3273   list.o
       264        104          0          0          0     355746   main.o
       656         10          0         16       5140       4166   mem.o
       136          8         48          0      11139       2678   memp.o
       188         18          0          0          0       2161   misc.o
       332          0          0          0          0       3325   netbuf.o
       204         56          0          0         56       9311   netconf.o
       412         12          0         12          0       5688   netif.o
      1082          0          0          0          0       5956   pbuf.o
       300         24          0          4          0       2769   port.o
      1162          0          0          0          0       7897   queue.o
       368          4          0          4          0       3829   raw.o
        36          8        392          0       1024        788   startup_stm32f4xx.o
      1084         30         84         44          0       5063   stm32f4_discovery.o
      3600         46       4560         16          0      14486   stm32f4_discovery_lcd.o
      2992         88          0         12      15572      21056   stm32f4x7_eth.o
       580         64          0          4          0       1917   stm32f4x7_eth_bsp.o
       840         34          0          0          0       7033   stm32f4xx_dma.o
       236         10          0          0          0       2607   stm32f4xx_exti.o
      1204         10          0          0          0       6167   stm32f4xx_fsmc.o
       548         36          0          0          0       4609   stm32f4xx_gpio.o
        80          4          0          0          0       1469   stm32f4xx_it.o
      1076         44          0         16          0      11931   stm32f4xx_rcc.o
       452         30          0          0          0       7552   stm32f4xx_sdio.o
       108         12          0          0          0       1655   stm32f4xx_syscfg.o
       948         24          0          0          0       8636   stm32f4xx_usart.o
       496          6          0          0          0       3536   sys.o
       508         10          0          2         48       5486   sys_arch.o
       388         36          0         20          0       1911   system_stm32f4xx.o
      2164         62          0         76        270      13549   tasks.o
      2388         44        124         76          0      18492   tcp.o
      3444         66          0         28         20      13992   tcp_in.o
      2338         12          0          0          0       7590   tcp_out.o
       804         58          0         16          0      15161   tcpip.o
       908         10          0          4          0      14143   udp.o

    ----------------------------------------------------------------------
     45500       1730      50236        412      49048     694656   Object Totals
         0          0         32          0          0          0   (incl. Generated)
         8          0          3          5          3          0   (incl. Padding)

    ----------------------------------------------------------------------

      Code (inc. data)   RO Data    RW Data    ZI Data      Debug   Library Member Name

        92          0          0          0          0          0   __dczerorl2.o
         0          0          0          0          0          0   entry.o
         0          0          0          0          0          0   entry10a.o
         0          0          0          0          0          0   entry11a.o
         8          4          0          0          0          0   entry2.o
         4          0          0          0          0          0   entry5.o
         0          0          0          0          0          0   entry7b.o
         0          0          0          0          0          0   entry8b.o
         8          4          0          0          0          0   entry9a.o
        18          0          0          0          0         80   fputc.o
        30          0          0          0          0          0   handlers.o
        36          8          0          0          0         68   init.o
         0          0          0          0          0          0   iusefp.o
         0          0          0          0          0          0   iusesemip.o
        30          0          0          0          0         68   llshl.o
        32          0          0          0          0         68   llushr.o
        26          0          0          0          0         80   memcmp.o
        36          0          0          0          0         68   memcpya.o
        36          0          0          0          0        108   memseta.o
       522         20          0          0          0        332   printf3.o
         0          0          0          0          0          0   semi.o
         0          0          0          4          0          0   stdout.o
        24          0          0          0          0         68   strcat.o
        28          0          0          0          0         76   strcmp.o
        14          0          0          0          0         68   strlen.o
        30          0          0          0          0         80   strncmp.o
        24          0          0          0          0         76   strncpy.o
        44          0          0          0          0         80   uidiv.o
        40          2          0          0          0         68   cdcmple.o
        40          2          0          0          0         68   cdrcmple.o
       190          0          0          0          0        176   depilogue.o
        34          0          0          0          0         76   dflti.o
        26          0          0          0          0         76   dfltui.o

    ----------------------------------------------------------------------
      1380         40          0          4          0       1784   Library Totals
         8          0          0          0          0          0   (incl. Padding)

    ----------------------------------------------------------------------

      Code (inc. data)   RO Data    RW Data    ZI Data      Debug   Library Name

      1042         36          0          4          0       1320   mc_w.l
       330          4          0          0          0        464   mf_w.l

    ----------------------------------------------------------------------
      1380         40          0          4          0       1784   Library Totals

    ----------------------------------------------------------------------

==============================================================================


      Code (inc. data)   RO Data    RW Data    ZI Data      Debug   

     46880       1770      50236        416      49048     689940   Grand Totals
     46880       1770      50236        112      49048     689940   ELF Image Totals (compressed)
     46880       1770      50236        112          0          0   ROM Totals

==============================================================================

    Total RO  Size (Code + RO Data)                97116 (  94.84kB)
    Total RW  Size (RW Data + ZI Data)             49464 (  48.30kB)
    Total ROM Size (Code + RO Data + RW Data)      97228 (  94.95kB)

==============================================================================

