<html>
<body>
<pre>
<h1>µVision Build Log</h1>
<h2>Project:</h2>
C:\Users\User\Desktop\uVisionWorkspace\tmp\Codes\STM32F4xx_Ethernet_Example\Project\FreeRTOS\httpserver_netconn\MDK-ARM\Project.uvproj
Project File Date:  07/19/2013

<h2>Output:</h2>
Build target 'Discover-More'
compiling main.c...
compiling system_stm32f4xx.c...
compiling stm32f4xx_it.c...
compiling netconf.c...
compiling stm32f4x7_eth_bsp.c...
compiling fs.c...
compiling httpserver-netconn.c...
compiling stm32f4_discovery_lcd.c...
compiling stm32f4_discovery.c...
compiling stm32f4xx_exti.c...
compiling stm32f4xx_fsmc.c...
compiling stm32f4xx_gpio.c...
compiling stm32f4xx_rcc.c...
compiling stm32f4xx_sdio.c...
compiling stm32f4xx_syscfg.c...
compiling stm32f4xx_usart.c...
compiling misc.c...
compiling stm32f4xx_adc.c...
compiling stm32f4xx_dma.c...
compiling stm32f4x7_eth.c...
compiling api_lib.c...
compiling api_msg.c...
..\..\..\..\Utilities\lwip_v1.3.2\src\api\api_msg.c(496): warning: C4017W: size may be used before being set
compiling err.c...
compiling netbuf.c...
compiling netdb.c...
compiling netifapi.c...
compiling sockets.c...
compiling tcpip.c...
compiling udp.c...
compiling init.c...
compiling mem.c...
compiling memp.c...
compiling netif.c...
compiling pbuf.c...
compiling raw.c...
compiling stats.c...
compiling sys.c...
compiling tcp.c...
compiling tcp_in.c...
compiling tcp_out.c...
..\..\..\..\Utilities\lwip_v1.3.2\src\core\tcp_out.c(465): warning:  #550-D: variable "tcphdr" was set but never used
..\..\..\..\Utilities\lwip_v1.3.2\src\core\tcp_out.c(935): warning:  #550-D: variable "tcphdr" was set but never used
compiling dns.c...
compiling dhcp.c...
compiling autoip.c...
compiling icmp.c...
compiling igmp.c...
compiling inet.c...
compiling inet_chksum.c...
compiling ip.c...
compiling ip_addr.c...
compiling ip_frag.c...
compiling etharp.c...
compiling loopif.c...
compiling slipif.c...
compiling ethernetif.c...
compiling sys_arch.c...
compiling croutine.c...
compiling list.c...
compiling queue.c...
compiling tasks.c...
compiling port.c...
compiling heap_2.c...
assembling startup_stm32f4xx.s...
linking...
Program Size: Code=46880 RO-data=50236 RW-data=416 ZI-data=49048  
".\Discover-More\Project.axf" - 0 Errors, 3 Warning(s).
