<html>
<body>
<pre>
<h1>µVision Build Log</h1>
<h2>Project:</h2>
C:\Users\User\Desktop\uVisionWorkspace\udp\Codes\STM32F4xx_Ethernet_Example\Project\FreeRTOS\udptcp_echo_server_netconn\MDK-ARM\Project.uvproj
Project File Date:  07/19/2013

<h2>Output:</h2>
Build target 'Discover-More'
compiling main.c...
..\src\main.c(236): warning:  #177-D: variable "ain" was declared but never referenced
..\src\main.c(180): warning:  #177-D: variable "err" was declared but never referenced
..\src\main.c(182): warning:  #177-D: variable "tekst" was declared but never referenced
..\src\main.c(184): warning:  #177-D: variable "prev" was declared but never referenced
..\src\main.c(185): warning:  #550-D: variable "dane" was set but never used
linking...
Program Size: Code=46958 RO-data=5262 RW-data=440 ZI-data=52816  
".\Discover-More\Project.axf" - 0 Errors, 5 Warning(s).
Load "C:\\Users\\User\\Desktop\\uVisionWorkspace\\udp\\Codes\\STM32F4xx_Ethernet_Example\\Project\\FreeRTOS\\udptcp_echo_server_netconn\\MDK-ARM\\Discover-More\\Project.axf" 
Erase Done.
Programming Done.
Verify OK.
