ARM Linker, 5.03 [Build 76] [MDK-ARM Standard]

==============================================================================

Section Cross References

    main.o(.text) refers to stm32f4_discovery.o(.text) for STM_EVAL_LEDToggle
    main.o(.text) refers to tasks.o(.text) for vTaskDelay
    main.o(.text) refers to api_lib.o(.text) for netconn_new_with_proto_and_callback
    main.o(.text) refers to netbuf.o(.text) for netbuf_new
    main.o(.text) refers to inet.o(.text) for htonl
    main.o(.text) refers to pbuf.o(.text) for pbuf_copy_partial
    main.o(.text) refers to stm32f4xx_adc.o(.text) for ADC_GetITStatus
    main.o(.text) refers to queue.o(.text) for xQueueGenericSendFromISR
    main.o(.text) refers to stm32f4xx_rcc.o(.text) for RCC_APB2PeriphClockCmd
    main.o(.text) refers to stm32f4xx_gpio.o(.text) for GPIO_Init
    main.o(.text) refers to misc.o(.text) for NVIC_Init
    main.o(.text) refers to stm32f4_discovery_lcd.o(.text) for LCD_Clear
    main.o(.text) refers to stm32f4x7_eth_bsp.o(.text) for ETH_BSP_Config
    main.o(.text) refers to netconf.o(.text) for LwIP_Init
    main.o(.text) refers to sys_arch.o(.text) for sys_thread_new
    main.o(.text) refers to main.o(.data) for .data
    main.o(.text) refers to netconf.o(.bss) for xnetif
    main.o(.text) refers to ip_addr.o(.constdata) for ip_addr_any
    main.o(.text) refers to main.o(.bss) for .bss
    main.o(.text) refers to stm32f4_discovery.o(.data) for NVIC_InitStructure
    system_stm32f4xx.o(.text) refers to system_stm32f4xx.o(.data) for .data
    stm32f4xx_it.o(.text) refers to port.o(.text) for xPortSysTickHandler
    stm32f4xx_it.o(.text) refers to stm32f4x7_eth.o(.text) for ETH_GetDMAFlagStatus
    stm32f4xx_it.o(.text) refers to queue.o(.text) for xQueueGenericSendFromISR
    stm32f4xx_it.o(.text) refers to ethernetif.o(.data) for s_xSemaphore
    netconf.o(.text) refers to tcpip.o(.text) for tcpip_init
    netconf.o(.text) refers to inet.o(.text) for htonl
    netconf.o(.text) refers to printf3.o(i.__0sprintf$3) for __2sprintf
    netconf.o(.text) refers to stm32f4_discovery_lcd.o(.text) for LCD_GetFont
    netconf.o(.text) refers to netif.o(.text) for netif_add
    netconf.o(.text) refers to ethernetif.o(.text) for ethernetif_init
    netconf.o(.text) refers to netconf.o(.bss) for .bss
    stm32f4x7_eth_bsp.o(.text) refers to stm32f4xx_rcc.o(.text) for RCC_AHB1PeriphClockCmd
    stm32f4x7_eth_bsp.o(.text) refers to stm32f4x7_eth.o(.text) for ETH_DeInit
    stm32f4x7_eth_bsp.o(.text) refers to misc.o(.text) for NVIC_PriorityGroupConfig
    stm32f4x7_eth_bsp.o(.text) refers to stm32f4xx_syscfg.o(.text) for SYSCFG_ETH_MediaInterfaceConfig
    stm32f4x7_eth_bsp.o(.text) refers to stm32f4xx_gpio.o(.text) for GPIO_Init
    stm32f4x7_eth_bsp.o(.text) refers to stm32f4_discovery_lcd.o(.text) for LCD_SetTextColor
    stm32f4x7_eth_bsp.o(.text) refers to stm32f4x7_eth_bsp.o(.data) for .data
    tcpecho.o(.text) refers to api_lib.o(.text) for netconn_new_with_proto_and_callback
    tcpecho.o(.text) refers to printf3.o(i.__0printf$3) for __2printf
    tcpecho.o(.text) refers to netbuf.o(.text) for netbuf_data
    tcpecho.o(.text) refers to sys_arch.o(.text) for sys_thread_new
    stm32f4_discovery_lcd.o(.text) refers to stm32f4xx_fsmc.o(.text) for FSMC_NORSRAMCmd
    stm32f4_discovery_lcd.o(.text) refers to stm32f4xx_gpio.o(.text) for GPIO_Init
    stm32f4_discovery_lcd.o(.text) refers to stm32f4xx_rcc.o(.text) for RCC_AHB1PeriphClockCmd
    stm32f4_discovery_lcd.o(.text) refers to stm32f4_discovery_lcd.o(.data) for .data
    stm32f4_discovery_lcd.o(.text) refers to dfltui.o(.text) for __aeabi_ui2d
    stm32f4_discovery_lcd.o(.text) refers to dflti.o(.text) for __aeabi_i2d
    stm32f4_discovery_lcd.o(.text) refers to cdcmple.o(.text) for __aeabi_cdcmple
    stm32f4_discovery_lcd.o(.text) refers to cdrcmple.o(.text) for __aeabi_cdrcmple
    stm32f4_discovery_lcd.o(.data) refers to stm32f4_discovery_lcd.o(.constdata) for ASCII16x24_Table
    stm32f4_discovery_lcd.o(.data) refers to stm32f4_discovery_lcd.o(.constdata) for ASCII12x12_Table
    stm32f4_discovery_lcd.o(.data) refers to stm32f4_discovery_lcd.o(.constdata) for ASCII8x12_Table
    stm32f4_discovery_lcd.o(.data) refers to stm32f4_discovery_lcd.o(.constdata) for ASCII8x8_Table
    stm32f4_discovery.o(.text) refers to stm32f4xx_rcc.o(.text) for RCC_AHB1PeriphClockCmd
    stm32f4_discovery.o(.text) refers to stm32f4xx_gpio.o(.text) for GPIO_Init
    stm32f4_discovery.o(.text) refers to stm32f4xx_syscfg.o(.text) for SYSCFG_EXTILineConfig
    stm32f4_discovery.o(.text) refers to stm32f4xx_exti.o(.text) for EXTI_Init
    stm32f4_discovery.o(.text) refers to misc.o(.text) for NVIC_Init
    stm32f4_discovery.o(.text) refers to stm32f4xx_usart.o(.text) for USART_Init
    stm32f4_discovery.o(.text) refers to stm32f4xx_sdio.o(.text) for SDIO_ClockCmd
[...]
    LCD_DrawMonoPict                         0x080013d9   Thumb Code    70  stm32f4_discovery_lcd.o(.text)
    LCD_WriteBMP                             0x0800141f   Thumb Code     2  stm32f4_discovery_lcd.o(.text)
    LCD_DrawFullRect                         0x08001421   Thumb Code   132  stm32f4_discovery_lcd.o(.text)
    LCD_DrawFullCircle                       0x080014a5   Thumb Code   168  stm32f4_discovery_lcd.o(.text)
    LCD_DrawUniLine                          0x0800154d   Thumb Code   184  stm32f4_discovery_lcd.o(.text)
    LCD_PolyLine                             0x08001605   Thumb Code    40  stm32f4_discovery_lcd.o(.text)
    LCD_ClosedPolyLine                       0x0800168d   Thumb Code    34  stm32f4_discovery_lcd.o(.text)
    LCD_PolyLineRelative                     0x080016af   Thumb Code     4  stm32f4_discovery_lcd.o(.text)
    LCD_ClosedPolyLineRelative               0x080016b3   Thumb Code     4  stm32f4_discovery_lcd.o(.text)
    LCD_FillPolyLine                         0x080016b7   Thumb Code   458  stm32f4_discovery_lcd.o(.text)
    STM_EVAL_LEDInit                         0x08001885   Thumb Code    62  stm32f4_discovery.o(.text)
    STM_EVAL_LEDOn                           0x080018c3   Thumb Code    18  stm32f4_discovery.o(.text)
    STM_EVAL_LEDOff                          0x080018d5   Thumb Code    18  stm32f4_discovery.o(.text)
    STM_EVAL_LEDToggle                       0x080018e7   Thumb Code    22  stm32f4_discovery.o(.text)
    STM_EVAL_PBInit                          0x080018fd   Thumb Code   148  stm32f4_discovery.o(.text)
    STM_EVAL_PBGetState                      0x08001991   Thumb Code    20  stm32f4_discovery.o(.text)
    STM_EVAL_COMInit                         0x080019a5   Thumb Code   192  stm32f4_discovery.o(.text)
    SD_LowLevel_DeInit                       0x08001a65   Thumb Code   142  stm32f4_discovery.o(.text)
    SD_LowLevel_Init                         0x08001af3   Thumb Code   178  stm32f4_discovery.o(.text)
    SD_LowLevel_DMA_TxConfig                 0x08001ba5   Thumb Code   128  stm32f4_discovery.o(.text)
    SD_LowLevel_DMA_RxConfig                 0x08001c25   Thumb Code   156  stm32f4_discovery.o(.text)
    USART_DeInit                             0x08001cc1   Thumb Code   168  stm32f4xx_usart.o(.text)
    USART_Init                               0x08001d69   Thumb Code   180  stm32f4xx_usart.o(.text)
    USART_StructInit                         0x08001e1d   Thumb Code    22  stm32f4xx_usart.o(.text)
    USART_ClockInit                          0x08001e33   Thumb Code    28  stm32f4xx_usart.o(.text)
    USART_ClockStructInit                    0x08001e4f   Thumb Code    12  stm32f4xx_usart.o(.text)
    USART_Cmd                                0x08001e5b   Thumb Code    24  stm32f4xx_usart.o(.text)
    USART_SetPrescaler                       0x08001e73   Thumb Code    16  stm32f4xx_usart.o(.text)
    USART_OverSampling8Cmd                   0x08001e83   Thumb Code    24  stm32f4xx_usart.o(.text)
    USART_OneBitMethodCmd                    0x08001e9b   Thumb Code    24  stm32f4xx_usart.o(.text)
    USART_SendData                           0x08001eb3   Thumb Code     8  stm32f4xx_usart.o(.text)
    USART_ReceiveData                        0x08001ebb   Thumb Code     8  stm32f4xx_usart.o(.text)
    USART_SetAddress                         0x08001ec3   Thumb Code    16  stm32f4xx_usart.o(.text)
    USART_ReceiverWakeUpCmd                  0x08001ed3   Thumb Code    24  stm32f4xx_usart.o(.text)
    USART_WakeUpConfig                       0x08001eeb   Thumb Code    16  stm32f4xx_usart.o(.text)
    USART_LINBreakDetectLengthConfig         0x08001efb   Thumb Code    16  stm32f4xx_usart.o(.text)
    USART_LINCmd                             0x08001f0b   Thumb Code    24  stm32f4xx_usart.o(.text)
    USART_SendBreak                          0x08001f23   Thumb Code    10  stm32f4xx_usart.o(.text)
    USART_HalfDuplexCmd                      0x08001f2d   Thumb Code    24  stm32f4xx_usart.o(.text)
    USART_SetGuardTime                       0x08001f45   Thumb Code    16  stm32f4xx_usart.o(.text)
    USART_SmartCardCmd                       0x08001f55   Thumb Code    24  stm32f4xx_usart.o(.text)
    USART_SmartCardNACKCmd                   0x08001f6d   Thumb Code    24  stm32f4xx_usart.o(.text)
    USART_IrDAConfig                         0x08001f85   Thumb Code    16  stm32f4xx_usart.o(.text)
    USART_IrDACmd                            0x08001f95   Thumb Code    24  stm32f4xx_usart.o(.text)
    USART_DMACmd                             0x08001fad   Thumb Code    20  stm32f4xx_usart.o(.text)
    USART_ITConfig                           0x08001fc1   Thumb Code    54  stm32f4xx_usart.o(.text)
    USART_GetFlagStatus                      0x08001ff7   Thumb Code    14  stm32f4xx_usart.o(.text)
    USART_ClearFlag                          0x08002005   Thumb Code     8  stm32f4xx_usart.o(.text)
    USART_GetITStatus                        0x0800200d   Thumb Code    64  stm32f4xx_usart.o(.text)
    USART_ClearITPendingBit                  0x0800204d   Thumb Code    16  stm32f4xx_usart.o(.text)
    NVIC_PriorityGroupConfig                 0x08002075   Thumb Code    10  misc.o(.text)
    NVIC_Init                                0x0800207f   Thumb Code    94  misc.o(.text)
    NVIC_SetVectorTable                      0x080020dd   Thumb Code    14  misc.o(.text)
    NVIC_SystemLPConfig                      0x080020eb   Thumb Code    24  misc.o(.text)
    SysTick_CLKSourceConfig                  0x08002103   Thumb Code    28  misc.o(.text)
    ADC_DeInit                               0x08002131   Thumb Code    24  stm32f4xx_adc.o(.text)
    ADC_Init                                 0x08002149   Thumb Code    66  stm32f4xx_adc.o(.text)
    ADC_StructInit                           0x0800218b   Thumb Code    20  stm32f4xx_adc.o(.text)
    ADC_CommonInit                           0x0800219f   Thumb Code    40  stm32f4xx_adc.o(.text)
    ADC_CommonStructInit                     0x080021c7   Thumb Code    12  stm32f4xx_adc.o(.text)
    ADC_Cmd                                  0x080021d3   Thumb Code    24  stm32f4xx_adc.o(.text)
    ADC_AnalogWatchdogCmd                    0x080021eb   Thumb Code    12  stm32f4xx_adc.o(.text)
    ADC_AnalogWatchdogThresholdsConfig       0x080021f7   Thumb Code     6  stm32f4xx_adc.o(.text)
    ADC_AnalogWatchdogSingleChannelConfig    0x080021fd   Thumb Code    12  stm32f4xx_adc.o(.text)
    ADC_TempSensorVrefintCmd                 0x08002209   Thumb Code    34  stm32f4xx_adc.o(.text)
    ADC_VBATCmd                              0x0800222b   Thumb Code    34  stm32f4xx_adc.o(.text)
    ADC_RegularChannelConfig                 0x0800224d   Thumb Code   116  stm32f4xx_adc.o(.text)
    ADC_SoftwareStartConv                    0x080022c1   Thumb Code    10  stm32f4xx_adc.o(.text)
    ADC_GetSoftwareStartConvStatus           0x080022cb   Thumb Code    16  stm32f4xx_adc.o(.text)
    ADC_EOCOnEachRegularChannelCmd           0x080022db   Thumb Code    24  stm32f4xx_adc.o(.text)
    ADC_ContinuousModeCmd                    0x080022f3   Thumb Code    24  stm32f4xx_adc.o(.text)
    ADC_DiscModeChannelCountConfig           0x0800230b   Thumb Code    16  stm32f4xx_adc.o(.text)
    ADC_DiscModeCmd                          0x0800231b   Thumb Code    24  stm32f4xx_adc.o(.text)
    ADC_GetConversionValue                   0x08002333   Thumb Code     6  stm32f4xx_adc.o(.text)
    ADC_GetMultiModeConversionValue          0x08002339   Thumb Code     8  stm32f4xx_adc.o(.text)
    ADC_DMACmd                               0x08002341   Thumb Code    24  stm32f4xx_adc.o(.text)
    ADC_DMARequestAfterLastTransferCmd       0x08002359   Thumb Code    24  stm32f4xx_adc.o(.text)
    ADC_MultiModeDMARequestAfterLastTransferCmd 0x08002371   Thumb Code    34  stm32f4xx_adc.o(.text)
    ADC_InjectedChannelConfig                0x08002393   Thumb Code    74  stm32f4xx_adc.o(.text)
    ADC_InjectedSequencerLengthConfig        0x080023dd   Thumb Code    16  stm32f4xx_adc.o(.text)
    ADC_SetInjectedOffset                    0x080023ed   Thumb Code    16  stm32f4xx_adc.o(.text)
    ADC_ExternalTrigInjectedConvConfig       0x080023fd   Thumb Code    12  stm32f4xx_adc.o(.text)
    ADC_ExternalTrigInjectedConvEdgeConfig   0x08002409   Thumb Code    12  stm32f4xx_adc.o(.text)
    ADC_SoftwareStartInjectedConv            0x08002415   Thumb Code    10  stm32f4xx_adc.o(.text)
    ADC_GetSoftwareStartInjectedConvCmdStatus 0x0800241f   Thumb Code    16  stm32f4xx_adc.o(.text)
    ADC_AutoInjectedConvCmd                  0x0800242f   Thumb Code    24  stm32f4xx_adc.o(.text)
    ADC_InjectedDiscModeCmd                  0x08002447   Thumb Code    24  stm32f4xx_adc.o(.text)
    ADC_GetInjectedConversionValue           0x0800245f   Thumb Code    20  stm32f4xx_adc.o(.text)
    ADC_ITConfig                             0x08002473   Thumb Code    24  stm32f4xx_adc.o(.text)
    ADC_GetFlagStatus                        0x0800248b   Thumb Code    14  stm32f4xx_adc.o(.text)
    ADC_ClearFlag                            0x08002499   Thumb Code     6  stm32f4xx_adc.o(.text)
    ADC_GetITStatus                          0x0800249f   Thumb Code    30  stm32f4xx_adc.o(.text)
    ADC_ClearITPendingBit                    0x080024bd   Thumb Code     8  stm32f4xx_adc.o(.text)
    DMA_DeInit                               0x080024dd   Thumb Code   278  stm32f4xx_dma.o(.text)
    DMA_Init                                 0x080025f3   Thumb Code    80  stm32f4xx_dma.o(.text)
    DMA_StructInit                           0x08002643   Thumb Code    34  stm32f4xx_dma.o(.text)
    DMA_Cmd                                  0x08002665   Thumb Code    24  stm32f4xx_dma.o(.text)
    DMA_PeriphIncOffsetSizeConfig            0x0800267d   Thumb Code    24  stm32f4xx_dma.o(.text)
    DMA_FlowControllerConfig                 0x08002695   Thumb Code    24  stm32f4xx_dma.o(.text)
    DMA_SetCurrDataCounter                   0x080026ad   Thumb Code     4  stm32f4xx_dma.o(.text)
    DMA_GetCurrDataCounter                   0x080026b1   Thumb Code     6  stm32f4xx_dma.o(.text)
    DMA_DoubleBufferModeConfig               0x080026b7   Thumb Code    26  stm32f4xx_dma.o(.text)
    DMA_DoubleBufferModeCmd                  0x080026d1   Thumb Code    24  stm32f4xx_dma.o(.text)
    DMA_MemoryTargetConfig                   0x080026e9   Thumb Code    12  stm32f4xx_dma.o(.text)
    DMA_GetCurrentMemoryTarget               0x080026f5   Thumb Code    16  stm32f4xx_dma.o(.text)
    DMA_GetCmdStatus                         0x08002705   Thumb Code    14  stm32f4xx_dma.o(.text)
    DMA_GetFIFOStatus                        0x08002713   Thumb Code     8  stm32f4xx_dma.o(.text)
    DMA_GetFlagStatus                        0x0800271b   Thumb Code    42  stm32f4xx_dma.o(.text)
    DMA_ClearFlag                            0x08002745   Thumb Code    34  stm32f4xx_dma.o(.text)
    DMA_ITConfig                             0x08002767   Thumb Code    52  stm32f4xx_dma.o(.text)
    DMA_GetITStatus                          0x0800279b   Thumb Code    70  stm32f4xx_dma.o(.text)
    DMA_ClearITPendingBit                    0x080027e1   Thumb Code    34  stm32f4xx_dma.o(.text)
    EXTI_DeInit                              0x08002825   Thumb Code    28  stm32f4xx_exti.o(.text)
    EXTI_Init                                0x08002841   Thumb Code   110  stm32f4xx_exti.o(.text)
    EXTI_StructInit                          0x080028af   Thumb Code    14  stm32f4xx_exti.o(.text)
    EXTI_GenerateSWInterrupt                 0x080028bd   Thumb Code    12  stm32f4xx_exti.o(.text)
    EXTI_GetFlagStatus                       0x080028c9   Thumb Code    18  stm32f4xx_exti.o(.text)
    EXTI_ClearFlag                           0x080028db   Thumb Code     8  stm32f4xx_exti.o(.text)
    EXTI_GetITStatus                         0x080028e3   Thumb Code    28  stm32f4xx_exti.o(.text)
    EXTI_ClearITPendingBit                   0x080028ff   Thumb Code     8  stm32f4xx_exti.o(.text)
    FSMC_NORSRAMDeInit                       0x08002911   Thumb Code    42  stm32f4xx_fsmc.o(.text)
    FSMC_NORSRAMInit                         0x0800293b   Thumb Code   192  stm32f4xx_fsmc.o(.text)
    FSMC_NORSRAMStructInit                   0x080029fb   Thumb Code    98  stm32f4xx_fsmc.o(.text)
    FSMC_NORSRAMCmd                          0x08002a5d   Thumb Code    32  stm32f4xx_fsmc.o(.text)
    FSMC_NANDDeInit                          0x08002a7d   Thumb Code    40  stm32f4xx_fsmc.o(.text)
    FSMC_NANDInit                            0x08002aa5   Thumb Code   104  stm32f4xx_fsmc.o(.text)
    FSMC_NANDStructInit                      0x08002b0d   Thumb Code    54  stm32f4xx_fsmc.o(.text)
    FSMC_NANDCmd                             0x08002b43   Thumb Code    60  stm32f4xx_fsmc.o(.text)
    FSMC_NANDECCCmd                          0x08002b7f   Thumb Code    60  stm32f4xx_fsmc.o(.text)
    FSMC_GetECC                              0x08002bbb   Thumb Code    18  stm32f4xx_fsmc.o(.text)
    FSMC_PCCARDDeInit                        0x08002bcd   Thumb Code    22  stm32f4xx_fsmc.o(.text)
    FSMC_PCCARDInit                          0x08002be3   Thumb Code   110  stm32f4xx_fsmc.o(.text)
    FSMC_PCCARDStructInit                    0x08002c51   Thumb Code    60  stm32f4xx_fsmc.o(.text)
    FSMC_PCCARDCmd                           0x08002c8d   Thumb Code    34  stm32f4xx_fsmc.o(.text)
    FSMC_ITConfig                            0x08002caf   Thumb Code    86  stm32f4xx_fsmc.o(.text)
    FSMC_GetFlagStatus                       0x08002d05   Thumb Code    40  stm32f4xx_fsmc.o(.text)
    FSMC_ClearFlag                           0x08002d2d   Thumb Code    42  stm32f4xx_fsmc.o(.text)
    FSMC_GetITStatus                         0x08002d57   Thumb Code    52  stm32f4xx_fsmc.o(.text)
    FSMC_ClearITPendingBit                   0x08002d8b   Thumb Code    48  stm32f4xx_fsmc.o(.text)
    GPIO_DeInit                              0x08002dc5   Thumb Code   240  stm32f4xx_gpio.o(.text)
    GPIO_Init                                0x08002eb5   Thumb Code   124  stm32f4xx_gpio.o(.text)
    GPIO_StructInit                          0x08002f31   Thumb Code    18  stm32f4xx_gpio.o(.text)
    GPIO_PinLockConfig                       0x08002f43   Thumb Code    26  stm32f4xx_gpio.o(.text)
    GPIO_ReadInputDataBit                    0x08002f5d   Thumb Code    14  stm32f4xx_gpio.o(.text)
    GPIO_ReadInputData                       0x08002f6b   Thumb Code     6  stm32f4xx_gpio.o(.text)
    GPIO_ReadOutputDataBit                   0x08002f71   Thumb Code    14  stm32f4xx_gpio.o(.text)
    GPIO_ReadOutputData                      0x08002f7f   Thumb Code     6  stm32f4xx_gpio.o(.text)
    GPIO_SetBits                             0x08002f85   Thumb Code     4  stm32f4xx_gpio.o(.text)
    GPIO_ResetBits                           0x08002f89   Thumb Code     4  stm32f4xx_gpio.o(.text)
    GPIO_WriteBit                            0x08002f8d   Thumb Code    12  stm32f4xx_gpio.o(.text)
    GPIO_Write                               0x08002f99   Thumb Code     4  stm32f4xx_gpio.o(.text)
    GPIO_ToggleBits                          0x08002f9d   Thumb Code     8  stm32f4xx_gpio.o(.text)
    GPIO_PinAFConfig                         0x08002fa5   Thumb Code    32  stm32f4xx_gpio.o(.text)
    RCC_DeInit                               0x08002fe9   Thumb Code    48  stm32f4xx_rcc.o(.text)
    RCC_HSEConfig                            0x08003019   Thumb Code    12  stm32f4xx_rcc.o(.text)
    RCC_GetFlagStatus                        0x08003025   Thumb Code    50  stm32f4xx_rcc.o(.text)
    RCC_WaitForHSEStartUp                    0x08003057   Thumb Code    48  stm32f4xx_rcc.o(.text)
    RCC_AdjustHSICalibrationValue            0x08003087   Thumb Code    16  stm32f4xx_rcc.o(.text)
    RCC_HSICmd                               0x08003097   Thumb Code     6  stm32f4xx_rcc.o(.text)
    RCC_LSEConfig                            0x0800309d   Thumb Code    30  stm32f4xx_rcc.o(.text)
    RCC_LSICmd                               0x080030bb   Thumb Code     6  stm32f4xx_rcc.o(.text)
    RCC_PLLConfig                            0x080030c1   Thumb Code    34  stm32f4xx_rcc.o(.text)
    RCC_PLLCmd                               0x080030e3   Thumb Code     6  stm32f4xx_rcc.o(.text)
    RCC_PLLI2SConfig                         0x080030e9   Thumb Code    14  stm32f4xx_rcc.o(.text)
    RCC_PLLI2SCmd                            0x080030f7   Thumb Code     6  stm32f4xx_rcc.o(.text)
    RCC_ClockSecuritySystemCmd               0x080030fd   Thumb Code     6  stm32f4xx_rcc.o(.text)
    RCC_MCO1Config                           0x08003103   Thumb Code    18  stm32f4xx_rcc.o(.text)
    RCC_MCO2Config                           0x08003115   Thumb Code    18  stm32f4xx_rcc.o(.text)
    RCC_SYSCLKConfig                         0x08003127   Thumb Code    16  stm32f4xx_rcc.o(.text)
    RCC_GetSYSCLKSource                      0x08003137   Thumb Code    12  stm32f4xx_rcc.o(.text)
    RCC_HCLKConfig                           0x08003143   Thumb Code    16  stm32f4xx_rcc.o(.text)
    RCC_PCLK1Config                          0x08003153   Thumb Code    16  stm32f4xx_rcc.o(.text)
    RCC_PCLK2Config                          0x08003163   Thumb Code    18  stm32f4xx_rcc.o(.text)
    RCC_GetClocksFreq                        0x08003175   Thumb Code   150  stm32f4xx_rcc.o(.text)
    RCC_RTCCLKConfig                         0x0800320b   Thumb Code    42  stm32f4xx_rcc.o(.text)
    RCC_RTCCLKCmd                            0x08003235   Thumb Code     8  stm32f4xx_rcc.o(.text)
    RCC_BackupResetCmd                       0x0800323d   Thumb Code     8  stm32f4xx_rcc.o(.text)
    RCC_I2SCLKConfig                         0x08003245   Thumb Code     6  stm32f4xx_rcc.o(.text)
    RCC_AHB1PeriphClockCmd                   0x0800324b   Thumb Code    24  stm32f4xx_rcc.o(.text)
    RCC_AHB2PeriphClockCmd                   0x08003263   Thumb Code    24  stm32f4xx_rcc.o(.text)
    RCC_AHB3PeriphClockCmd                   0x0800327b   Thumb Code    24  stm32f4xx_rcc.o(.text)
    RCC_APB1PeriphClockCmd                   0x08003293   Thumb Code    24  stm32f4xx_rcc.o(.text)
    RCC_APB2PeriphClockCmd                   0x080032ab   Thumb Code    24  stm32f4xx_rcc.o(.text)
    RCC_AHB1PeriphResetCmd                   0x080032c3   Thumb Code    24  stm32f4xx_rcc.o(.text)
    RCC_AHB2PeriphResetCmd                   0x080032db   Thumb Code    24  stm32f4xx_rcc.o(.text)
    RCC_AHB3PeriphResetCmd                   0x080032f3   Thumb Code    24  stm32f4xx_rcc.o(.text)
    RCC_APB1PeriphResetCmd                   0x0800330b   Thumb Code    24  stm32f4xx_rcc.o(.text)
    RCC_APB2PeriphResetCmd                   0x08003323   Thumb Code    24  stm32f4xx_rcc.o(.text)
    RCC_AHB1PeriphClockLPModeCmd             0x0800333b   Thumb Code    24  stm32f4xx_rcc.o(.text)
    RCC_AHB2PeriphClockLPModeCmd             0x08003353   Thumb Code    24  stm32f4xx_rcc.o(.text)
    RCC_AHB3PeriphClockLPModeCmd             0x0800336b   Thumb Code    24  stm32f4xx_rcc.o(.text)
    RCC_APB1PeriphClockLPModeCmd             0x08003383   Thumb Code    24  stm32f4xx_rcc.o(.text)
    RCC_APB2PeriphClockLPModeCmd             0x0800339b   Thumb Code    24  stm32f4xx_rcc.o(.text)
    RCC_ITConfig                             0x080033b3   Thumb Code    62  stm32f4xx_rcc.o(.text)
    RCC_ClearFlag                            0x080033f1   Thumb Code    12  stm32f4xx_rcc.o(.text)
    RCC_GetITStatus                          0x080033fd   Thumb Code    18  stm32f4xx_rcc.o(.text)
    RCC_ClearITPendingBit                    0x0800340f   Thumb Code     8  stm32f4xx_rcc.o(.text)
    SDIO_DeInit                              0x0800341d   Thumb Code    24  stm32f4xx_sdio.o(.text)
    SDIO_Init                                0x08003435   Thumb Code    40  stm32f4xx_sdio.o(.text)
    SDIO_StructInit                          0x0800345d   Thumb Code    16  stm32f4xx_sdio.o(.text)
    SDIO_ClockCmd                            0x0800346d   Thumb Code     6  stm32f4xx_sdio.o(.text)
    SDIO_SetPowerState                       0x08003473   Thumb Code     8  stm32f4xx_sdio.o(.text)
    SDIO_GetPowerState                       0x0800347b   Thumb Code    12  stm32f4xx_sdio.o(.text)
    SDIO_SendCommand                         0x08003487   Thumb Code    38  stm32f4xx_sdio.o(.text)
    SDIO_CmdStructInit                       0x080034ad   Thumb Code    14  stm32f4xx_sdio.o(.text)
    SDIO_GetCommandResponse                  0x080034bb   Thumb Code    10  stm32f4xx_sdio.o(.text)
    SDIO_GetResponse                         0x080034c5   Thumb Code    16  stm32f4xx_sdio.o(.text)
    SDIO_DataConfig                          0x080034d5   Thumb Code    44  stm32f4xx_sdio.o(.text)
    SDIO_DataStructInit                      0x08003501   Thumb Code    20  stm32f4xx_sdio.o(.text)
    SDIO_GetDataCounter                      0x08003515   Thumb Code     8  stm32f4xx_sdio.o(.text)
    SDIO_ReadData                            0x0800351d   Thumb Code     8  stm32f4xx_sdio.o(.text)
    SDIO_WriteData                           0x08003525   Thumb Code     8  stm32f4xx_sdio.o(.text)
    SDIO_GetFIFOCount                        0x0800352d   Thumb Code     8  stm32f4xx_sdio.o(.text)
    SDIO_StartSDIOReadWait                   0x08003535   Thumb Code     6  stm32f4xx_sdio.o(.text)
    SDIO_StopSDIOReadWait                    0x0800353b   Thumb Code     8  stm32f4xx_sdio.o(.text)
    SDIO_SetSDIOReadWaitMode                 0x08003543   Thumb Code     8  stm32f4xx_sdio.o(.text)
    SDIO_SetSDIOOperation                    0x0800354b   Thumb Code     8  stm32f4xx_sdio.o(.text)
    SDIO_SendSDIOSuspendCmd                  0x08003553   Thumb Code     6  stm32f4xx_sdio.o(.text)
    SDIO_CommandCompletionCmd                0x08003559   Thumb Code     6  stm32f4xx_sdio.o(.text)
    SDIO_CEATAITCmd                          0x0800355f   Thumb Code    10  stm32f4xx_sdio.o(.text)
    SDIO_SendCEATACmd                        0x08003569   Thumb Code     6  stm32f4xx_sdio.o(.text)
    SDIO_DMACmd                              0x0800356f   Thumb Code     8  stm32f4xx_sdio.o(.text)
    SDIO_ITConfig                            0x08003577   Thumb Code    24  stm32f4xx_sdio.o(.text)
    SDIO_GetFlagStatus                       0x0800358f   Thumb Code    18  stm32f4xx_sdio.o(.text)
    SDIO_ClearFlag                           0x080035a1   Thumb Code     8  stm32f4xx_sdio.o(.text)
    SDIO_GetITStatus                         0x080035a9   Thumb Code    18  stm32f4xx_sdio.o(.text)
    SDIO_ClearITPendingBit                   0x080035bb   Thumb Code     8  stm32f4xx_sdio.o(.text)
    SYSCFG_DeInit                            0x080035e1   Thumb Code    24  stm32f4xx_syscfg.o(.text)
    SYSCFG_MemoryRemapConfig                 0x080035f9   Thumb Code     6  stm32f4xx_syscfg.o(.text)
    SYSCFG_EXTILineConfig                    0x080035ff   Thumb Code    36  stm32f4xx_syscfg.o(.text)
    SYSCFG_ETH_MediaInterfaceConfig          0x08003623   Thumb Code     6  stm32f4xx_syscfg.o(.text)
    SYSCFG_CompensationCellCmd               0x08003629   Thumb Code     6  stm32f4xx_syscfg.o(.text)
    SYSCFG_GetCompensationCellStatus         0x0800362f   Thumb Code    18  stm32f4xx_syscfg.o(.text)
    ETH_DeInit                               0x08003665   Thumb Code    24  stm32f4x7_eth.o(.text)
    ETH_StructInit                           0x0800367d   Thumb Code   154  stm32f4x7_eth.o(.text)
    ETH_WritePHYRegister                     0x08003717   Thumb Code    80  stm32f4x7_eth.o(.text)
    ETH_ReadPHYRegister                      0x08003767   Thumb Code    80  stm32f4x7_eth.o(.text)
    ETH_Init                                 0x080037b7   Thumb Code   560  stm32f4x7_eth.o(.text)
    ETH_DMAReceptionCmd                      0x080039e7   Thumb Code    26  stm32f4x7_eth.o(.text)
    ETH_DMATransmissionCmd                   0x08003a01   Thumb Code    26  stm32f4x7_eth.o(.text)
    ETH_MACReceptionCmd                      0x08003a1b   Thumb Code    26  stm32f4x7_eth.o(.text)
    ETH_FlushTransmitFIFO                    0x08003a35   Thumb Code    12  stm32f4x7_eth.o(.text)
    ETH_MACTransmissionCmd                   0x08003a41   Thumb Code    26  stm32f4x7_eth.o(.text)
    ETH_Start                                0x08003a5b   Thumb Code    32  stm32f4x7_eth.o(.text)
    ETH_GetFlowControlBusyStatus             0x08003a7b   Thumb Code    14  stm32f4x7_eth.o(.text)
    ETH_InitiatePauseControlFrame            0x08003a89   Thumb Code    12  stm32f4x7_eth.o(.text)
    ETH_BackPressureActivationCmd            0x08003a95   Thumb Code    26  stm32f4x7_eth.o(.text)
    ETH_GetMACFlagStatus                     0x08003aaf   Thumb Code    16  stm32f4x7_eth.o(.text)
    ETH_GetMACITStatus                       0x08003abf   Thumb Code    16  stm32f4x7_eth.o(.text)
    ETH_MACITConfig                          0x08003acf   Thumb Code    22  stm32f4x7_eth.o(.text)
    ETH_MACAddressConfig                     0x08003ae5   Thumb Code    96  stm32f4x7_eth.o(.text)
    ETH_GetMACAddress                        0x08003b45   Thumb Code    30  stm32f4x7_eth.o(.text)
    ETH_MACAddressPerfectFilterCmd           0x08003b63   Thumb Code    28  stm32f4x7_eth.o(.text)
    ETH_MACAddressFilterConfig               0x08003b7f   Thumb Code    28  stm32f4x7_eth.o(.text)
    ETH_MACAddressMaskBytesFilterConfig      0x08003b9b   Thumb Code    20  stm32f4x7_eth.o(.text)
    ETH_Get_Received_Frame                   0x08003baf   Thumb Code    56  stm32f4x7_eth.o(.text)
    ETH_Get_Received_Frame_interrupt         0x08003be7   Thumb Code   156  stm32f4x7_eth.o(.text)
    ETH_Prepare_Transmit_Descriptors         0x08003c83   Thumb Code   162  stm32f4x7_eth.o(.text)
    ETH_DMARxDescChainInit                   0x08003d25   Thumb Code    78  stm32f4x7_eth.o(.text)
    ETH_CheckFrameReceived                   0x08003d73   Thumb Code   100  stm32f4x7_eth.o(.text)
    ETH_DMATxDescChainInit                   0x08003dd7   Thumb Code    62  stm32f4x7_eth.o(.text)
    ETH_GetDMATxDescFlagStatus               0x08003e15   Thumb Code    14  stm32f4x7_eth.o(.text)
    ETH_GetDMATxDescCollisionCount           0x08003e23   Thumb Code     8  stm32f4x7_eth.o(.text)
    ETH_SetDMATxDescOwnBit                   0x08003e2b   Thumb Code    10  stm32f4x7_eth.o(.text)
    ETH_DMATxDescTransmitITConfig            0x08003e35   Thumb Code    24  stm32f4x7_eth.o(.text)
    ETH_DMATxDescFrameSegmentConfig          0x08003e4d   Thumb Code     8  stm32f4x7_eth.o(.text)
    ETH_DMATxDescChecksumInsertionConfig     0x08003e55   Thumb Code     8  stm32f4x7_eth.o(.text)
    ETH_DMATxDescCRCCmd                      0x08003e5d   Thumb Code    24  stm32f4x7_eth.o(.text)
    ETH_DMATxDescSecondAddressChainedCmd     0x08003e75   Thumb Code    24  stm32f4x7_eth.o(.text)
    ETH_DMATxDescShortFramePaddingCmd        0x08003e8d   Thumb Code    24  stm32f4x7_eth.o(.text)
    ETH_DMATxDescBufferSizeConfig            0x08003ea5   Thumb Code    12  stm32f4x7_eth.o(.text)
    ETH_GetDMARxDescFlagStatus               0x08003eb1   Thumb Code    14  stm32f4x7_eth.o(.text)
    ETH_GetDMAPTPRxDescExtendedFlagStatus    0x08003ebf   Thumb Code    14  stm32f4x7_eth.o(.text)
    ETH_SetDMARxDescOwnBit                   0x08003ecd   Thumb Code    10  stm32f4x7_eth.o(.text)
    ETH_GetDMARxDescFrameLength              0x08003ed7   Thumb Code     8  stm32f4x7_eth.o(.text)
    ETH_DMARxDescReceiveITConfig             0x08003edf   Thumb Code    22  stm32f4x7_eth.o(.text)
    ETH_GetDMARxDescBufferSize               0x08003ef5   Thumb Code    18  stm32f4x7_eth.o(.text)
    ETH_GetRxPktSize                         0x08003f07   Thumb Code    50  stm32f4x7_eth.o(.text)
    ETH_EnhancedDescriptorCmd                0x08003f39   Thumb Code    26  stm32f4x7_eth.o(.text)
    ETH_SoftwareReset                        0x08003f53   Thumb Code    12  stm32f4x7_eth.o(.text)
    ETH_GetSoftwareResetStatus               0x08003f5f   Thumb Code    14  stm32f4x7_eth.o(.text)
    ETH_GetDMAFlagStatus                     0x08003f6d   Thumb Code    16  stm32f4x7_eth.o(.text)
    ETH_DMAClearFlag                         0x08003f7d   Thumb Code     6  stm32f4x7_eth.o(.text)
    ETH_DMAITConfig                          0x08003f83   Thumb Code    22  stm32f4x7_eth.o(.text)
    ETH_GetDMAITStatus                       0x08003f99   Thumb Code    16  stm32f4x7_eth.o(.text)
    ETH_DMAClearITPendingBit                 0x08003fa9   Thumb Code     6  stm32f4x7_eth.o(.text)
    ETH_GetTransmitProcessState              0x08003faf   Thumb Code    10  stm32f4x7_eth.o(.text)
    ETH_GetReceiveProcessState               0x08003fb9   Thumb Code    10  stm32f4x7_eth.o(.text)
    ETH_GetFlushTransmitFIFOStatus           0x08003fc3   Thumb Code    16  stm32f4x7_eth.o(.text)
    ETH_GetDMAOverflowStatus                 0x08003fd3   Thumb Code    16  stm32f4x7_eth.o(.text)
    ETH_GetRxOverflowMissedFrameCounter      0x08003fe3   Thumb Code    10  stm32f4x7_eth.o(.text)
    ETH_GetBufferUnavailableMissedFrameCounter 0x08003fed   Thumb Code     8  stm32f4x7_eth.o(.text)
    ETH_GetCurrentTxDescStartAddress         0x08003ff5   Thumb Code     6  stm32f4x7_eth.o(.text)
    ETH_GetCurrentRxDescStartAddress         0x08003ffb   Thumb Code     6  stm32f4x7_eth.o(.text)
    ETH_GetCurrentTxBufferAddress            0x08004001   Thumb Code     6  stm32f4x7_eth.o(.text)
    ETH_GetCurrentRxBufferAddress            0x08004007   Thumb Code     6  stm32f4x7_eth.o(.text)
    ETH_ResumeDMATransmission                0x0800400d   Thumb Code     8  stm32f4x7_eth.o(.text)
    ETH_ResumeDMAReception                   0x08004015   Thumb Code     8  stm32f4x7_eth.o(.text)
    ETH_SetReceiveWatchdogTimer              0x0800401d   Thumb Code     6  stm32f4x7_eth.o(.text)
    ETH_PHYLoopBackCmd                       0x08004023   Thumb Code    44  stm32f4x7_eth.o(.text)
    ETH_ResetWakeUpFrameFilterRegisterPointer 0x0800404f   Thumb Code    12  stm32f4x7_eth.o(.text)
    ETH_SetWakeUpFrameFilterRegister         0x0800405b   Thumb Code    18  stm32f4x7_eth.o(.text)
    ETH_GlobalUnicastWakeUpCmd               0x0800406d   Thumb Code    26  stm32f4x7_eth.o(.text)
    ETH_GetPMTFlagStatus                     0x08004087   Thumb Code    16  stm32f4x7_eth.o(.text)
    ETH_WakeUpFrameDetectionCmd              0x08004097   Thumb Code    26  stm32f4x7_eth.o(.text)
    ETH_MagicPacketDetectionCmd              0x080040b1   Thumb Code    26  stm32f4x7_eth.o(.text)
    ETH_PowerDownCmd                         0x080040cb   Thumb Code    26  stm32f4x7_eth.o(.text)
    ETH_MMCCounterFullPreset                 0x080040e5   Thumb Code    12  stm32f4x7_eth.o(.text)
    ETH_MMCCounterHalfPreset                 0x080040f1   Thumb Code    20  stm32f4x7_eth.o(.text)
    ETH_MMCCounterFreezeCmd                  0x08004105   Thumb Code    34  stm32f4x7_eth.o(.text)
    ETH_MMCResetOnReadCmd                    0x08004127   Thumb Code    34  stm32f4x7_eth.o(.text)
    ETH_MMCCounterRolloverCmd                0x08004149   Thumb Code    34  stm32f4x7_eth.o(.text)
    ETH_MMCCountersReset                     0x0800416b   Thumb Code    12  stm32f4x7_eth.o(.text)
    ETH_MMCITConfig                          0x08004177   Thumb Code    64  stm32f4x7_eth.o(.text)
    ETH_GetMMCITStatus                       0x080041b7   Thumb Code    52  stm32f4x7_eth.o(.text)
    ETH_GetMMCRegister                       0x080041eb   Thumb Code     6  stm32f4x7_eth.o(.text)
    netconn_new_with_proto_and_callback      0x080041fd   Thumb Code    66  api_lib.o(.text)
    netconn_delete                           0x0800423f   Thumb Code    42  api_lib.o(.text)
    netconn_getaddr                          0x08004269   Thumb Code    48  api_lib.o(.text)
    netconn_bind                             0x08004299   Thumb Code    40  api_lib.o(.text)
    netconn_connect                          0x080042c1   Thumb Code    40  api_lib.o(.text)
    netconn_disconnect                       0x080042e9   Thumb Code    34  api_lib.o(.text)
    netconn_listen_with_backlog              0x0800430b   Thumb Code    34  api_lib.o(.text)
    netconn_accept                           0x0800432d   Thumb Code    44  api_lib.o(.text)
    netconn_recv                             0x08004359   Thumb Code   228  api_lib.o(.text)
    netconn_send                             0x0800443d   Thumb Code    36  api_lib.o(.text)
    netconn_sendto                           0x08004461   Thumb Code    16  api_lib.o(.text)
    netconn_write                            0x08004471   Thumb Code    54  api_lib.o(.text)
    netconn_close                            0x080044a7   Thumb Code    34  api_lib.o(.text)
    netconn_free                             0x08004877   Thumb Code   108  api_msg.o(.text)
    netconn_alloc                            0x080048e3   Thumb Code   136  api_msg.o(.text)
    do_newconn                               0x08004a4f   Thumb Code    30  api_msg.o(.text)
    do_delconn                               0x08004a6d   Thumb Code   104  api_msg.o(.text)
    do_bind                                  0x08004ad5   Thumb Code   100  api_msg.o(.text)
    do_connect                               0x08004b67   Thumb Code   164  api_msg.o(.text)
    do_disconnect                            0x08004c0b   Thumb Code    34  api_msg.o(.text)
    do_listen                                0x08004c2d   Thumb Code   146  api_msg.o(.text)
    do_send                                  0x08004cbf   Thumb Code   106  api_msg.o(.text)
    do_recv                                  0x08004d29   Thumb Code    46  api_msg.o(.text)
    do_write                                 0x08004d57   Thumb Code    52  api_msg.o(.text)
    do_getaddr                               0x08004d8b   Thumb Code   136  api_msg.o(.text)
    do_close                                 0x08004e13   Thumb Code    34  api_msg.o(.text)
    netbuf_new                               0x08004e3d   Thumb Code    26  netbuf.o(.text)
    netbuf_delete                            0x08004e57   Thumb Code    36  netbuf.o(.text)
    netbuf_alloc                             0x08004e7b   Thumb Code    46  netbuf.o(.text)
    netbuf_free                              0x08004ea9   Thumb Code    24  netbuf.o(.text)
    netbuf_ref                               0x08004ec1   Thumb Code    66  netbuf.o(.text)
    netbuf_chain                             0x08004f03   Thumb Code    40  netbuf.o(.text)
    netbuf_data                              0x08004f2b   Thumb Code    48  netbuf.o(.text)
    netbuf_next                              0x08004f5b   Thumb Code    36  netbuf.o(.text)
    netbuf_first                             0x08004f7f   Thumb Code    10  netbuf.o(.text)
    tcp_timer_needed                         0x08004fb1   Thumb Code    36  tcpip.o(.text)
    tcpip_input                              0x080050e9   Thumb Code    76  tcpip.o(.text)
    tcpip_callback_with_block                0x08005135   Thumb Code    96  tcpip.o(.text)
    tcpip_timeout                            0x08005195   Thumb Code    60  tcpip.o(.text)
    tcpip_untimeout                          0x080051d1   Thumb Code    54  tcpip.o(.text)
    tcpip_apimsg                             0x08005207   Thumb Code    50  tcpip.o(.text)
    tcpip_init                               0x08005239   Thumb Code    44  tcpip.o(.text)
    pbuf_free_callback                       0x08005269   Thumb Code     8  tcpip.o(.text)
    mem_free_callback                        0x08005271   Thumb Code     8  tcpip.o(.text)
    dhcp_renew                               0x08005781   Thumb Code   144  dhcp.o(.text)
    dhcp_coarse_tmr                          0x080058c7   Thumb Code    58  dhcp.o(.text)
    dhcp_release                             0x080059a9   Thumb Code   176  dhcp.o(.text)
    dhcp_fine_tmr                            0x08005bd9   Thumb Code    46  dhcp.o(.text)
    dhcp_stop                                0x08005d03   Thumb Code    48  dhcp.o(.text)
    dhcp_start                               0x08005e9b   Thumb Code   160  dhcp.o(.text)
    dhcp_inform                              0x08005f3b   Thumb Code   152  dhcp.o(.text)
    dhcp_network_changed                     0x08005fd3   Thumb Code    68  dhcp.o(.text)
    dhcp_arp_reply                           0x0800608d   Thumb Code    28  dhcp.o(.text)
    lwip_init                                0x080060b7   Thumb Code    26  init.o(.text)
    mem_init                                 0x0800611f   Thumb Code    52  mem.o(.text)
    mem_free                                 0x08006153   Thumb Code    62  mem.o(.text)
    mem_realloc                              0x08006191   Thumb Code   228  mem.o(.text)
    mem_malloc                               0x08006275   Thumb Code   198  mem.o(.text)
    mem_calloc                               0x0800633b   Thumb Code    28  mem.o(.text)
    memp_init                                0x08006361   Thumb Code    78  memp.o(.text)
    memp_malloc                              0x080063af   Thumb Code    30  memp.o(.text)
    memp_free                                0x080063cd   Thumb Code    20  memp.o(.text)
    netif_set_gw                             0x080063e9   Thumb Code    14  netif.o(.text)
    netif_set_netmask                        0x080063f7   Thumb Code    14  netif.o(.text)
    netif_set_ipaddr                         0x08006405   Thumb Code    96  netif.o(.text)
    netif_set_addr                           0x08006465   Thumb Code    32  netif.o(.text)
    netif_add                                0x08006485   Thumb Code    70  netif.o(.text)
    netif_set_default                        0x080064cb   Thumb Code     6  netif.o(.text)
    netif_remove                             0x080064d1   Thumb Code    52  netif.o(.text)
    netif_find                               0x08006505   Thumb Code    60  netif.o(.text)
    netif_set_up                             0x08006541   Thumb Code    28  netif.o(.text)
    netif_set_down                           0x0800655d   Thumb Code    18  netif.o(.text)
    netif_is_up                              0x0800656f   Thumb Code    10  netif.o(.text)
    pbuf_free                                0x08006585   Thumb Code    82  pbuf.o(.text)
    pbuf_alloc                               0x080065d7   Thumb Code   294  pbuf.o(.text)
    pbuf_realloc                             0x080066fd   Thumb Code    78  pbuf.o(.text)
    pbuf_header                              0x0800674b   Thumb Code   104  pbuf.o(.text)
    pbuf_clen                                0x080067b3   Thumb Code    18  pbuf.o(.text)
    pbuf_ref                                 0x080067c5   Thumb Code    12  pbuf.o(.text)
    pbuf_cat                                 0x080067d1   Thumb Code    40  pbuf.o(.text)
    pbuf_chain                               0x080067f9   Thumb Code    18  pbuf.o(.text)
    pbuf_dechain                             0x0800680b   Thumb Code    44  pbuf.o(.text)
    pbuf_copy                                0x08006837   Thumb Code   148  pbuf.o(.text)
    pbuf_copy_partial                        0x080068cb   Thumb Code   106  pbuf.o(.text)
    pbuf_take                                0x08006935   Thumb Code    86  pbuf.o(.text)
    pbuf_coalesce                            0x0800698b   Thumb Code    52  pbuf.o(.text)
    raw_input                                0x080069c1   Thumb Code    98  raw.o(.text)
    raw_bind                                 0x08006a23   Thumb Code    16  raw.o(.text)
    raw_connect                              0x08006a33   Thumb Code    16  raw.o(.text)
    raw_recv                                 0x08006a43   Thumb Code     6  raw.o(.text)
    raw_sendto                               0x08006a49   Thumb Code   144  raw.o(.text)
    raw_send                                 0x08006ad9   Thumb Code     4  raw.o(.text)
    raw_remove                               0x08006add   Thumb Code    40  raw.o(.text)
    raw_new                                  0x08006b05   Thumb Code    40  raw.o(.text)
    sys_mbox_fetch                           0x08006b31   Thumb Code   104  sys.o(.text)
    sys_sem_wait                             0x08006b99   Thumb Code    94  sys.o(.text)
    sys_timeout                              0x08006bf7   Thumb Code   112  sys.o(.text)
    sys_untimeout                            0x08006c67   Thumb Code    80  sys.o(.text)
    sys_sem_wait_timeout                     0x08006cc3   Thumb Code    58  sys.o(.text)
    sys_msleep                               0x08006cfd   Thumb Code    30  sys.o(.text)
    tcp_seg_free                             0x08006d21   Thumb Code    32  tcp.o(.text)
    tcp_segs_free                            0x08006d41   Thumb Code    26  tcp.o(.text)
    tcp_pcb_purge                            0x08006d5b   Thumb Code    48  tcp.o(.text)
    tcp_slowtmr                              0x08006d8b   Thumb Code   550  tcp.o(.text)
    tcp_pcb_remove                           0x08006fb1   Thumb Code    92  tcp.o(.text)
    tcp_close                                0x0800700d   Thumb Code   198  tcp.o(.text)
    tcp_update_rcv_ann_wnd                   0x080070d3   Thumb Code    54  tcp.o(.text)
    tcp_recved                               0x08007109   Thumb Code    60  tcp.o(.text)
    tcp_recv_null                            0x08007145   Thumb Code    52  tcp.o(.text)
    tcp_fasttmr                              0x08007179   Thumb Code    86  tcp.o(.text)
    tcp_tmr                                  0x080071cf   Thumb Code    26  tcp.o(.text)
    tcp_abandon                              0x080071e9   Thumb Code   148  tcp.o(.text)
    tcp_bind                                 0x080072d3   Thumb Code   200  tcp.o(.text)
    tcp_listen_with_backlog                  0x080073a1   Thumb Code   140  tcp.o(.text)
    tcp_eff_send_mss                         0x0800742d   Thumb Code    32  tcp.o(.text)
    tcp_next_iss                             0x0800744d   Thumb Code    12  tcp.o(.text)
    tcp_connect                              0x08007459   Thumb Code   204  tcp.o(.text)
    tcp_setprio                              0x08007525   Thumb Code     4  tcp.o(.text)
    tcp_alloc                                0x0800759f   Thumb Code   154  tcp.o(.text)
    tcp_new                                  0x08007639   Thumb Code     4  tcp.o(.text)
    tcp_arg                                  0x0800763d   Thumb Code     4  tcp.o(.text)
    tcp_recv                                 0x08007641   Thumb Code     6  tcp.o(.text)
    tcp_sent                                 0x08007647   Thumb Code     6  tcp.o(.text)
    tcp_err                                  0x0800764d   Thumb Code     6  tcp.o(.text)
    tcp_accept                               0x08007653   Thumb Code     4  tcp.o(.text)
    tcp_poll                                 0x08007657   Thumb Code    10  tcp.o(.text)
    tcp_debug_state_str                      0x08007661   Thumb Code    10  tcp.o(.text)
    tcp_input                                0x080080a7   Thumb Code   834  tcp_in.o(.text)
    tcp_enqueue                              0x08008465   Thumb Code   862  tcp_out.o(.text)
    tcp_send_ctrl                            0x080087c3   Thumb Code    20  tcp_out.o(.text)
    tcp_write                                0x080087d7   Thumb Code    46  tcp_out.o(.text)
    tcp_send_empty_ack                       0x08008805   Thumb Code    86  tcp_out.o(.text)
    tcp_output                               0x08008905   Thumb Code   416  tcp_out.o(.text)
    tcp_rst                                  0x08008aa5   Thumb Code   158  tcp_out.o(.text)
    tcp_rexmit_rto                           0x08008b43   Thumb Code    44  tcp_out.o(.text)
    tcp_rexmit                               0x08008b6f   Thumb Code    70  tcp_out.o(.text)
    tcp_rexmit_fast                          0x08008bb5   Thumb Code    96  tcp_out.o(.text)
    tcp_keepalive                            0x08008c15   Thumb Code    72  tcp_out.o(.text)
    tcp_zero_window_probe                    0x08008c5d   Thumb Code   174  tcp_out.o(.text)
    udp_input                                0x08008d0d   Thumb Code   408  udp.o(.text)
    udp_bind                                 0x08008ea5   Thumb Code    94  udp.o(.text)
    udp_sendto_if                            0x08008f03   Thumb Code   182  udp.o(.text)
    udp_sendto                               0x08008fb9   Thumb Code    40  udp.o(.text)
    udp_send                                 0x08008fe1   Thumb Code     6  udp.o(.text)
    udp_connect                              0x08008fe7   Thumb Code    74  udp.o(.text)
    udp_disconnect                           0x08009031   Thumb Code    20  udp.o(.text)
    udp_recv                                 0x08009045   Thumb Code     6  udp.o(.text)
    udp_remove                               0x0800904b   Thumb Code    40  udp.o(.text)
    udp_new                                  0x08009073   Thumb Code    28  udp.o(.text)
    autoip_init                              0x08009099   Thumb Code     2  autoip.o(.text)
    autoip_start                             0x08009127   Thumb Code    96  autoip.o(.text)
    autoip_network_changed                   0x08009221   Thumb Code    32  autoip.o(.text)
    autoip_stop                              0x08009241   Thumb Code    16  autoip.o(.text)
    autoip_tmr                               0x08009251   Thumb Code   204  autoip.o(.text)
    autoip_arp_reply                         0x0800931d   Thumb Code   150  autoip.o(.text)
    icmp_input                               0x080093d5   Thumb Code   324  icmp.o(.text)
    icmp_dest_unreach                        0x08009581   Thumb Code     6  icmp.o(.text)
    htonl                                    0x08009589   Thumb Code    24  inet.o(.text)
    inet_aton                                0x080095a1   Thumb Code   276  inet.o(.text)
    inet_addr                                0x080096b5   Thumb Code    20  inet.o(.text)
    inet_ntoa                                0x080096c9   Thumb Code    92  inet.o(.text)
    htons                                    0x08009725   Thumb Code    10  inet.o(.text)
    ntohs                                    0x0800972f   Thumb Code     2  inet.o(.text)
    ntohl                                    0x08009731   Thumb Code     2  inet.o(.text)
    inet_chksum_pseudo                       0x08009773   Thumb Code   134  inet_chksum.o(.text)
    inet_chksum                              0x080097f9   Thumb Code    12  inet_chksum.o(.text)
    inet_chksum_pbuf                         0x08009805   Thumb Code    72  inet_chksum.o(.text)
    ip_route                                 0x0800984d   Thumb Code    62  ip.o(.text)
    ip_input                                 0x0800988b   Thumb Code   426  ip.o(.text)
    ip_output_if                             0x08009a35   Thumb Code   186  ip.o(.text)
    ip_output                                0x08009aef   Thumb Code    52  ip.o(.text)
    ip_addr_isbroadcast                      0x08009b31   Thumb Code    60  ip_addr.o(.text)
    etharp_tmr                               0x08009b6d   Thumb Code    50  etharp.o(.text)
    etharp_find_addr                         0x08009d2d   Thumb Code    44  etharp.o(.text)
    etharp_ip_input                          0x08009d59   Thumb Code    40  etharp.o(.text)
    etharp_arp_input                         0x08009d81   Thumb Code   298  etharp.o(.text)
    etharp_raw                               0x08009eab   Thumb Code   190  etharp.o(.text)
    etharp_request                           0x08009f69   Thumb Code    32  etharp.o(.text)
    etharp_query                             0x08009f89   Thumb Code   140  etharp.o(.text)
    etharp_output                            0x0800a015   Thumb Code   180  etharp.o(.text)
    ethernet_input                           0x0800a0c9   Thumb Code    82  etharp.o(.text)
    ethernetif_init                          0x0800a2fd   Thumb Code    42  ethernetif.o(.text)
    sys_mbox_new                             0x0800a361   Thumb Code     8  sys_arch.o(.text)
    sys_mbox_free                            0x0800a369   Thumb Code    20  sys_arch.o(.text)
    sys_mbox_post                            0x0800a37d   Thumb Code    26  sys_arch.o(.text)
    sys_mbox_trypost                         0x0800a397   Thumb Code    26  sys_arch.o(.text)
    sys_arch_mbox_fetch                      0x0800a3b1   Thumb Code    84  sys_arch.o(.text)
    sys_arch_mbox_tryfetch                   0x0800a405   Thumb Code    30  sys_arch.o(.text)
    sys_sem_new                              0x0800a423   Thumb Code    54  sys_arch.o(.text)
    sys_arch_sem_wait                        0x0800a459   Thumb Code    74  sys_arch.o(.text)
    sys_sem_signal                           0x0800a4a3   Thumb Code    10  sys_arch.o(.text)
    sys_sem_free                             0x0800a4ad   Thumb Code     4  sys_arch.o(.text)
    sys_init                                 0x0800a4b1   Thumb Code    28  sys_arch.o(.text)
    sys_arch_timeouts                        0x0800a4cd   Thumb Code    38  sys_arch.o(.text)
    sys_thread_new                           0x0800a4f3   Thumb Code    76  sys_arch.o(.text)
    sys_arch_protect                         0x0800a53f   Thumb Code    10  sys_arch.o(.text)
    sys_arch_unprotect                       0x0800a549   Thumb Code     4  sys_arch.o(.text)
    sys_assert                               0x0800a54d   Thumb Code     6  sys_arch.o(.text)
    vListInitialise                          0x0800a55d   Thumb Code    22  list.o(.text)
    vListInitialiseItem                      0x0800a573   Thumb Code     6  list.o(.text)
    vListInsertEnd                           0x0800a579   Thumb Code    28  list.o(.text)
    vListInsert                              0x0800a595   Thumb Code    48  list.o(.text)
    vListRemove                              0x0800a5c5   Thumb Code    36  list.o(.text)
    xQueueCreate                             0x0800a5e9   Thumb Code    96  queue.o(.text)
    xQueueGenericSend                        0x0800a727   Thumb Code   200  queue.o(.text)
    xQueueCreateMutex                        0x0800a7ef   Thumb Code    68  queue.o(.text)
    xQueueCreateCountingSemaphore            0x0800a833   Thumb Code    18  queue.o(.text)
    xQueueGenericSendFromISR                 0x0800a845   Thumb Code    82  queue.o(.text)
    xQueueGenericReceive                     0x0800a8d9   Thumb Code   260  queue.o(.text)
    xQueueReceiveFromISR                     0x0800a9dd   Thumb Code    78  queue.o(.text)
    uxQueueMessagesWaiting                   0x0800aa2b   Thumb Code    18  queue.o(.text)
    uxQueueMessagesWaitingFromISR            0x0800aa3d   Thumb Code     4  queue.o(.text)
    vQueueDelete                             0x0800aa41   Thumb Code    20  queue.o(.text)
    xQueueIsQueueEmptyFromISR                0x0800aa55   Thumb Code    14  queue.o(.text)
    xQueueIsQueueFullFromISR                 0x0800aa63   Thumb Code    16  queue.o(.text)
    xTaskGenericCreate                       0x0800ab2d   Thumb Code   208  tasks.o(.text)
    vTaskDelete                              0x0800abfd   Thumb Code    90  tasks.o(.text)
    vTaskIncrementTick                       0x0800ac57   Thumb Code   118  tasks.o(.text)
    xTaskResumeAll                           0x0800accd   Thumb Code   168  tasks.o(.text)
    vTaskSuspendAll                          0x0800ad75   Thumb Code    10  tasks.o(.text)
    vTaskDelay                               0x0800ad7f   Thumb Code    78  tasks.o(.text)
    uxTaskPriorityGet                        0x0800adcd   Thumb Code    24  tasks.o(.text)
    vTaskPrioritySet                         0x0800ade5   Thumb Code   156  tasks.o(.text)
    vTaskStartScheduler                      0x0800aefb   Thumb Code    50  tasks.o(.text)
    vTaskEndScheduler                        0x0800af2d   Thumb Code    20  tasks.o(.text)
    xTaskGetTickCount                        0x0800af41   Thumb Code    18  tasks.o(.text)
    xTaskGetTickCountFromISR                 0x0800af53   Thumb Code     6  tasks.o(.text)
    uxTaskGetNumberOfTasks                   0x0800af59   Thumb Code     6  tasks.o(.text)
    vTaskList                                0x0800afdb   Thumb Code   114  tasks.o(.text)
    vTaskStartTrace                          0x0800b04d   Thumb Code    34  tasks.o(.text)
    ulTaskEndTrace                           0x0800b06f   Thumb Code    24  tasks.o(.text)
    vTaskSwitchContext                       0x0800b087   Thumb Code   138  tasks.o(.text)
    vTaskPlaceOnEventList                    0x0800b111   Thumb Code    64  tasks.o(.text)
    xTaskRemoveFromEventList                 0x0800b151   Thumb Code    96  tasks.o(.text)
    vTaskSetTimeOutState                     0x0800b1b1   Thumb Code    12  tasks.o(.text)
    xTaskCheckForTimeOut                     0x0800b1bd   Thumb Code    72  tasks.o(.text)
    vTaskMissedYield                         0x0800b205   Thumb Code     8  tasks.o(.text)
    xTaskGetCurrentTaskHandle                0x0800b20d   Thumb Code     6  tasks.o(.text)
    vTaskPriorityInherit                     0x0800b213   Thumb Code    92  tasks.o(.text)
    vTaskPriorityDisinherit                  0x0800b26f   Thumb Code   112  tasks.o(.text)
    pxPortInitialiseStack                    0x0800b2e9   Thumb Code    24  port.o(.text)
    xPortStartScheduler                      0x0800b30f   Thumb Code    38  port.o(.text)
    vPortEndScheduler                        0x0800b335   Thumb Code     2  port.o(.text)
    vPortYieldFromISR                        0x0800b337   Thumb Code    12  port.o(.text)
    vPortEnterCritical                       0x0800b343   Thumb Code    16  port.o(.text)
    vPortExitCritical                        0x0800b353   Thumb Code    18  port.o(.text)
    xPortSysTickHandler                      0x0800b365   Thumb Code    28  port.o(.text)
    pvPortMalloc                             0x0800b38d   Thumb Code   172  heap_2.o(.text)
    vPortFree                                0x0800b439   Thumb Code    58  heap_2.o(.text)
    xPortGetFreeHeapSize                     0x0800b473   Thumb Code     6  heap_2.o(.text)
    vPortInitialiseBlocks                    0x0800b479   Thumb Code     2  heap_2.o(.text)
    Reset_Handler                            0x0800b485   Thumb Code     8  startup_stm32f4xx.o(.text)
    CAN1_RX0_IRQHandler                      0x0800b49f   Thumb Code     0  startup_stm32f4xx.o(.text)
    CAN1_RX1_IRQHandler                      0x0800b49f   Thumb Code     0  startup_stm32f4xx.o(.text)
    CAN1_SCE_IRQHandler                      0x0800b49f   Thumb Code     0  startup_stm32f4xx.o(.text)
    CAN1_TX_IRQHandler                       0x0800b49f   Thumb Code     0  startup_stm32f4xx.o(.text)
    CAN2_RX0_IRQHandler                      0x0800b49f   Thumb Code     0  startup_stm32f4xx.o(.text)
    CAN2_RX1_IRQHandler                      0x0800b49f   Thumb Code     0  startup_stm32f4xx.o(.text)
    CAN2_SCE_IRQHandler                      0x0800b49f   Thumb Code     0  startup_stm32f4xx.o(.text)
    CAN2_TX_IRQHandler                       0x0800b49f   Thumb Code     0  startup_stm32f4xx.o(.text)
    CRYP_IRQHandler                          0x0800b49f   Thumb Code     0  startup_stm32f4xx.o(.text)
    DCMI_IRQHandler                          0x0800b49f   Thumb Code     0  startup_stm32f4xx.o(.text)
    DMA1_Stream0_IRQHandler                  0x0800b49f   Thumb Code     0  startup_stm32f4xx.o(.text)
    DMA1_Stream1_IRQHandler                  0x0800b49f   Thumb Code     0  startup_stm32f4xx.o(.text)
    DMA1_Stream2_IRQHandler                  0x0800b49f   Thumb Code     0  startup_stm32f4xx.o(.text)
    DMA1_Stream3_IRQHandler                  0x0800b49f   Thumb Code     0  startup_stm32f4xx.o(.text)
    DMA1_Stream4_IRQHandler                  0x0800b49f   Thumb Code     0  startup_stm32f4xx.o(.text)
    DMA1_Stream5_IRQHandler                  0x0800b49f   Thumb Code     0  startup_stm32f4xx.o(.text)
    DMA1_Stream6_IRQHandler                  0x0800b49f   Thumb Code     0  startup_stm32f4xx.o(.text)
    DMA1_Stream7_IRQHandler                  0x0800b49f   Thumb Code     0  startup_stm32f4xx.o(.text)
    DMA2_Stream0_IRQHandler                  0x0800b49f   Thumb Code     0  startup_stm32f4xx.o(.text)
    DMA2_Stream1_IRQHandler                  0x0800b49f   Thumb Code     0  startup_stm32f4xx.o(.text)
    DMA2_Stream2_IRQHandler                  0x0800b49f   Thumb Code     0  startup_stm32f4xx.o(.text)
    DMA2_Stream3_IRQHandler                  0x0800b49f   Thumb Code     0  startup_stm32f4xx.o(.text)
    DMA2_Stream4_IRQHandler                  0x0800b49f   Thumb Code     0  startup_stm32f4xx.o(.text)
    DMA2_Stream5_IRQHandler                  0x0800b49f   Thumb Code     0  startup_stm32f4xx.o(.text)
    DMA2_Stream6_IRQHandler                  0x0800b49f   Thumb Code     0  startup_stm32f4xx.o(.text)
    DMA2_Stream7_IRQHandler                  0x0800b49f   Thumb Code     0  startup_stm32f4xx.o(.text)
    ETH_WKUP_IRQHandler                      0x0800b49f   Thumb Code     0  startup_stm32f4xx.o(.text)
    EXTI0_IRQHandler                         0x0800b49f   Thumb Code     0  startup_stm32f4xx.o(.text)
    EXTI15_10_IRQHandler                     0x0800b49f   Thumb Code     0  startup_stm32f4xx.o(.text)
    EXTI1_IRQHandler                         0x0800b49f   Thumb Code     0  startup_stm32f4xx.o(.text)
    EXTI2_IRQHandler                         0x0800b49f   Thumb Code     0  startup_stm32f4xx.o(.text)
    EXTI3_IRQHandler                         0x0800b49f   Thumb Code     0  startup_stm32f4xx.o(.text)
    EXTI4_IRQHandler                         0x0800b49f   Thumb Code     0  startup_stm32f4xx.o(.text)
    EXTI9_5_IRQHandler                       0x0800b49f   Thumb Code     0  startup_stm32f4xx.o(.text)
    FLASH_IRQHandler                         0x0800b49f   Thumb Code     0  startup_stm32f4xx.o(.text)
    FPU_IRQHandler                           0x0800b49f   Thumb Code     0  startup_stm32f4xx.o(.text)
    FSMC_IRQHandler                          0x0800b49f   Thumb Code     0  startup_stm32f4xx.o(.text)
    HASH_RNG_IRQHandler                      0x0800b49f   Thumb Code     0  startup_stm32f4xx.o(.text)
    I2C1_ER_IRQHandler                       0x0800b49f   Thumb Code     0  startup_stm32f4xx.o(.text)
    I2C1_EV_IRQHandler                       0x0800b49f   Thumb Code     0  startup_stm32f4xx.o(.text)
    I2C2_ER_IRQHandler                       0x0800b49f   Thumb Code     0  startup_stm32f4xx.o(.text)
    I2C2_EV_IRQHandler                       0x0800b49f   Thumb Code     0  startup_stm32f4xx.o(.text)
    I2C3_ER_IRQHandler                       0x0800b49f   Thumb Code     0  startup_stm32f4xx.o(.text)
    I2C3_EV_IRQHandler                       0x0800b49f   Thumb Code     0  startup_stm32f4xx.o(.text)
    OTG_FS_IRQHandler                        0x0800b49f   Thumb Code     0  startup_stm32f4xx.o(.text)
    OTG_FS_WKUP_IRQHandler                   0x0800b49f   Thumb Code     0  startup_stm32f4xx.o(.text)
    OTG_HS_EP1_IN_IRQHandler                 0x0800b49f   Thumb Code     0  startup_stm32f4xx.o(.text)
    OTG_HS_EP1_OUT_IRQHandler                0x0800b49f   Thumb Code     0  startup_stm32f4xx.o(.text)
    OTG_HS_IRQHandler                        0x0800b49f   Thumb Code     0  startup_stm32f4xx.o(.text)
    OTG_HS_WKUP_IRQHandler                   0x0800b49f   Thumb Code     0  startup_stm32f4xx.o(.text)
    PVD_IRQHandler                           0x0800b49f   Thumb Code     0  startup_stm32f4xx.o(.text)
    RCC_IRQHandler                           0x0800b49f   Thumb Code     0  startup_stm32f4xx.o(.text)
    RTC_Alarm_IRQHandler                     0x0800b49f   Thumb Code     0  startup_stm32f4xx.o(.text)
    RTC_WKUP_IRQHandler                      0x0800b49f   Thumb Code     0  startup_stm32f4xx.o(.text)
    SDIO_IRQHandler                          0x0800b49f   Thumb Code     0  startup_stm32f4xx.o(.text)
    SPI1_IRQHandler                          0x0800b49f   Thumb Code     0  startup_stm32f4xx.o(.text)
    SPI2_IRQHandler                          0x0800b49f   Thumb Code     0  startup_stm32f4xx.o(.text)
    SPI3_IRQHandler                          0x0800b49f   Thumb Code     0  startup_stm32f4xx.o(.text)
    TAMP_STAMP_IRQHandler                    0x0800b49f   Thumb Code     0  startup_stm32f4xx.o(.text)
    TIM1_BRK_TIM9_IRQHandler                 0x0800b49f   Thumb Code     0  startup_stm32f4xx.o(.text)
    TIM1_CC_IRQHandler                       0x0800b49f   Thumb Code     0  startup_stm32f4xx.o(.text)
    TIM1_TRG_COM_TIM11_IRQHandler            0x0800b49f   Thumb Code     0  startup_stm32f4xx.o(.text)
    TIM1_UP_TIM10_IRQHandler                 0x0800b49f   Thumb Code     0  startup_stm32f4xx.o(.text)
    TIM2_IRQHandler                          0x0800b49f   Thumb Code     0  startup_stm32f4xx.o(.text)
    TIM3_IRQHandler                          0x0800b49f   Thumb Code     0  startup_stm32f4xx.o(.text)
    TIM4_IRQHandler                          0x0800b49f   Thumb Code     0  startup_stm32f4xx.o(.text)
    TIM5_IRQHandler                          0x0800b49f   Thumb Code     0  startup_stm32f4xx.o(.text)
    TIM6_DAC_IRQHandler                      0x0800b49f   Thumb Code     0  startup_stm32f4xx.o(.text)
    TIM7_IRQHandler                          0x0800b49f   Thumb Code     0  startup_stm32f4xx.o(.text)
    TIM8_BRK_TIM12_IRQHandler                0x0800b49f   Thumb Code     0  startup_stm32f4xx.o(.text)
    TIM8_CC_IRQHandler                       0x0800b49f   Thumb Code     0  startup_stm32f4xx.o(.text)
    TIM8_TRG_COM_TIM14_IRQHandler            0x0800b49f   Thumb Code     0  startup_stm32f4xx.o(.text)
    TIM8_UP_TIM13_IRQHandler                 0x0800b49f   Thumb Code     0  startup_stm32f4xx.o(.text)
    UART4_IRQHandler                         0x0800b49f   Thumb Code     0  startup_stm32f4xx.o(.text)
    UART5_IRQHandler                         0x0800b49f   Thumb Code     0  startup_stm32f4xx.o(.text)
    USART1_IRQHandler                        0x0800b49f   Thumb Code     0  startup_stm32f4xx.o(.text)
    USART2_IRQHandler                        0x0800b49f   Thumb Code     0  startup_stm32f4xx.o(.text)
    USART3_IRQHandler                        0x0800b49f   Thumb Code     0  startup_stm32f4xx.o(.text)
    USART6_IRQHandler                        0x0800b49f   Thumb Code     0  startup_stm32f4xx.o(.text)
    WWDG_IRQHandler                          0x0800b49f   Thumb Code     0  startup_stm32f4xx.o(.text)
    __aeabi_memcpy                           0x0800b4a9   Thumb Code    36  memcpya.o(.text)
    __aeabi_memcpy4                          0x0800b4a9   Thumb Code     0  memcpya.o(.text)
    __aeabi_memcpy8                          0x0800b4a9   Thumb Code     0  memcpya.o(.text)
    __aeabi_memset                           0x0800b4cd   Thumb Code    14  memseta.o(.text)
    __aeabi_memset4                          0x0800b4cd   Thumb Code     0  memseta.o(.text)
    __aeabi_memset8                          0x0800b4cd   Thumb Code     0  memseta.o(.text)
    __aeabi_memclr                           0x0800b4db   Thumb Code     4  memseta.o(.text)
    __aeabi_memclr4                          0x0800b4db   Thumb Code     0  memseta.o(.text)
    __aeabi_memclr8                          0x0800b4db   Thumb Code     0  memseta.o(.text)
    _memset$wrapper                          0x0800b4df   Thumb Code    18  memseta.o(.text)
    strcat                                   0x0800b4f1   Thumb Code    24  strcat.o(.text)
    strncpy                                  0x0800b509   Thumb Code    24  strncpy.o(.text)
    memcmp                                   0x0800b521   Thumb Code    26  memcmp.o(.text)
    __aeabi_i2d                              0x0800b53b   Thumb Code    34  dflti.o(.text)
    __aeabi_ui2d                             0x0800b55d   Thumb Code    26  dfltui.o(.text)
    __aeabi_cdcmpeq                          0x0800b579   Thumb Code     0  cdcmple.o(.text)
    __aeabi_cdcmple                          0x0800b579   Thumb Code    38  cdcmple.o(.text)
    __aeabi_cdrcmple                         0x0800b5a1   Thumb Code    38  cdrcmple.o(.text)
    __aeabi_uidiv                            0x0800b5c9   Thumb Code     0  uidiv.o(.text)
    __aeabi_uidivmod                         0x0800b5c9   Thumb Code    44  uidiv.o(.text)
    __I$use$fp                               0x0800b5f5   Thumb Code     0  iusefp.o(.text)
    _double_round                            0x0800b5f5   Thumb Code    26  depilogue.o(.text)
    _double_epilogue                         0x0800b60f   Thumb Code   164  depilogue.o(.text)
    __scatterload                            0x0800b6b5   Thumb Code    28  init.o(.text)
    __scatterload_rt2                        0x0800b6b5   Thumb Code     0  init.o(.text)
    __aeabi_llsl                             0x0800b6d9   Thumb Code    30  llshl.o(.text)
    _ll_shift_l                              0x0800b6d9   Thumb Code     0  llshl.o(.text)
    __aeabi_llsr                             0x0800b6f7   Thumb Code    32  llushr.o(.text)
    _ll_ushift_r                             0x0800b6f7   Thumb Code     0  llushr.o(.text)
    __decompress                             0x0800b717   Thumb Code     0  __dczerorl2.o(.text)
    __decompress1                            0x0800b717   Thumb Code    92  __dczerorl2.o(.text)
    __0sprintf$3                             0x0800b775   Thumb Code    34  printf3.o(i.__0sprintf$3)
    __1sprintf$3                             0x0800b775   Thumb Code     0  printf3.o(i.__0sprintf$3)
    __2sprintf                               0x0800b775   Thumb Code     0  printf3.o(i.__0sprintf$3)
    __scatterload_copy                       0x0800b79d   Thumb Code    14  handlers.o(i.__scatterload_copy)
    __scatterload_null                       0x0800b7ab   Thumb Code     2  handlers.o(i.__scatterload_null)
    __scatterload_zeroinit                   0x0800b7ad   Thumb Code    14  handlers.o(i.__scatterload_zeroinit)
    ASCII16x24_Table                         0x0800b97e   Data        4560  stm32f4_discovery_lcd.o(.constdata)
    BUTTON_PORT_SOURCE                       0x0800cb50   Data           1  stm32f4_discovery.o(.constdata)
    BUTTON_PIN_SOURCE                        0x0800cb51   Data           1  stm32f4_discovery.o(.constdata)
    BUTTON_IRQn                              0x0800cb52   Data           1  stm32f4_discovery.o(.constdata)
    BUTTON_PIN                               0x0800cb54   Data           2  stm32f4_discovery.o(.constdata)
    BUTTON_EXTI_LINE                         0x0800cb56   Data           2  stm32f4_discovery.o(.constdata)
    BUTTON_CLK                               0x0800cb58   Data           4  stm32f4_discovery.o(.constdata)
    COM_TX_PIN                               0x0800cb5c   Data           4  stm32f4_discovery.o(.constdata)
    COM_RX_PIN                               0x0800cb60   Data           4  stm32f4_discovery.o(.constdata)
    COM_TX_PIN_SOURCE                        0x0800cb64   Data           4  stm32f4_discovery.o(.constdata)
    COM_RX_PIN_SOURCE                        0x0800cb68   Data           4  stm32f4_discovery.o(.constdata)
    COM_TX_AF                                0x0800cb6c   Data           4  stm32f4_discovery.o(.constdata)
    COM_RX_AF                                0x0800cb70   Data           4  stm32f4_discovery.o(.constdata)
    GPIO_PIN                                 0x0800cb74   Data           8  stm32f4_discovery.o(.constdata)
    COM_USART_CLK                            0x0800cb7c   Data           8  stm32f4_discovery.o(.constdata)
    COM_TX_PORT_CLK                          0x0800cb84   Data           8  stm32f4_discovery.o(.constdata)
    COM_RX_PORT_CLK                          0x0800cb8c   Data           8  stm32f4_discovery.o(.constdata)
    GPIO_CLK                                 0x0800cb94   Data          16  stm32f4_discovery.o(.constdata)
    tcp_persist_backoff                      0x0800cbd4   Data           7  tcp.o(.constdata)
    tcp_backoff                              0x0800cbdb   Data          13  tcp.o(.constdata)
    ip_addr_any                              0x0800cbe8   Data           4  ip_addr.o(.constdata)
    ip_addr_broadcast                        0x0800cbec   Data           4  ip_addr.o(.constdata)
    ethbroadcast                             0x0800cbf0   Data           6  etharp.o(.constdata)
    ethzero                                  0x0800cbf6   Data           6  etharp.o(.constdata)
    Region$$Table$$Base                      0x0800cc64   Number         0  anon$$obj.o(Region$$Table)
    Region$$Table$$Limit                     0x0800cc84   Number         0  anon$$obj.o(Region$$Table)
    num                                      0x20000000   Data           2  main.o(.data)
    TTime                                    0x20000004   Data           4  main.o(.data)
    test                                     0x2000000c   Data           4  main.o(.data)
    xSemaphore                               0x2000001c   Data           4  main.o(.data)
    GPIO_InitStruct                          0x20000020   Data           8  main.o(.data)
    SystemCoreClock                          0x20000028   Data           4  system_stm32f4xx.o(.data)
    AHBPrescTable                            0x2000002c   Data          16  system_stm32f4xx.o(.data)
    EthInitStatus                            0x2000003c   Data           4  stm32f4x7_eth_bsp.o(.data)
    Font16x24                                0x20000048   Data           8  stm32f4_discovery_lcd.o(.data)
    BUTTON_PORT                              0x20000050   Data           4  stm32f4_discovery.o(.data)
    COM_USART                                0x20000054   Data           8  stm32f4_discovery.o(.data)
    COM_TX_PORT                              0x2000005c   Data           8  stm32f4_discovery.o(.data)
    COM_RX_PORT                              0x20000064   Data           8  stm32f4_discovery.o(.data)
    GPIO_PORT                                0x2000006c   Data          16  stm32f4_discovery.o(.data)
    NVIC_InitStructure                       0x2000007c   Data           4  stm32f4_discovery.o(.data)
    DMATxDescToSet                           0x20000090   Data           4  stm32f4x7_eth.o(.data)
    DMARxDescToGet                           0x20000094   Data           4  stm32f4x7_eth.o(.data)
    DMA_RX_FRAME_infos                       0x20000098   Data           4  stm32f4x7_eth.o(.data)
    netif_list                               0x200000c4   Data           4  netif.o(.data)
    netif_default                            0x200000c8   Data           4  netif.o(.data)
    tcp_ticks                                0x200000d8   Data           4  tcp.o(.data)
    tcp_bound_pcbs                           0x200000dc   Data           4  tcp.o(.data)
    tcp_listen_pcbs                          0x200000e0   Data           4  tcp.o(.data)
    tcp_active_pcbs                          0x200000e4   Data           4  tcp.o(.data)
    tcp_tw_pcbs                              0x200000e8   Data           4  tcp.o(.data)
    tcp_tmp_pcb                              0x200000ec   Data           4  tcp.o(.data)
    tcp_state_str                            0x200000f0   Data          44  tcp.o(.data)
    tcp_input_pcb                            0x20000134   Data           4  tcp_in.o(.data)
    udp_pcbs                                 0x20000138   Data           4  udp.o(.data)
    current_netif                            0x20000140   Data           4  ip.o(.data)
    current_header                           0x20000144   Data           4  ip.o(.data)
    s_xSemaphore                             0x20000150   Data           4  ethernetif.o(.data)
    pxCurrentTCB                             0x2000015c   Data           4  tasks.o(.data)
    ADC_InitStruct                           0x200001c4   Data          24  main.o(.bss)
    adcMeasurements                          0x200001dc   Data         600  main.o(.bss)
    xnetif                                   0x20000434   Data          56  netconf.o(.bss)
    DMARxDscrTab                             0x2000046c   Data         160  stm32f4x7_eth.o(.bss)
    DMATxDscrTab                             0x2000050c   Data         160  stm32f4x7_eth.o(.bss)
    Rx_Buff                                  0x200005ac   Data        7620  stm32f4x7_eth.o(.bss)
    Tx_Buff                                  0x20002370   Data        7620  stm32f4x7_eth.o(.bss)
    RX_Frame_Descriptor                      0x20004134   Data          12  stm32f4x7_eth.o(.bss)
    __initial_sp                             0x2000d270   Data           0  startup_stm32f4xx.o(STACK)



==============================================================================

Memory Map of the image

  Image Entry point : 0x08000189

  Load Region LR_IROM1 (Base: 0x08000000, Size: 0x0000ce48, Max: 0x00100000, ABSOLUTE, COMPRESSED[0x0000ccf0])

    Execution Region ER_IROM1 (Base: 0x08000000, Size: 0x0000cc84, Max: 0x00100000, ABSOLUTE)

    Base Addr    Size         Type   Attr      Idx    E Section Name        Object

    0x08000000   0x00000188   Data   RO         1793    RESET               startup_stm32f4xx.o
    0x08000188   0x00000000   Code   RO         1798  * .ARM.Collect$$$$00000000  mc_w.l(entry.o)
    0x08000188   0x00000004   Code   RO         2082    .ARM.Collect$$$$00000001  mc_w.l(entry2.o)
    0x0800018c   0x00000004   Code   RO         2085    .ARM.Collect$$$$00000004  mc_w.l(entry5.o)
    0x08000190   0x00000000   Code   RO         2087    .ARM.Collect$$$$00000008  mc_w.l(entry7b.o)
    0x08000190   0x00000000   Code   RO         2089    .ARM.Collect$$$$0000000A  mc_w.l(entry8b.o)
    0x08000190   0x00000008   Code   RO         2090    .ARM.Collect$$$$0000000B  mc_w.l(entry9a.o)
    0x08000198   0x00000000   Code   RO         2092    .ARM.Collect$$$$0000000D  mc_w.l(entry10a.o)
    0x08000198   0x00000000   Code   RO         2094    .ARM.Collect$$$$0000000F  mc_w.l(entry11a.o)
    0x08000198   0x00000004   Code   RO         2083    .ARM.Collect$$$$00002712  mc_w.l(entry2.o)
    0x0800019c   0x00000088   Code   RO         1758    .emb_text           port.o
    0x08000224   0x0000036c   Code   RO            2    .text               main.o
    0x08000590   0x00000184   Code   RO          259    .text               system_stm32f4xx.o
    0x08000714   0x00000050   Code   RO          375    .text               stm32f4xx_it.o
    0x08000764   0x000000cc   Code   RO          570    .text               netconf.o
    0x08000830   0x00000244   Code   RO          657    .text               stm32f4x7_eth_bsp.o
    0x08000a74   0x00000e10   Code   RO          788    .text               stm32f4_discovery_lcd.o
    0x08001884   0x0000043c   Code   RO          826    .text               stm32f4_discovery.o
    0x08001cc0   0x000003b4   Code   RO          847    .text               stm32f4xx_usart.o
    0x08002074   0x000000bc   Code   RO          863    .text               misc.o
    0x08002130   0x000003ac   Code   RO          879    .text               stm32f4xx_adc.o
    0x080024dc   0x00000348   Code   RO          895    .text               stm32f4xx_dma.o
    0x08002824   0x000000ec   Code   RO          911    .text               stm32f4xx_exti.o
    0x08002910   0x000004b4   Code   RO          927    .text               stm32f4xx_fsmc.o
    0x08002dc4   0x00000224   Code   RO          943    .text               stm32f4xx_gpio.o
    0x08002fe8   0x00000434   Code   RO          959    .text               stm32f4xx_rcc.o
    0x0800341c   0x000001c4   Code   RO          977    .text               stm32f4xx_sdio.o
    0x080035e0   0x0000006c   Code   RO          993    .text               stm32f4xx_syscfg.o
    0x0800364c   0x00000bb0   Code   RO         1009    .text               stm32f4x7_eth.o
    0x080041fc   0x000002f8   Code   RO         1042    .text               api_lib.o
    0x080044f4   0x00000948   Code   RO         1113    .text               api_msg.o
    0x08004e3c   0x0000014c   Code   RO         1143    .text               netbuf.o
    0x08004f88   0x00000324   Code   RO         1176    .text               tcpip.o
    0x080052ac   0x00000e08   Code   RO         1226    .text               dhcp.o
    0x080060b4   0x0000001c   Code   RO         1248    .text               init.o
    0x080060d0   0x00000290   Code   RO         1280    .text               mem.o
    0x08006360   0x00000088   Code   RO         1295    .text               memp.o
    0x080063e8   0x0000019c   Code   RO         1324    .text               netif.o
    0x08006584   0x0000043a   Code   RO         1346    .text               pbuf.o
    0x080069be   0x00000002   PAD
    0x080069c0   0x00000170   Code   RO         1361    .text               raw.o
    0x08006b30   0x000001f0   Code   RO         1381    .text               sys.o
    0x08006d20   0x00000954   Code   RO         1402    .text               tcp.o
    0x08007674   0x00000d74   Code   RO         1423    .text               tcp_in.o
    0x080083e8   0x00000922   Code   RO         1446    .text               tcp_out.o
    0x08008d0a   0x00000002   PAD
    0x08008d0c   0x0000038c   Code   RO         1458    .text               udp.o
    0x08009098   0x0000033c   Code   RO         1487    .text               autoip.o
    0x080093d4   0x000001b2   Code   RO         1502    .text               icmp.o
    0x08009586   0x00000002   PAD
    0x08009588   0x000001b0   Code   RO         1520    .text               inet.o
    0x08009738   0x00000114   Code   RO         1533    .text               inet_chksum.o
    0x0800984c   0x000002e4   Code   RO         1545    .text               ip.o
    0x08009b30   0x0000003c   Code   RO         1567    .text               ip_addr.o
    0x08009b6c   0x000005b8   Code   RO         1596    .text               etharp.o
    0x0800a124   0x0000023c   Code   RO         1632    .text               ethernetif.o
    0x0800a360   0x000001fc   Code   RO         1663    .text               sys_arch.o
    0x0800a55c   0x0000008c   Code   RO         1703    .text               list.o
    0x0800a5e8   0x0000048a   Code   RO         1721    .text               queue.o
    0x0800aa72   0x00000002   PAD
    0x0800aa74   0x00000874   Code   RO         1736    .text               tasks.o
    0x0800b2e8   0x000000a4   Code   RO         1759    .text               port.o
    0x0800b38c   0x000000f8   Code   RO         1776    .text               heap_2.o
    0x0800b484   0x00000024   Code   RO         1794    .text               startup_stm32f4xx.o
    0x0800b4a8   0x00000024   Code   RO         1801    .text               mc_w.l(memcpya.o)
    0x0800b4cc   0x00000024   Code   RO         1803    .text               mc_w.l(memseta.o)
    0x0800b4f0   0x00000018   Code   RO         1805    .text               mc_w.l(strcat.o)
    0x0800b508   0x00000018   Code   RO         1807    .text               mc_w.l(strncpy.o)
    0x0800b520   0x0000001a   Code   RO         1809    .text               mc_w.l(memcmp.o)
    0x0800b53a   0x00000022   Code   RO         2074    .text               mf_w.l(dflti.o)
    0x0800b55c   0x0000001a   Code   RO         2076    .text               mf_w.l(dfltui.o)
    0x0800b576   0x00000002   PAD
    0x0800b578   0x00000028   Code   RO         2078    .text               mf_w.l(cdcmple.o)
    0x0800b5a0   0x00000028   Code   RO         2080    .text               mf_w.l(cdrcmple.o)
    0x0800b5c8   0x0000002c   Code   RO         2099    .text               mc_w.l(uidiv.o)
    0x0800b5f4   0x00000000   Code   RO         2103    .text               mc_w.l(iusefp.o)
    0x0800b5f4   0x000000be   Code   RO         2104    .text               mf_w.l(depilogue.o)
    0x0800b6b2   0x00000002   PAD
    0x0800b6b4   0x00000024   Code   RO         2114    .text               mc_w.l(init.o)
    0x0800b6d8   0x0000001e   Code   RO         2117    .text               mc_w.l(llshl.o)
    0x0800b6f6   0x00000020   Code   RO         2119    .text               mc_w.l(llushr.o)
    0x0800b716   0x0000005c   Code   RO         2132    .text               mc_w.l(__dczerorl2.o)
    0x0800b772   0x00000002   PAD
    0x0800b774   0x00000028   Code   RO         1904    i.__0sprintf$3      mc_w.l(printf3.o)
    0x0800b79c   0x0000000e   Code   RO         2126    i.__scatterload_copy  mc_w.l(handlers.o)
    0x0800b7aa   0x00000002   Code   RO         2127    i.__scatterload_null  mc_w.l(handlers.o)
    0x0800b7ac   0x0000000e   Code   RO         2128    i.__scatterload_zeroinit  mc_w.l(handlers.o)
    0x0800b7ba   0x00000002   PAD
    0x0800b7bc   0x000001b8   Code   RO         1909    i._printf_core      mc_w.l(printf3.o)
    0x0800b974   0x0000000a   Code   RO         1911    i._sputc            mc_w.l(printf3.o)
    0x0800b97e   0x000011d0   Data   RO          789    .constdata          stm32f4_discovery_lcd.o
    0x0800cb4e   0x00000002   PAD
    0x0800cb50   0x00000054   Data   RO          827    .constdata          stm32f4_discovery.o
    0x0800cba4   0x00000030   Data   RO         1297    .constdata          memp.o
    0x0800cbd4   0x00000014   Data   RO         1403    .constdata          tcp.o
    0x0800cbe8   0x00000004   Data   RO         1568    .constdata          ip_addr.o
    0x0800cbec   0x00000004   Data   RO         1569    .constdata          ip_addr.o
    0x0800cbf0   0x0000000c   Data   RO         1598    .constdata          etharp.o
    0x0800cbfc   0x00000068   Data   RO         1404    .conststring        tcp.o
    0x0800cc64   0x00000020   Data   RO         2124    Region$$Table       anon$$obj.o


    Execution Region RW_IRAM1 (Base: 0x20000000, Size: 0x0000d270, Max: 0x00020000, ABSOLUTE, COMPRESSED[0x0000006c])

    Base Addr    Size         Type   Attr      Idx    E Section Name        Object

    0x20000000   0x00000028   Data   RW            5    .data               main.o
    0x20000028   0x00000014   Data   RW          260    .data               system_stm32f4xx.o
    0x2000003c   0x00000004   Data   RW          658    .data               stm32f4x7_eth_bsp.o
    0x20000040   0x00000010   Data   RW          793    .data               stm32f4_discovery_lcd.o
    0x20000050   0x0000002c   Data   RW          828    .data               stm32f4_discovery.o
    0x2000007c   0x00000004   Data   RW          829    .data               stm32f4_discovery.o
    0x20000080   0x00000010   Data   RW          960    .data               stm32f4xx_rcc.o
    0x20000090   0x0000000c   Data   RW         1015    .data               stm32f4x7_eth.o
    0x2000009c   0x00000010   Data   RW         1177    .data               tcpip.o
    0x200000ac   0x00000004   Data   RW         1227    .data               dhcp.o
    0x200000b0   0x00000010   Data   RW         1282    .data               mem.o
    0x200000c0   0x0000000c   Data   RW         1325    .data               netif.o
    0x200000cc   0x00000004   Data   RW         1362    .data               raw.o
    0x200000d0   0x0000004c   Data   RW         1405    .data               tcp.o
    0x2000011c   0x0000001c   Data   RW         1425    .data               tcp_in.o
    0x20000138   0x00000004   Data   RW         1459    .data               udp.o
    0x2000013c   0x0000000c   Data   RW         1546    .data               ip.o
    0x20000148   0x00000001   Data   RW         1599    .data               etharp.o
    0x20000149   0x00000003   PAD
    0x2000014c   0x0000000c   Data   RW         1633    .data               ethernetif.o
    0x20000158   0x00000002   Data   RW         1665    .data               sys_arch.o
    0x2000015a   0x00000002   PAD
    0x2000015c   0x0000004c   Data   RW         1738    .data               tasks.o
    0x200001a8   0x00000004   Data   RW         1760    .data               port.o
    0x200001ac   0x00000018   Data   RW         1778    .data               heap_2.o
    0x200001c4   0x00000270   Zero   RW            3    .bss                main.o
    0x20000434   0x00000038   Zero   RW          571    .bss                netconf.o
    0x2000046c   0x000000a0   Zero   RW         1010    .bss                stm32f4x7_eth.o
    0x2000050c   0x000000a0   Zero   RW         1011    .bss                stm32f4x7_eth.o
    0x200005ac   0x00001dc4   Zero   RW         1012    .bss                stm32f4x7_eth.o
    0x20002370   0x00001dc4   Zero   RW         1013    .bss                stm32f4x7_eth.o
    0x20004134   0x0000000c   Zero   RW         1014    .bss                stm32f4x7_eth.o
    0x20004140   0x00001414   Zero   RW         1281    .bss                mem.o
    0x20005554   0x00003b13   Zero   RW         1296    .bss                memp.o
    0x20009067   0x00000001   PAD
    0x20009068   0x00000014   Zero   RW         1424    .bss                tcp_in.o
    0x2000907c   0x00000010   Zero   RW         1521    .bss                inet.o
    0x2000908c   0x000000a0   Zero   RW         1597    .bss                etharp.o
    0x2000912c   0x00000030   Zero   RW         1664    .bss                sys_arch.o
    0x2000915c   0x0000010e   Zero   RW         1737    .bss                tasks.o
    0x2000926a   0x00000006   PAD
    0x20009270   0x00003c00   Zero   RW         1777    .bss                heap_2.o
    0x2000ce70   0x00000400   Zero   RW         1791    STACK               startup_stm32f4xx.o


==============================================================================

Image component sizes


      Code (inc. data)   RO Data    RW Data    ZI Data      Debug   Object Name

       760         44          0          0          0      27744   api_lib.o
      2376         34          0          0          0       8887   api_msg.o
       828         34          0          0          0       4550   autoip.o
      3592         48          0          4          0      12509   dhcp.o
      1464         24         12          1        160       9114   etharp.o
       572         58          0         12          0       5225   ethernetif.o
       248         10          0         24      15360       3768   heap_2.o
       434          0          0          0          0       2683   icmp.o
       432         12          0          0         16       3340   inet.o
       276          0          0          0          0       2786   inet_chksum.o
        28          0          0          0          0       1931   init.o
       740         14          0         12          0       7673   ip.o
        60          0          8          0          0       5873   ip_addr.o
       140          0          0          0          0       3277   list.o
       876        182          0         40        624     281648   main.o
       656         10          0         16       5140       4178   mem.o
       136          8         48          0      15123       2682   memp.o
       188         18          0          0          0       2169   misc.o
       332          0          0          0          0       3329   netbuf.o
       204         56          0          0         56      11747   netconf.o
       412         12          0         12          0       5704   netif.o
      1082          0          0          0          0       5956   pbuf.o
       300         24          0          4          0       2773   port.o
      1162          0          0          0          0       7905   queue.o
       368          4          0          4          0       3837   raw.o
        36          8        392          0       1024        788   startup_stm32f4xx.o
      1084         30         84         48          0       5075   stm32f4_discovery.o
      3600         46       4560         16          0      21290   stm32f4_discovery_lcd.o
      2992         88          0         12      15572      57052   stm32f4x7_eth.o
       580         64          0          4          0       1937   stm32f4x7_eth_bsp.o
       940         24          0          0          0      11302   stm32f4xx_adc.o
       840         34          0          0          0       7041   stm32f4xx_dma.o
       236         10          0          0          0       2615   stm32f4xx_exti.o
      1204         10          0          0          0       6175   stm32f4xx_fsmc.o
       548         36          0          0          0       4617   stm32f4xx_gpio.o
        80          4          0          0          0      51105   stm32f4xx_it.o
      1076         44          0         16          0      11943   stm32f4xx_rcc.o
       452         30          0          0          0       7556   stm32f4xx_sdio.o
       108         12          0          0          0       1659   stm32f4xx_syscfg.o
       948         24          0          0          0       8636   stm32f4xx_usart.o
       496          6          0          0          0       3540   sys.o
       508         10          0          2         48       5494   sys_arch.o
       388         36          0         20          0      75675   system_stm32f4xx.o
      2164         62          0         76        270      13553   tasks.o
      2388         44        124         76          0      18504   tcp.o
      3444         66          0         28         20      14008   tcp_in.o
      2338         12          0          0          0       7598   tcp_out.o
         0          0          0          0          0      18208   tcpecho.o
       804         58          0         16          0      18769   tcpip.o
       908         10          0          4          0      14163   udp.o

    ----------------------------------------------------------------------
     45836       1360       5262        452      53420     819591   Object Totals
         0          0         32          0          0          0   (incl. Generated)
         8          0          2          5          7          0   (incl. Padding)

    ----------------------------------------------------------------------

      Code (inc. data)   RO Data    RW Data    ZI Data      Debug   Library Member Name

        92          0          0          0          0          0   __dczerorl2.o
         0          0          0          0          0          0   entry.o
         0          0          0          0          0          0   entry10a.o
         0          0          0          0          0          0   entry11a.o
         8          4          0          0          0          0   entry2.o
         4          0          0          0          0          0   entry5.o
         0          0          0          0          0          0   entry7b.o
         0          0          0          0          0          0   entry8b.o
         8          4          0          0          0          0   entry9a.o
        30          0          0          0          0          0   handlers.o
        36          8          0          0          0         68   init.o
         0          0          0          0          0          0   iusefp.o
        30          0          0          0          0         68   llshl.o
        32          0          0          0          0         68   llushr.o
        26          0          0          0          0         80   memcmp.o
        36          0          0          0          0         68   memcpya.o
        36          0          0          0          0        108   memseta.o
       490         10          0          0          0        248   printf3.o
        24          0          0          0          0         68   strcat.o
        24          0          0          0          0         76   strncpy.o
        44          0          0          0          0         80   uidiv.o
        40          2          0          0          0         68   cdcmple.o
        40          2          0          0          0         68   cdrcmple.o
       190          0          0          0          0        176   depilogue.o
        34          0          0          0          0         76   dflti.o
        26          0          0          0          0         76   dfltui.o

    ----------------------------------------------------------------------
      1258         30          0          0          0       1396   Library Totals
         8          0          0          0          0          0   (incl. Padding)

    ----------------------------------------------------------------------

      Code (inc. data)   RO Data    RW Data    ZI Data      Debug   Library Name

       920         26          0          0          0        932   mc_w.l
       330          4          0          0          0        464   mf_w.l

    ----------------------------------------------------------------------
      1258         30          0          0          0       1396   Library Totals

    ----------------------------------------------------------------------

==============================================================================


      Code (inc. data)   RO Data    RW Data    ZI Data      Debug   

     47094       1390       5262        452      53420     814591   Grand Totals
     47094       1390       5262        108      53420     814591   ELF Image Totals (compressed)
     47094       1390       5262        108          0          0   ROM Totals

==============================================================================

    Total RO  Size (Code + RO Data)                52356 (  51.13kB)
    Total RW  Size (RW Data + ZI Data)             53872 (  52.61kB)
    Total ROM Size (Code + RO Data + RW Data)      52464 (  51.23kB)

==============================================================================

