<html>
<body>
<pre>
<h1>µVision Build Log</h1>
<h2>Project:</h2>
C:\Users\User\Desktop\uVisionWorkspace\udp\Codes\STM32F4xx_Ethernet_Example\Project\FreeRTOS\udptcp_echo_server_netconn\MDK-ARM\Project.uvproj
Project File Date:  07/22/2013

<h2>Output:</h2>
Build target 'Discover-More'
linking...
Program Size: Code=50650 RO-data=5326 RW-data=460 ZI-data=53524  
".\Discover-More\Project.axf" - 0 Errors, 0 Warning(s).
Load "C:\\Users\\User\\Desktop\\uVisionWorkspace\\udp\\Codes\\STM32F4xx_Ethernet_Example\\Project\\FreeRTOS\\udptcp_echo_server_netconn\\MDK-ARM\\Discover-More\\Project.axf" 
Erase Done.
Programming Done.
Verify OK.
Build target 'Discover-More'
compiling main.c...
linking...
Program Size: Code=50470 RO-data=5326 RW-data=456 ZI-data=53528  
".\Discover-More\Project.axf" - 0 Errors, 0 Warning(s).
Load "C:\\Users\\User\\Desktop\\uVisionWorkspace\\udp\\Codes\\STM32F4xx_Ethernet_Example\\Project\\FreeRTOS\\udptcp_echo_server_netconn\\MDK-ARM\\Discover-More\\Project.axf" 
Erase Done.
Programming Done.
Verify OK.
Build target 'Discover-More'
compiling main.c...
linking...
Program Size: Code=50466 RO-data=5326 RW-data=456 ZI-data=53528  
".\Discover-More\Project.axf" - 0 Errors, 0 Warning(s).
Load "C:\\Users\\User\\Desktop\\uVisionWorkspace\\udp\\Codes\\STM32F4xx_Ethernet_Example\\Project\\FreeRTOS\\udptcp_echo_server_netconn\\MDK-ARM\\Discover-More\\Project.axf" 
Erase Done.
Programming Done.
Verify OK.
Build target 'Discover-More'
compiling main.c...
..\src\main.c(356): warning:  #177-D: variable "i" was declared but never referenced
linking...
Program Size: Code=50622 RO-data=5326 RW-data=460 ZI-data=53524  
".\Discover-More\Project.axf" - 0 Errors, 1 Warning(s).
Load "C:\\Users\\User\\Desktop\\uVisionWorkspace\\udp\\Codes\\STM32F4xx_Ethernet_Example\\Project\\FreeRTOS\\udptcp_echo_server_netconn\\MDK-ARM\\Discover-More\\Project.axf" 
Erase Done.
Programming Done.
Verify OK.
Build target 'Discover-More'
compiling main.c...
..\src\main.c(405): warning:  #167-D: argument of type "volatile u16_t *" is incompatible with parameter of type "void *"
..\src\main.c(356): warning:  #177-D: variable "i" was declared but never referenced
linking...
Program Size: Code=50638 RO-data=5326 RW-data=460 ZI-data=53524  
".\Discover-More\Project.axf" - 0 Errors, 2 Warning(s).
Load "C:\\Users\\User\\Desktop\\uVisionWorkspace\\udp\\Codes\\STM32F4xx_Ethernet_Example\\Project\\FreeRTOS\\udptcp_echo_server_netconn\\MDK-ARM\\Discover-More\\Project.axf" 
Erase Done.
Programming Done.
Verify OK.
Build target 'Discover-More'
compiling main.c...
..\src\main.c(406): warning:  #167-D: argument of type "volatile u16_t *" is incompatible with parameter of type "void *"
..\src\main.c(357): warning:  #177-D: variable "i" was declared but never referenced
linking...
Program Size: Code=50646 RO-data=5326 RW-data=460 ZI-data=53524  
".\Discover-More\Project.axf" - 0 Errors, 2 Warning(s).
Load "C:\\Users\\User\\Desktop\\uVisionWorkspace\\udp\\Codes\\STM32F4xx_Ethernet_Example\\Project\\FreeRTOS\\udptcp_echo_server_netconn\\MDK-ARM\\Discover-More\\Project.axf" 
Erase Done.
Programming Done.
Verify OK.
Build target 'Discover-More'
compiling main.c...
..\src\main.c(410): warning:  #167-D: argument of type "volatile u16_t *" is incompatible with parameter of type "void *"
linking...
Program Size: Code=50670 RO-data=5326 RW-data=460 ZI-data=53524  
".\Discover-More\Project.axf" - 0 Errors, 1 Warning(s).
Load "C:\\Users\\User\\Desktop\\uVisionWorkspace\\udp\\Codes\\STM32F4xx_Ethernet_Example\\Project\\FreeRTOS\\udptcp_echo_server_netconn\\MDK-ARM\\Discover-More\\Project.axf" 
Erase Done.
Programming Done.
Verify OK.
Load "C:\\Users\\User\\Desktop\\uVisionWorkspace\\udp\\Codes\\STM32F4xx_Ethernet_Example\\Project\\FreeRTOS\\udptcp_echo_server_netconn\\MDK-ARM\\Discover-More\\Project.axf" 
Erase Done.
Programming Done.
Verify OK.
Build target 'Discover-More'
compiling main.c...
..\src\main.c(356): error:  #20: identifier "i" is undefined
".\Discover-More\Project.axf" - 1 Errors, 0 Warning(s).
Target not created
Build target 'Discover-More'
compiling main.c...
linking...
Program Size: Code=50470 RO-data=5326 RW-data=456 ZI-data=53528  
".\Discover-More\Project.axf" - 0 Errors, 0 Warning(s).
Load "C:\\Users\\User\\Desktop\\uVisionWorkspace\\udp\\Codes\\STM32F4xx_Ethernet_Example\\Project\\FreeRTOS\\udptcp_echo_server_netconn\\MDK-ARM\\Discover-More\\Project.axf" 
Erase Done.
Programming Done.
Verify OK.
Build target 'Discover-More'
compiling main.c...
linking...
Program Size: Code=50466 RO-data=5326 RW-data=456 ZI-data=53528  
".\Discover-More\Project.axf" - 0 Errors, 0 Warning(s).
Load "C:\\Users\\User\\Desktop\\uVisionWorkspace\\udp\\Codes\\STM32F4xx_Ethernet_Example\\Project\\FreeRTOS\\udptcp_echo_server_netconn\\MDK-ARM\\Discover-More\\Project.axf" 
Erase Done.
Programming Done.
Verify OK.
Build target 'Discover-More'
compiling main.c...
linking...
Program Size: Code=50646 RO-data=5326 RW-data=460 ZI-data=53524  
".\Discover-More\Project.axf" - 0 Errors, 0 Warning(s).
Load "C:\\Users\\User\\Desktop\\uVisionWorkspace\\udp\\Codes\\STM32F4xx_Ethernet_Example\\Project\\FreeRTOS\\udptcp_echo_server_netconn\\MDK-ARM\\Discover-More\\Project.axf" 
Erase Done.
Programming Done.
Verify OK.
Build target 'Discover-More'
compiling main.c...
..\src\main.c(357): error:  #268: declaration may not appear after executable statement in block
".\Discover-More\Project.axf" - 1 Errors, 0 Warning(s).
Target not created
Load "C:\\Users\\User\\Desktop\\uVisionWorkspace\\udp\\Codes\\STM32F4xx_Ethernet_Example\\Project\\FreeRTOS\\udptcp_echo_server_netconn\\MDK-ARM\\Discover-More\\Project.axf" 
Erase Done.
Programming Done.
Verify OK.
Rebuild target 'Discover-More'
compiling main.c...
..\src\main.c(357): error:  #268: declaration may not appear after executable statement in block
compiling system_stm32f4xx.c...
compiling stm32f4xx_it.c...
compiling netconf.c...
compiling stm32f4x7_eth_bsp.c...
compiling udpecho.c...
..\src\udpecho.c(70): warning:  #167-D: argument of type "char *" is incompatible with parameter of type "uint8_t *"
..\src\udpecho.c(51): warning:  #177-D: function "udpecho_thread" was declared but never referenced
compiling tcpecho.c...
compiling stm32f4_discovery_lcd.c...
compiling stm32f4_discovery.c...
compiling stm32f4xx_usart.c...
compiling misc.c...
compiling stm32f4xx_adc.c...
compiling stm32f4xx_dma.c...
compiling stm32f4xx_exti.c...
compiling stm32f4xx_fsmc.c...
compiling stm32f4xx_gpio.c...
compiling stm32f4xx_rcc.c...
compiling stm32f4xx_sdio.c...
compiling stm32f4xx_syscfg.c...
compiling stm32f4xx_dac.c...
compiling stm32f4xx_tim.c...
compiling stm32f4x7_eth.c...
compiling api_lib.c...
compiling api_msg.c...
..\..\..\..\Utilities\lwip_v1.3.2\src\api\api_msg.c(496): warning: C4017W: size may be used before being set
compiling err.c...
compiling netbuf.c...
compiling netdb.c...
compiling netifapi.c...
compiling sockets.c...
compiling tcpip.c...
compiling dhcp.c...
compiling dns.c...
compiling init.c...
compiling mem.c...
compiling memp.c...
compiling netif.c...
compiling pbuf.c...
compiling raw.c...
compiling stats.c...
compiling sys.c...
compiling tcp.c...
compiling tcp_in.c...
compiling tcp_out.c...
..\..\..\..\Utilities\lwip_v1.3.2\src\core\tcp_out.c(465): warning:  #550-D: variable "tcphdr" was set but never used
..\..\..\..\Utilities\lwip_v1.3.2\src\core\tcp_out.c(935): warning:  #550-D: variable "tcphdr" was set but never used
compiling udp.c...
compiling autoip.c...
compiling icmp.c...
compiling igmp.c...
compiling inet.c...
compiling inet_chksum.c...
compiling ip.c...
compiling ip_addr.c...
compiling ip_frag.c...
compiling etharp.c...
compiling loopif.c...
compiling slipif.c...
compiling ethernetif.c...
compiling sys_arch.c...
compiling croutine.c...
compiling list.c...
compiling queue.c...
compiling tasks.c...
compiling port.c...
compiling heap_2.c...
assembling startup_stm32f4xx.s...
".\Discover-More\Project.axf" - 1 Errors, 5 Warning(s).
Target not created
Build target 'Discover-More'
compiling main.c...
linking...
Program Size: Code=50646 RO-data=5326 RW-data=460 ZI-data=53524  
".\Discover-More\Project.axf" - 0 Errors, 0 Warning(s).
Load "C:\\Users\\User\\Desktop\\uVisionWorkspace\\udp\\Codes\\STM32F4xx_Ethernet_Example\\Project\\FreeRTOS\\udptcp_echo_server_netconn\\MDK-ARM\\Discover-More\\Project.axf" 
Erase Done.
Programming Done.
Verify OK.
Rebuild target 'Discover-More'
compiling main.c...
compiling system_stm32f4xx.c...
compiling stm32f4xx_it.c...
compiling netconf.c...
compiling stm32f4x7_eth_bsp.c...
compiling udpecho.c...
..\src\udpecho.c(70): warning:  #167-D: argument of type "char *" is incompatible with parameter of type "uint8_t *"
..\src\udpecho.c(51): warning:  #177-D: function "udpecho_thread" was declared but never referenced
compiling tcpecho.c...
compiling stm32f4_discovery_lcd.c...
compiling stm32f4_discovery.c...
compiling stm32f4xx_usart.c...
compiling misc.c...
compiling stm32f4xx_adc.c...
compiling stm32f4xx_dma.c...
compiling stm32f4xx_exti.c...
compiling stm32f4xx_fsmc.c...
compiling stm32f4xx_gpio.c...
compiling stm32f4xx_rcc.c...
compiling stm32f4xx_sdio.c...
compiling stm32f4xx_syscfg.c...
compiling stm32f4xx_dac.c...
compiling stm32f4xx_tim.c...
compiling stm32f4x7_eth.c...
compiling api_lib.c...
compiling api_msg.c...
..\..\..\..\Utilities\lwip_v1.3.2\src\api\api_msg.c(496): warning: C4017W: size may be used before being set
compiling err.c...
compiling netbuf.c...
compiling netdb.c...
compiling netifapi.c...
compiling sockets.c...
compiling tcpip.c...
compiling dhcp.c...
compiling dns.c...
compiling init.c...
compiling mem.c...
compiling memp.c...
compiling netif.c...
compiling pbuf.c...
compiling raw.c...
compiling stats.c...
compiling sys.c...
compiling tcp.c...
compiling tcp_in.c...
compiling tcp_out.c...
..\..\..\..\Utilities\lwip_v1.3.2\src\core\tcp_out.c(465): warning:  #550-D: variable "tcphdr" was set but never used
..\..\..\..\Utilities\lwip_v1.3.2\src\core\tcp_out.c(935): warning:  #550-D: variable "tcphdr" was set but never used
compiling udp.c...
compiling autoip.c...
compiling icmp.c...
compiling igmp.c...
compiling inet.c...
compiling inet_chksum.c...
compiling ip.c...
compiling ip_addr.c...
compiling ip_frag.c...
compiling etharp.c...
compiling loopif.c...
compiling slipif.c...
compiling ethernetif.c...
compiling sys_arch.c...
compiling croutine.c...
compiling list.c...
compiling queue.c...
compiling tasks.c...
compiling port.c...
compiling heap_2.c...
assembling startup_stm32f4xx.s...
linking...
Program Size: Code=50466 RO-data=5326 RW-data=456 ZI-data=53528  
".\Discover-More\Project.axf" - 0 Errors, 5 Warning(s).
Load "C:\\Users\\User\\Desktop\\uVisionWorkspace\\udp\\Codes\\STM32F4xx_Ethernet_Example\\Project\\FreeRTOS\\udptcp_echo_server_netconn\\MDK-ARM\\Discover-More\\Project.axf" 
Erase Done.
Programming Done.
Verify OK.
Build target 'Discover-More'
compiling main.c...
linking...
Program Size: Code=50654 RO-data=5326 RW-data=460 ZI-data=53524  
".\Discover-More\Project.axf" - 0 Errors, 0 Warning(s).
Load "C:\\Users\\User\\Desktop\\uVisionWorkspace\\udp\\Codes\\STM32F4xx_Ethernet_Example\\Project\\FreeRTOS\\udptcp_echo_server_netconn\\MDK-ARM\\Discover-More\\Project.axf" 
Erase Done.
Programming Done.
Verify OK.
Build target 'Discover-More'
compiling main.c...
linking...
Program Size: Code=50650 RO-data=5326 RW-data=460 ZI-data=53524  
".\Discover-More\Project.axf" - 0 Errors, 0 Warning(s).
Load "C:\\Users\\User\\Desktop\\uVisionWorkspace\\udp\\Codes\\STM32F4xx_Ethernet_Example\\Project\\FreeRTOS\\udptcp_echo_server_netconn\\MDK-ARM\\Discover-More\\Project.axf" 
Erase Done.
Programming Done.
Verify OK.
Build target 'Discover-More'
compiling main.c...
linking...
Program Size: Code=50654 RO-data=5326 RW-data=460 ZI-data=53524  
".\Discover-More\Project.axf" - 0 Errors, 0 Warning(s).
Load "C:\\Users\\User\\Desktop\\uVisionWorkspace\\udp\\Codes\\STM32F4xx_Ethernet_Example\\Project\\FreeRTOS\\udptcp_echo_server_netconn\\MDK-ARM\\Discover-More\\Project.axf" 
Erase Done.
Programming Done.
Verify OK.
Build target 'Discover-More'
compiling main.c...
linking...
Program Size: Code=50678 RO-data=5326 RW-data=460 ZI-data=53524  
".\Discover-More\Project.axf" - 0 Errors, 0 Warning(s).
Load "C:\\Users\\User\\Desktop\\uVisionWorkspace\\udp\\Codes\\STM32F4xx_Ethernet_Example\\Project\\FreeRTOS\\udptcp_echo_server_netconn\\MDK-ARM\\Discover-More\\Project.axf" 
Erase Done.
Programming Done.
Verify OK.
Build target 'Discover-More'
compiling main.c...
linking...
Program Size: Code=50682 RO-data=5326 RW-data=460 ZI-data=53524  
".\Discover-More\Project.axf" - 0 Errors, 0 Warning(s).
Load "C:\\Users\\User\\Desktop\\uVisionWorkspace\\udp\\Codes\\STM32F4xx_Ethernet_Example\\Project\\FreeRTOS\\udptcp_echo_server_netconn\\MDK-ARM\\Discover-More\\Project.axf" 
Erase Done.
Programming Done.
Verify OK.
Build target 'Discover-More'
compiling main.c...
linking...
Program Size: Code=50682 RO-data=5326 RW-data=460 ZI-data=53524  
".\Discover-More\Project.axf" - 0 Errors, 0 Warning(s).
Load "C:\\Users\\User\\Desktop\\uVisionWorkspace\\udp\\Codes\\STM32F4xx_Ethernet_Example\\Project\\FreeRTOS\\udptcp_echo_server_netconn\\MDK-ARM\\Discover-More\\Project.axf" 
Erase Done.
Programming Done.
Verify OK.
Build target 'Discover-More'
compiling main.c...
linking...
Program Size: Code=50682 RO-data=5326 RW-data=460 ZI-data=53524  
".\Discover-More\Project.axf" - 0 Errors, 0 Warning(s).
Load "C:\\Users\\User\\Desktop\\uVisionWorkspace\\udp\\Codes\\STM32F4xx_Ethernet_Example\\Project\\FreeRTOS\\udptcp_echo_server_netconn\\MDK-ARM\\Discover-More\\Project.axf" 
Erase Done.
Programming Done.
Verify OK.
Build target 'Discover-More'
compiling main.c...
..\src\main.c(160): warning:  #223-D: function "nettcon_disconnect" declared implicitly
linking...
.\Discover-More\Project.axf: Error: L6218E: Undefined symbol nettcon_disconnect (referred from main.o).
".\Discover-More\Project.axf" - 1 Errors, 1 Warning(s).
Target not created
Build target 'Discover-More'
compiling main.c...
..\src\main.c(160): warning:  #223-D: function "netcon_disconnect" declared implicitly
linking...
.\Discover-More\Project.axf: Error: L6218E: Undefined symbol netcon_disconnect (referred from main.o).
".\Discover-More\Project.axf" - 1 Errors, 1 Warning(s).
Target not created
Build target 'Discover-More'
compiling main.c...
linking...
Program Size: Code=50694 RO-data=5326 RW-data=460 ZI-data=53524  
".\Discover-More\Project.axf" - 0 Errors, 0 Warning(s).
Load "C:\\Users\\User\\Desktop\\uVisionWorkspace\\udp\\Codes\\STM32F4xx_Ethernet_Example\\Project\\FreeRTOS\\udptcp_echo_server_netconn\\MDK-ARM\\Discover-More\\Project.axf" 
Erase Done.
Programming Done.
Verify OK.
Build target 'Discover-More'
compiling main.c...
linking...
Program Size: Code=50638 RO-data=5326 RW-data=460 ZI-data=53524  
".\Discover-More\Project.axf" - 0 Errors, 0 Warning(s).
Build target 'Discover-More'
compiling main.c...
linking...
Program Size: Code=50638 RO-data=5326 RW-data=460 ZI-data=53524  
".\Discover-More\Project.axf" - 0 Errors, 0 Warning(s).
Load "C:\\Users\\User\\Desktop\\uVisionWorkspace\\udp\\Codes\\STM32F4xx_Ethernet_Example\\Project\\FreeRTOS\\udptcp_echo_server_netconn\\MDK-ARM\\Discover-More\\Project.axf" 
Erase Done.
Programming Done.
Verify OK.
Build target 'Discover-More'
compiling main.c...
..\src\main.c(413): warning:  #167-D: argument of type "volatile u16_t *" is incompatible with parameter of type "void *"
linking...
Program Size: Code=50642 RO-data=5326 RW-data=460 ZI-data=53524  
".\Discover-More\Project.axf" - 0 Errors, 1 Warning(s).
Load "C:\\Users\\User\\Desktop\\uVisionWorkspace\\udp\\Codes\\STM32F4xx_Ethernet_Example\\Project\\FreeRTOS\\udptcp_echo_server_netconn\\MDK-ARM\\Discover-More\\Project.axf" 
Erase Done.
Programming Done.
Verify OK.
Build target 'Discover-More'
compiling main.c...
..\src\main.c(413): warning:  #167-D: argument of type "volatile u16_t *" is incompatible with parameter of type "void *"
linking...
Program Size: Code=50646 RO-data=5326 RW-data=460 ZI-data=53524  
".\Discover-More\Project.axf" - 0 Errors, 1 Warning(s).
Load "C:\\Users\\User\\Desktop\\uVisionWorkspace\\udp\\Codes\\STM32F4xx_Ethernet_Example\\Project\\FreeRTOS\\udptcp_echo_server_netconn\\MDK-ARM\\Discover-More\\Project.axf" 
Erase Done.
Programming Done.
Verify OK.
Build target 'Discover-More'
compiling main.c...
..\src\main.c(464): warning:  #167-D: argument of type "volatile u16_t *" is incompatible with parameter of type "void *"
linking...
Program Size: Code=50830 RO-data=5326 RW-data=460 ZI-data=53540  
".\Discover-More\Project.axf" - 0 Errors, 1 Warning(s).
Load "C:\\Users\\User\\Desktop\\uVisionWorkspace\\udp\\Codes\\STM32F4xx_Ethernet_Example\\Project\\FreeRTOS\\udptcp_echo_server_netconn\\MDK-ARM\\Discover-More\\Project.axf" 
Erase Done.
Programming Done.
Verify OK.
Build target 'Discover-More'
compiling main.c...
..\src\main.c(464): warning:  #167-D: argument of type "volatile u16_t *" is incompatible with parameter of type "void *"
linking...
Program Size: Code=50790 RO-data=5326 RW-data=456 ZI-data=53544  
".\Discover-More\Project.axf" - 0 Errors, 1 Warning(s).
Load "C:\\Users\\User\\Desktop\\uVisionWorkspace\\udp\\Codes\\STM32F4xx_Ethernet_Example\\Project\\FreeRTOS\\udptcp_echo_server_netconn\\MDK-ARM\\Discover-More\\Project.axf" 
Erase Done.
Programming Done.
Verify OK.
Build target 'Discover-More'
compiling main.c...
..\src\main.c(464): warning:  #167-D: argument of type "volatile u16_t *" is incompatible with parameter of type "void *"
linking...
Program Size: Code=50786 RO-data=5326 RW-data=456 ZI-data=53544  
".\Discover-More\Project.axf" - 0 Errors, 1 Warning(s).
Load "C:\\Users\\User\\Desktop\\uVisionWorkspace\\udp\\Codes\\STM32F4xx_Ethernet_Example\\Project\\FreeRTOS\\udptcp_echo_server_netconn\\MDK-ARM\\Discover-More\\Project.axf" 
Erase Done.
Programming Done.
Verify OK.
Build target 'Discover-More'
compiling main.c...
..\src\main.c(132): warning:  #223-D: function "RCC_AHBPeriphClockCmd" declared implicitly
..\src\main.c(132): error:  #20: identifier "RCC_AHBPeriph_GPIOA" is undefined
..\src\main.c(134): error:  #20: identifier "GPIO_AF" is undefined
..\src\main.c(135): error:  #20: identifier "GPIO_AF_1" is undefined
..\src\main.c(138): error:  #268: declaration may not appear after executable statement in block
..\src\main.c(146): error:  #268: declaration may not appear after executable statement in block
..\src\main.c(494): warning:  #167-D: argument of type "volatile u16_t *" is incompatible with parameter of type "void *"
".\Discover-More\Project.axf" - 5 Errors, 2 Warning(s).
Target not created
Build target 'Discover-More'
compiling main.c...
..\src\main.c(137): error:  #268: declaration may not appear after executable statement in block
..\src\main.c(145): error:  #268: declaration may not appear after executable statement in block
..\src\main.c(158): error:  #147: declaration is incompatible with "int putc(int, FILE *)" (declared at line 661 of "C:\Keil\ARM\ARMCC\bin\..\include\stdio.h")
..\src\main.c(507): warning:  #167-D: argument of type "volatile u16_t *" is incompatible with parameter of type "void *"
".\Discover-More\Project.axf" - 3 Errors, 1 Warning(s).
Target not created
Build target 'Discover-More'
compiling main.c...
..\src\main.c(158): error:  #147: declaration is incompatible with "int putc(int, FILE *)" (declared at line 661 of "C:\Keil\ARM\ARMCC\bin\..\include\stdio.h")
..\src\main.c(507): warning:  #167-D: argument of type "volatile u16_t *" is incompatible with parameter of type "void *"
".\Discover-More\Project.axf" - 1 Errors, 1 Warning(s).
Target not created
Build target 'Discover-More'
compiling main.c...
..\src\main.c(507): warning:  #167-D: argument of type "volatile u16_t *" is incompatible with parameter of type "void *"
linking...
Program Size: Code=50962 RO-data=5326 RW-data=456 ZI-data=53560  
".\Discover-More\Project.axf" - 0 Errors, 1 Warning(s).
Build target 'Discover-More'
compiling main.c...
..\src\main.c(508): warning:  #167-D: argument of type "volatile u16_t *" is incompatible with parameter of type "void *"
linking...
Program Size: Code=50978 RO-data=5326 RW-data=456 ZI-data=53560  
".\Discover-More\Project.axf" - 0 Errors, 1 Warning(s).
Load "C:\\Users\\User\\Desktop\\uVisionWorkspace\\udp\\Codes\\STM32F4xx_Ethernet_Example\\Project\\FreeRTOS\\udptcp_echo_server_netconn\\MDK-ARM\\Discover-More\\Project.axf" 
Erase Done.
Programming Done.
Verify OK.
Build target 'Discover-More'
compiling main.c...
..\src\main.c(422): warning:  #111-D: statement is unreachable
..\src\main.c(511): warning:  #167-D: argument of type "volatile u16_t *" is incompatible with parameter of type "void *"
linking...
Program Size: Code=50658 RO-data=5326 RW-data=452 ZI-data=53556  
".\Discover-More\Project.axf" - 0 Errors, 2 Warning(s).
Load "C:\\Users\\User\\Desktop\\uVisionWorkspace\\udp\\Codes\\STM32F4xx_Ethernet_Example\\Project\\FreeRTOS\\udptcp_echo_server_netconn\\MDK-ARM\\Discover-More\\Project.axf" 
Erase Done.
Programming Done.
Verify OK.
Build target 'Discover-More'
compiling main.c...
..\src\main.c(429): warning:  #111-D: statement is unreachable
..\src\main.c(518): warning:  #167-D: argument of type "volatile u16_t *" is incompatible with parameter of type "void *"
linking...
Program Size: Code=50670 RO-data=5326 RW-data=460 ZI-data=53556  
".\Discover-More\Project.axf" - 0 Errors, 2 Warning(s).
Load "C:\\Users\\User\\Desktop\\uVisionWorkspace\\udp\\Codes\\STM32F4xx_Ethernet_Example\\Project\\FreeRTOS\\udptcp_echo_server_netconn\\MDK-ARM\\Discover-More\\Project.axf" 
Erase Done.
Programming Done.
Verify OK.
Build target 'Discover-More'
compiling main.c...
..\src\main.c(152): error:  #20: identifier "COM_TX_PORT" is undefined
..\src\main.c(152): error:  #20: identifier "COM" is undefined
..\src\main.c(152): error:  #20: identifier "COM_TX_PIN_SOURCE" is undefined
..\src\main.c(152): error:  #20: identifier "COM_TX_AF" is undefined
..\src\main.c(155): error:  #20: identifier "COM_RX_PORT" is undefined
..\src\main.c(155): error:  #20: identifier "COM_RX_PIN_SOURCE" is undefined
..\src\main.c(155): error:  #20: identifier "COM_RX_AF" is undefined
..\src\main.c(162): error:  #20: identifier "COM_TX_PIN" is undefined
..\src\main.c(168): error:  #20: identifier "COM_RX_PIN" is undefined
..\src\main.c(172): error:  #20: identifier "COM_USART" is undefined
..\src\main.c(172): error:  #20: identifier "USART_InitStruct" is undefined
..\src\main.c(442): warning:  #111-D: statement is unreachable
..\src\main.c(531): warning:  #167-D: argument of type "volatile u16_t *" is incompatible with parameter of type "void *"
".\Discover-More\Project.axf" - 11 Errors, 2 Warning(s).
Target not created
Build target 'Discover-More'
compiling main.c...
..\src\main.c(172): error:  #20: identifier "USART_InitStruct" is undefined
..\src\main.c(175): error:  #20: identifier "COM_USART" is undefined
..\src\main.c(175): error:  #20: identifier "COM" is undefined
..\src\main.c(442): warning:  #111-D: statement is unreachable
..\src\main.c(531): warning:  #167-D: argument of type "volatile u16_t *" is incompatible with parameter of type "void *"
".\Discover-More\Project.axf" - 3 Errors, 2 Warning(s).
Target not created
Build target 'Discover-More'
compiling main.c...
..\src\main.c(442): warning:  #111-D: statement is unreachable
..\src\main.c(531): warning:  #167-D: argument of type "volatile u16_t *" is incompatible with parameter of type "void *"
linking...
Program Size: Code=50658 RO-data=5326 RW-data=452 ZI-data=53556  
".\Discover-More\Project.axf" - 0 Errors, 2 Warning(s).
Load "C:\\Users\\User\\Desktop\\uVisionWorkspace\\udp\\Codes\\STM32F4xx_Ethernet_Example\\Project\\FreeRTOS\\udptcp_echo_server_netconn\\MDK-ARM\\Discover-More\\Project.axf" 
Erase Done.
Programming Done.
Verify OK.
Build target 'Discover-More'
compiling main.c...
..\src\main.c(458): warning:  #111-D: statement is unreachable
..\src\main.c(547): warning:  #167-D: argument of type "volatile u16_t *" is incompatible with parameter of type "void *"
linking...
Program Size: Code=50702 RO-data=5326 RW-data=452 ZI-data=53540  
".\Discover-More\Project.axf" - 0 Errors, 2 Warning(s).
Load "C:\\Users\\User\\Desktop\\uVisionWorkspace\\udp\\Codes\\STM32F4xx_Ethernet_Example\\Project\\FreeRTOS\\udptcp_echo_server_netconn\\MDK-ARM\\Discover-More\\Project.axf" 
Erase Done.
Programming Done.
Verify OK.
Build target 'Discover-More'
compiling main.c...
..\src\main.c(459): warning:  #111-D: statement is unreachable
..\src\main.c(548): warning:  #167-D: argument of type "volatile u16_t *" is incompatible with parameter of type "void *"
linking...
Program Size: Code=50726 RO-data=5326 RW-data=452 ZI-data=53540  
".\Discover-More\Project.axf" - 0 Errors, 2 Warning(s).
Load "C:\\Users\\User\\Desktop\\uVisionWorkspace\\udp\\Codes\\STM32F4xx_Ethernet_Example\\Project\\FreeRTOS\\udptcp_echo_server_netconn\\MDK-ARM\\Discover-More\\Project.axf" 
Erase Done.
Programming Done.
Verify OK.
Build target 'Discover-More'
compiling main.c...
..\src\main.c(544): warning:  #167-D: argument of type "volatile u16_t *" is incompatible with parameter of type "void *"
linking...
Program Size: Code=51038 RO-data=5326 RW-data=456 ZI-data=53544  
".\Discover-More\Project.axf" - 0 Errors, 1 Warning(s).
Load "C:\\Users\\User\\Desktop\\uVisionWorkspace\\udp\\Codes\\STM32F4xx_Ethernet_Example\\Project\\FreeRTOS\\udptcp_echo_server_netconn\\MDK-ARM\\Discover-More\\Project.axf" 
Erase Done.
Programming Done.
Verify OK.
Build target 'Discover-More'
compiling main.c...
..\src\main.c(546): warning:  #167-D: argument of type "volatile u16_t *" is incompatible with parameter of type "void *"
linking...
Program Size: Code=51046 RO-data=5326 RW-data=456 ZI-data=53544  
".\Discover-More\Project.axf" - 0 Errors, 1 Warning(s).
Load "C:\\Users\\User\\Desktop\\uVisionWorkspace\\udp\\Codes\\STM32F4xx_Ethernet_Example\\Project\\FreeRTOS\\udptcp_echo_server_netconn\\MDK-ARM\\Discover-More\\Project.axf" 
Erase Done.
Programming Done.
Verify OK.
Build target 'Discover-More'
compiling main.c...
..\src\main.c(533): warning:  #167-D: argument of type "volatile u16_t *" is incompatible with parameter of type "void *"
linking...
Program Size: Code=50998 RO-data=5326 RW-data=448 ZI-data=53544  
".\Discover-More\Project.axf" - 0 Errors, 1 Warning(s).
Build target 'Discover-More'
compiling main.c...
..\src\main.c(555): warning:  #167-D: argument of type "volatile u16_t *" is incompatible with parameter of type "void *"
linking...
Program Size: Code=51054 RO-data=5326 RW-data=456 ZI-data=53544  
".\Discover-More\Project.axf" - 0 Errors, 1 Warning(s).
Load "C:\\Users\\User\\Desktop\\uVisionWorkspace\\udp\\Codes\\STM32F4xx_Ethernet_Example\\Project\\FreeRTOS\\udptcp_echo_server_netconn\\MDK-ARM\\Discover-More\\Project.axf" 
Erase Done.
Programming Done.
Verify OK.
Build target 'Discover-More'
compiling main.c...
..\src\main.c(555): warning:  #167-D: argument of type "volatile u16_t *" is incompatible with parameter of type "void *"
linking...
Program Size: Code=51054 RO-data=5326 RW-data=456 ZI-data=53544  
".\Discover-More\Project.axf" - 0 Errors, 1 Warning(s).
Load "C:\\Users\\User\\Desktop\\uVisionWorkspace\\udp\\Codes\\STM32F4xx_Ethernet_Example\\Project\\FreeRTOS\\udptcp_echo_server_netconn\\MDK-ARM\\Discover-More\\Project.axf" 
Erase Done.
Programming Done.
Verify OK.
Rebuild target 'Discover-More'
compiling main.c...
..\src\main.c(555): warning:  #167-D: argument of type "volatile u16_t *" is incompatible with parameter of type "void *"
compiling system_stm32f4xx.c...
compiling stm32f4xx_it.c...
compiling netconf.c...
compiling stm32f4x7_eth_bsp.c...
compiling udpecho.c...
..\src\udpecho.c(70): warning:  #167-D: argument of type "char *" is incompatible with parameter of type "uint8_t *"
..\src\udpecho.c(51): warning:  #177-D: function "udpecho_thread" was declared but never referenced
compiling tcpecho.c...
compiling stm32f4_discovery_lcd.c...
compiling stm32f4_discovery.c...
compiling stm32f4xx_usart.c...
compiling misc.c...
compiling stm32f4xx_adc.c...
compiling stm32f4xx_dma.c...
compiling stm32f4xx_exti.c...
compiling stm32f4xx_fsmc.c...
compiling stm32f4xx_gpio.c...
compiling stm32f4xx_rcc.c...
compiling stm32f4xx_sdio.c...
compiling stm32f4xx_syscfg.c...
compiling stm32f4xx_dac.c...
compiling stm32f4xx_tim.c...
compiling stm32f4x7_eth.c...
compiling api_lib.c...
compiling api_msg.c...
..\..\..\..\Utilities\lwip_v1.3.2\src\api\api_msg.c(496): warning: C4017W: size may be used before being set
compiling err.c...
compiling netbuf.c...
compiling netdb.c...
compiling netifapi.c...
compiling sockets.c...
compiling tcpip.c...
compiling dhcp.c...
compiling dns.c...
compiling init.c...
compiling mem.c...
compiling memp.c...
compiling netif.c...
compiling pbuf.c...
compiling raw.c...
compiling stats.c...
compiling sys.c...
compiling tcp.c...
compiling tcp_in.c...
compiling tcp_out.c...
..\..\..\..\Utilities\lwip_v1.3.2\src\core\tcp_out.c(465): warning:  #550-D: variable "tcphdr" was set but never used
..\..\..\..\Utilities\lwip_v1.3.2\src\core\tcp_out.c(935): warning:  #550-D: variable "tcphdr" was set but never used
compiling udp.c...
compiling autoip.c...
compiling icmp.c...
compiling igmp.c...
compiling inet.c...
compiling inet_chksum.c...
compiling ip.c...
compiling ip_addr.c...
compiling ip_frag.c...
compiling etharp.c...
compiling loopif.c...
compiling slipif.c...
compiling ethernetif.c...
compiling sys_arch.c...
compiling croutine.c...
compiling list.c...
compiling queue.c...
compiling tasks.c...
compiling port.c...
compiling heap_2.c...
assembling startup_stm32f4xx.s...
linking...
Program Size: Code=51054 RO-data=5326 RW-data=456 ZI-data=53544  
".\Discover-More\Project.axf" - 0 Errors, 6 Warning(s).
Load "C:\\Users\\User\\Desktop\\uVisionWorkspace\\udp\\Codes\\STM32F4xx_Ethernet_Example\\Project\\FreeRTOS\\udptcp_echo_server_netconn\\MDK-ARM\\Discover-More\\Project.axf" 
Erase Done.
Programming Done.
Verify OK.
Build target 'Discover-More'
compiling main.c...
..\src\main.c(555): warning:  #167-D: argument of type "volatile u16_t *" is incompatible with parameter of type "void *"
linking...
Program Size: Code=51034 RO-data=5326 RW-data=456 ZI-data=53544  
".\Discover-More\Project.axf" - 0 Errors, 1 Warning(s).
Load "C:\\Users\\User\\Desktop\\uVisionWorkspace\\udp\\Codes\\STM32F4xx_Ethernet_Example\\Project\\FreeRTOS\\udptcp_echo_server_netconn\\MDK-ARM\\Discover-More\\Project.axf" 
Erase Done.
Programming Done.
Verify OK.
Build target 'Discover-More'
compiling main.c...
..\src\main.c(457): warning:  #111-D: statement is unreachable
..\src\main.c(554): warning:  #167-D: argument of type "volatile u16_t *" is incompatible with parameter of type "void *"
linking...
Program Size: Code=50706 RO-data=5326 RW-data=452 ZI-data=53540  
".\Discover-More\Project.axf" - 0 Errors, 2 Warning(s).
Load "C:\\Users\\User\\Desktop\\uVisionWorkspace\\udp\\Codes\\STM32F4xx_Ethernet_Example\\Project\\FreeRTOS\\udptcp_echo_server_netconn\\MDK-ARM\\Discover-More\\Project.axf" 
Erase Done.
Programming Done.
Verify OK.
Build target 'Discover-More'
compiling main.c...
..\src\main.c(132): warning:  #177-D: variable "NVIC_InitStructure" was declared but never referenced
..\src\main.c(214): warning:  #223-D: function "UDPsetup_network" declared implicitly
..\src\main.c(221): warning:  #111-D: statement is unreachable
..\src\main.c(221): warning:  #223-D: function "TIM_Config" declared implicitly
..\src\main.c(222): warning:  #223-D: function "BasicDAC_Init" declared implicitly
..\src\main.c(231): error:  #20: identifier "adcMeasurements" is undefined
..\src\main.c(316): error:  #20: identifier "Ssend" is undefined
..\src\main.c(318): warning:  #223-D: function "UDPsend_packet" declared implicitly
compiling udpecho.c...
".\Discover-More\Project.axf" - 2 Errors, 6 Warning(s).
Target not created
Build target 'Discover-More'
compiling main.c...
..\src\main.c(132): warning:  #177-D: variable "NVIC_InitStructure" was declared but never referenced
..\src\main.c(214): warning:  #223-D: function "UDPsetup_network" declared implicitly
..\src\main.c(221): warning:  #111-D: statement is unreachable
..\src\main.c(221): warning:  #223-D: function "TIM_Config" declared implicitly
..\src\main.c(222): warning:  #223-D: function "BasicDAC_Init" declared implicitly
..\src\main.c(231): error:  #20: identifier "adcMeasurements" is undefined
..\src\main.c(316): error:  #20: identifier "Ssend" is undefined
..\src\main.c(318): warning:  #223-D: function "UDPsend_packet" declared implicitly
compiling stm32f4xx_it.c...
compiling netconf.c...
compiling stm32f4x7_eth_bsp.c...
compiling udpecho.c...
compiling ethernetif.c...
".\Discover-More\Project.axf" - 2 Errors, 6 Warning(s).
Target not created
Build target 'Discover-More'
compiling main.c...
..\src\main.c(132): warning:  #177-D: variable "NVIC_InitStructure" was declared but never referenced
..\src\main.c(214): warning:  #223-D: function "UDPsetup_network" declared implicitly
..\src\main.c(221): warning:  #111-D: statement is unreachable
..\src\main.c(221): warning:  #223-D: function "TIM_Config" declared implicitly
..\src\main.c(222): warning:  #223-D: function "BasicDAC_Init" declared implicitly
..\src\main.c(231): error:  #20: identifier "adcMeasurements" is undefined
..\src\main.c(316): error:  #20: identifier "Ssend" is undefined
..\src\main.c(318): warning:  #223-D: function "UDPsend_packet" declared implicitly
".\Discover-More\Project.axf" - 2 Errors, 6 Warning(s).
Target not created
Build target 'Discover-More'
compiling main.c...
..\src\main.c(133): warning:  #177-D: variable "NVIC_InitStructure" was declared but never referenced
..\src\main.c(222): warning:  #111-D: statement is unreachable
..\src\main.c(222): warning:  #223-D: function "TIM_Config" declared implicitly
..\src\main.c(223): warning:  #223-D: function "BasicDAC_Init" declared implicitly
..\src\main.c(232): error:  #20: identifier "adcMeasurements" is undefined
..\src\main.c(317): error:  #20: identifier "Ssend" is undefined
".\Discover-More\Project.axf" - 2 Errors, 4 Warning(s).
Target not created
Build target 'Discover-More'
compiling main.c...
..\src\main.c(133): warning:  #177-D: variable "NVIC_InitStructure" was declared but never referenced
..\src\main.c(226): error:  #20: identifier "Ssend" is undefined
..\src\main.c(228): error:  #20: identifier "adcMeasurements" is undefined
..\src\main.c(224): warning:  #128-D: loop is not reachable
".\Discover-More\Project.axf" - 2 Errors, 2 Warning(s).
Target not created
Build target 'Discover-More'
compiling main.c...
..\src\main.c(133): warning:  #177-D: variable "NVIC_InitStructure" was declared but never referenced
..\src\main.c(224): warning:  #128-D: loop is not reachable
linking...
.\Discover-More\Project.axf: Error: L6200E: Symbol UDPsetup_network multiply defined (by udpecho.o and main.o).
.\Discover-More\Project.axf: Error: L6200E: Symbol UDPsend_packet multiply defined (by udpecho.o and main.o).
.\Discover-More\Project.axf: Error: L6200E: Symbol UDPreceive_packet multiply defined (by udpecho.o and main.o).
".\Discover-More\Project.axf" - 3 Errors, 2 Warning(s).
Target not created
Rebuild target 'Discover-More'
compiling main.c...
..\src\main.c(133): warning:  #177-D: variable "NVIC_InitStructure" was declared but never referenced
..\src\main.c(224): warning:  #128-D: loop is not reachable
compiling system_stm32f4xx.c...
compiling stm32f4xx_it.c...
compiling netconf.c...
compiling stm32f4x7_eth_bsp.c...
compiling udpecho.c...
compiling tcpecho.c...
compiling stm32f4_discovery_lcd.c...
compiling stm32f4_discovery.c...
compiling stm32f4xx_usart.c...
compiling misc.c...
compiling stm32f4xx_adc.c...
compiling stm32f4xx_dma.c...
compiling stm32f4xx_exti.c...
compiling stm32f4xx_fsmc.c...
compiling stm32f4xx_gpio.c...
compiling stm32f4xx_rcc.c...
compiling stm32f4xx_sdio.c...
compiling stm32f4xx_syscfg.c...
compiling stm32f4xx_dac.c...
compiling stm32f4xx_tim.c...
compiling stm32f4x7_eth.c...
compiling api_lib.c...
compiling api_msg.c...
..\..\..\..\Utilities\lwip_v1.3.2\src\api\api_msg.c(496): warning: C4017W: size may be used before being set
compiling err.c...
compiling netbuf.c...
compiling netdb.c...
compiling netifapi.c...
compiling sockets.c...
compiling tcpip.c...
compiling dhcp.c...
compiling dns.c...
compiling init.c...
compiling mem.c...
compiling memp.c...
compiling netif.c...
compiling pbuf.c...
compiling raw.c...
compiling stats.c...
compiling sys.c...
compiling tcp.c...
compiling tcp_in.c...
compiling tcp_out.c...
..\..\..\..\Utilities\lwip_v1.3.2\src\core\tcp_out.c(465): warning:  #550-D: variable "tcphdr" was set but never used
..\..\..\..\Utilities\lwip_v1.3.2\src\core\tcp_out.c(935): warning:  #550-D: variable "tcphdr" was set but never used
compiling udp.c...
compiling autoip.c...
compiling icmp.c...
compiling igmp.c...
compiling inet.c...
compiling inet_chksum.c...
compiling ip.c...
compiling ip_addr.c...
compiling ip_frag.c...
compiling etharp.c...
compiling loopif.c...
compiling slipif.c...
compiling ethernetif.c...
compiling sys_arch.c...
compiling croutine.c...
compiling list.c...
compiling queue.c...
compiling tasks.c...
compiling port.c...
compiling heap_2.c...
assembling startup_stm32f4xx.s...
linking...
.\Discover-More\Project.axf: Error: L6200E: Symbol UDPsetup_network multiply defined (by udpecho.o and main.o).
.\Discover-More\Project.axf: Error: L6200E: Symbol UDPsend_packet multiply defined (by udpecho.o and main.o).
.\Discover-More\Project.axf: Error: L6200E: Symbol UDPreceive_packet multiply defined (by udpecho.o and main.o).
".\Discover-More\Project.axf" - 3 Errors, 5 Warning(s).
Target not created
Build target 'Discover-More'
compiling main.c...
..\src\main.c(52): error:  #5: cannot open source input file "udpecho.h": No such file or directory
".\Discover-More\Project.axf" - 1 Errors, 0 Warning(s).
Target not created
Build target 'Discover-More'
compiling main.c...
..\src\main.c(52): error:  #5: cannot open source input file "udpecho.h": No such file or directory
compiling system_stm32f4xx.c...
compiling stm32f4xx_it.c...
compiling netconf.c...
compiling stm32f4x7_eth_bsp.c...
compiling udpecho.c...
compiling tcpecho.c...
compiling stm32f4_discovery_lcd.c...
compiling stm32f4_discovery.c...
compiling stm32f4xx_usart.c...
compiling misc.c...
compiling stm32f4xx_adc.c...
compiling stm32f4xx_dma.c...
compiling stm32f4xx_exti.c...
compiling stm32f4xx_fsmc.c...
compiling stm32f4xx_gpio.c...
compiling stm32f4xx_rcc.c...
compiling stm32f4xx_sdio.c...
compiling stm32f4xx_syscfg.c...
compiling stm32f4xx_dac.c...
compiling stm32f4xx_tim.c...
compiling stm32f4x7_eth.c...
compiling api_lib.c...
compiling api_msg.c...
..\..\..\..\Utilities\lwip_v1.3.2\src\api\api_msg.c(496): warning: C4017W: size may be used before being set
compiling err.c...
compiling netbuf.c...
compiling netdb.c...
compiling netifapi.c...
compiling sockets.c...
compiling tcpip.c...
compiling dhcp.c...
compiling dns.c...
compiling init.c...
compiling mem.c...
compiling memp.c...
compiling netif.c...
compiling pbuf.c...
compiling raw.c...
compiling stats.c...
compiling sys.c...
compiling tcp.c...
compiling tcp_in.c...
compiling tcp_out.c...
..\..\..\..\Utilities\lwip_v1.3.2\src\core\tcp_out.c(465): warning:  #550-D: variable "tcphdr" was set but never used
..\..\..\..\Utilities\lwip_v1.3.2\src\core\tcp_out.c(935): warning:  #550-D: variable "tcphdr" was set but never used
compiling udp.c...
compiling autoip.c...
compiling icmp.c...
compiling igmp.c...
compiling inet.c...
compiling inet_chksum.c...
compiling ip.c...
compiling ip_addr.c...
compiling ip_frag.c...
compiling etharp.c...
compiling loopif.c...
compiling slipif.c...
compiling ethernetif.c...
compiling sys_arch.c...
compiling croutine.c...
compiling list.c...
compiling queue.c...
compiling tasks.c...
compiling port.c...
compiling heap_2.c...
".\Discover-More\Project.axf" - 1 Errors, 3 Warning(s).
Target not created
Build target 'Discover-More'
compiling main.c...
..\inc\udpecho.h(7): warning:  #1295-D: Deprecated declaration UDPsetup_network - give arg types
..\inc\udpecho.h(23): warning:  #1-D: last line of file ends without a newline
..\src\main.c(76): error:  #20: identifier "test" is undefined
..\src\main.c(76): error:  #20: identifier "xnetif" is undefined
..\src\main.c(121): warning:  #177-D: variable "NVIC_InitStructure" was declared but never referenced
..\src\main.c(212): warning:  #128-D: loop is not reachable
..\src\main.c(297): error:  #20: identifier "MESSAGE1" is undefined
..\src\main.c(298): error:  #20: identifier "MESSAGE2" is undefined
..\src\main.c(299): error:  #20: identifier "MESSAGE3" is undefined
..\src\main.c(300): error:  #20: identifier "MESSAGE4" is undefined
".\Discover-More\Project.axf" - 6 Errors, 4 Warning(s).
Target not created
Build target 'Discover-More'
compiling main.c...
..\inc\udpecho.h(7): warning:  #1295-D: Deprecated declaration UDPsetup_network - give arg types
..\inc\udpecho.h(23): warning:  #1-D: last line of file ends without a newline
..\src\main.c(76): error:  #20: identifier "test" is undefined
..\src\main.c(76): error:  #20: identifier "xnetif" is undefined
..\src\main.c(121): warning:  #177-D: variable "NVIC_InitStructure" was declared but never referenced
..\src\main.c(212): warning:  #128-D: loop is not reachable
..\src\main.c(297): error:  #20: identifier "MESSAGE1" is undefined
..\src\main.c(298): error:  #20: identifier "MESSAGE2" is undefined
..\src\main.c(299): error:  #20: identifier "MESSAGE3" is undefined
..\src\main.c(300): error:  #20: identifier "MESSAGE4" is undefined
".\Discover-More\Project.axf" - 6 Errors, 4 Warning(s).
Target not created
Build target 'Discover-More'
compiling main.c...
..\inc\udpecho.h(23): warning:  #1-D: last line of file ends without a newline
..\src\main.c(76): error:  #20: identifier "test" is undefined
..\src\main.c(76): error:  #20: identifier "xnetif" is undefined
..\src\main.c(121): warning:  #177-D: variable "NVIC_InitStructure" was declared but never referenced
..\src\main.c(212): warning:  #128-D: loop is not reachable
..\src\main.c(297): error:  #20: identifier "MESSAGE1" is undefined
..\src\main.c(298): error:  #20: identifier "MESSAGE2" is undefined
..\src\main.c(299): error:  #20: identifier "MESSAGE3" is undefined
..\src\main.c(300): error:  #20: identifier "MESSAGE4" is undefined
".\Discover-More\Project.axf" - 6 Errors, 3 Warning(s).
Target not created
Build target 'Discover-More'
compiling main.c...
..\src\main.c(76): error:  #20: identifier "test" is undefined
..\src\main.c(76): error:  #20: identifier "xnetif" is undefined
..\src\main.c(121): warning:  #177-D: variable "NVIC_InitStructure" was declared but never referenced
..\src\main.c(212): warning:  #128-D: loop is not reachable
..\src\main.c(297): error:  #20: identifier "MESSAGE1" is undefined
..\src\main.c(298): error:  #20: identifier "MESSAGE2" is undefined
..\src\main.c(299): error:  #20: identifier "MESSAGE3" is undefined
..\src\main.c(300): error:  #20: identifier "MESSAGE4" is undefined
".\Discover-More\Project.axf" - 6 Errors, 2 Warning(s).
Target not created
Build target 'Discover-More'
compiling main.c...
..\src\main.c(100): warning:  #177-D: variable "NVIC_InitStructure" was declared but never referenced
..\src\main.c(191): warning:  #128-D: loop is not reachable
..\src\main.c(276): error:  #20: identifier "MESSAGE1" is undefined
..\src\main.c(277): error:  #20: identifier "MESSAGE2" is undefined
..\src\main.c(278): error:  #20: identifier "MESSAGE3" is undefined
..\src\main.c(279): error:  #20: identifier "MESSAGE4" is undefined
".\Discover-More\Project.axf" - 4 Errors, 2 Warning(s).
Target not created
Build target 'Discover-More'
compiling main.c...
..\src\main.c(57): warning:  #177-D: variable "NVIC_InitStructure" was declared but never referenced
..\src\main.c(148): warning:  #128-D: loop is not reachable
..\src\main.c(233): error:  #20: identifier "MESSAGE1" is undefined
..\src\main.c(234): error:  #20: identifier "MESSAGE2" is undefined
..\src\main.c(235): error:  #20: identifier "MESSAGE3" is undefined
..\src\main.c(236): error:  #20: identifier "MESSAGE4" is undefined
".\Discover-More\Project.axf" - 4 Errors, 2 Warning(s).
Target not created
Build target 'Discover-More'
compiling main.c...
..\src\main.c(57): warning:  #177-D: variable "NVIC_InitStructure" was declared but never referenced
..\src\main.c(148): warning:  #128-D: loop is not reachable
linking...
.\Discover-More\Project.axf: Error: L6218E: Undefined symbol LCD_LED_Init (referred from main.o).
".\Discover-More\Project.axf" - 1 Errors, 2 Warning(s).
Target not created
Build target 'Discover-More'
compiling main.c...
..\src\main.c(57): warning:  #177-D: variable "NVIC_InitStructure" was declared but never referenced
..\src\main.c(148): warning:  #128-D: loop is not reachable
linking...
.\Discover-More\Project.axf: Error: L6218E: Undefined symbol LCD_LED_Init (referred from main.o).
".\Discover-More\Project.axf" - 1 Errors, 2 Warning(s).
Target not created
Build target 'Discover-More'
compiling main.c...
..\src\main.c(57): warning:  #177-D: variable "NVIC_InitStructure" was declared but never referenced
..\src\main.c(148): warning:  #128-D: loop is not reachable
compiling LCD.c...
LCD.c(8): warning:  #223-D: function "STM_EVAL_LEDInit" declared implicitly
LCD.c(8): error:  #20: identifier "LED4" is undefined
LCD.c(19): warning:  #1-D: last line of file ends without a newline
".\Discover-More\Project.axf" - 1 Errors, 4 Warning(s).
Target not created
Build target 'Discover-More'
compiling main.c...
..\src\main.c(57): warning:  #177-D: variable "NVIC_InitStructure" was declared but never referenced
..\src\main.c(148): warning:  #128-D: loop is not reachable
compiling LCD.c...
LCD.c(8): warning:  #223-D: function "STM_EVAL_LEDInit" declared implicitly
LCD.c(8): error:  #20: identifier "LED4" is undefined
LCD.c(19): warning:  #1-D: last line of file ends without a newline
".\Discover-More\Project.axf" - 1 Errors, 4 Warning(s).
Target not created
Build target 'Discover-More'
compiling main.c...
..\src\main.c(57): warning:  #177-D: variable "NVIC_InitStructure" was declared but never referenced
..\src\main.c(148): warning:  #128-D: loop is not reachable
compiling LCD.c...
LCD.c(21): warning:  #1-D: last line of file ends without a newline
linking...
Program Size: Code=45774 RO-data=5262 RW-data=424 ZI-data=52792  
".\Discover-More\Project.axf" - 0 Errors, 3 Warning(s).
Build target 'Discover-More'
compiling LCD.c...
linking...
Program Size: Code=45774 RO-data=5262 RW-data=424 ZI-data=52792  
".\Discover-More\Project.axf" - 0 Errors, 0 Warning(s).
Build target 'Discover-More'
compiling main.c...
..\src\main.c(57): warning:  #177-D: variable "NVIC_InitStructure" was declared but never referenced
..\src\main.c(148): warning:  #128-D: loop is not reachable
..\src\main.c(182): warning:  #167-D: argument of type "u8 *" is incompatible with parameter of type "const signed char *const"
compiling LCD.c...
linking...
Program Size: Code=45774 RO-data=5262 RW-data=424 ZI-data=52792  
".\Discover-More\Project.axf" - 0 Errors, 3 Warning(s).
Build target 'Discover-More'
compiling main.c...
..\src\main.c(57): warning:  #177-D: variable "NVIC_InitStructure" was declared but never referenced
..\src\main.c(148): warning:  #128-D: loop is not reachable
linking...
Program Size: Code=45774 RO-data=5262 RW-data=424 ZI-data=52792  
".\Discover-More\Project.axf" - 0 Errors, 2 Warning(s).
