<html>
<body>
<pre>
<h1>µVision Build Log</h1>
<h2>Project:</h2>
C:\Users\User\Desktop\uVisionWorkspace\STM32F4-Discovery-measuring-card\Project\MDK-ARM\Project.uvproj
Project File Date:  07/26/2013

<h2>Output:</h2>
Rebuild target 'Discover-More'
compiling main.c...
..\src\main.c(39): warning:  #177-D: variable "NVIC_InitStructure" was declared but never referenced
..\src\main.c(151): warning:  #167-D: argument of type "volatile char *" is incompatible with parameter of type "char *restrict"
..\src\main.c(152): warning:  #167-D: argument of type "volatile char *" is incompatible with parameter of type "void *"
compiling system_stm32f4xx.c...
compiling stm32f4xx_it.c...
compiling netconf.c...
compiling stm32f4x7_eth_bsp.c...
compiling udpecho.c...
compiling tcpecho.c...
compiling LCD.c...
compiling stm32f4_discovery_lcd.c...
compiling stm32f4_discovery.c...
compiling stm32f4xx_usart.c...
compiling misc.c...
compiling stm32f4xx_adc.c...
compiling stm32f4xx_dma.c...
compiling stm32f4xx_exti.c...
compiling stm32f4xx_fsmc.c...
compiling stm32f4xx_gpio.c...
compiling stm32f4xx_rcc.c...
compiling stm32f4xx_sdio.c...
compiling stm32f4xx_syscfg.c...
compiling stm32f4xx_dac.c...
compiling stm32f4xx_tim.c...
compiling stm32f4x7_eth.c...
compiling api_lib.c...
compiling api_msg.c...
compiling err.c...
compiling netbuf.c...
compiling netdb.c...
compiling netifapi.c...
compiling sockets.c...
compiling tcpip.c...
compiling dhcp.c...
compiling dns.c...
compiling init.c...
compiling mem.c...
compiling memp.c...
compiling netif.c...
compiling pbuf.c...
compiling raw.c...
compiling stats.c...
compiling sys.c...
compiling tcp.c...
compiling tcp_in.c...
compiling tcp_out.c...
..\..\Utilities\lwip_v1.3.2\src\core\tcp_out.c(465): warning:  #550-D: variable "tcphdr" was set but never used
..\..\Utilities\lwip_v1.3.2\src\core\tcp_out.c(935): warning:  #550-D: variable "tcphdr" was set but never used
compiling udp.c...
compiling autoip.c...
compiling icmp.c...
compiling igmp.c...
compiling inet.c...
compiling inet_chksum.c...
compiling ip.c...
compiling ip_addr.c...
compiling ip_frag.c...
compiling etharp.c...
compiling loopif.c...
compiling slipif.c...
compiling ethernetif.c...
compiling sys_arch.c...
compiling croutine.c...
compiling list.c...
compiling queue.c...
compiling tasks.c...
compiling port.c...
compiling heap_2.c...
assembling startup_stm32f4xx.s...
linking...
Program Size: Code=45790 RO-data=5262 RW-data=428 ZI-data=53092  
".\Discover-More\Project.axf" - 0 Errors, 5 Warning(s).
Load "C:\\Users\\User\\Desktop\\uVisionWorkspace\\STM32F4-Discovery-measuring-card\\Project\\MDK-ARM\\Discover-More\\Project.axf" 
Build target 'Discover-More'
compiling system_stm32f4xx.c...
linking...
Program Size: Code=45790 RO-data=5262 RW-data=428 ZI-data=53092  
".\Discover-More\Project.axf" - 0 Errors, 0 Warning(s).
Load "C:\\Users\\User\\Desktop\\uVisionWorkspace\\STM32F4-Discovery-measuring-card\\Project\\MDK-ARM\\Discover-More\\Project.axf" 
Erase Done.
Programming Done.
Verify OK.
Application running ...
